###############################################################################
#
# IAR ELF Linker V8.32.3.193/W32 for ARM                  28/Apr/2021  22:15:50
# Copyright 2007-2019 IAR Systems AB.
#
#    Output file  =  G:\test\testtable\Elink_table\EWARM\eTable\Exe\eTable.out
#    Map file     =  G:\test\testtable\Elink_table\EWARM\eTable\List\eTable.map
#    Command line =  
#        -f C:\Users\LY-PC\AppData\Local\Temp\EW90E1.tmp
#        (G:\test\testtable\Elink_table\EWARM\eTable\Obj\adc.o
#        G:\test\testtable\Elink_table\EWARM\eTable\Obj\blecomm.o
#        G:\test\testtable\Elink_table\EWARM\eTable\Obj\cmsis_os2.o
#        G:\test\testtable\Elink_table\EWARM\eTable\Obj\croutine.o
#        G:\test\testtable\Elink_table\EWARM\eTable\Obj\dataconfig.o
#        G:\test\testtable\Elink_table\EWARM\eTable\Obj\event_groups.o
#        G:\test\testtable\Elink_table\EWARM\eTable\Obj\FontOpt.o
#        G:\test\testtable\Elink_table\EWARM\eTable\Obj\freertos.o
#        G:\test\testtable\Elink_table\EWARM\eTable\Obj\gpio.o
#        G:\test\testtable\Elink_table\Drivers\LIB\GT60L16M2K4_STM32L431CC_iar832_1629.a
#        G:\test\testtable\Elink_table\EWARM\eTable\Obj\GT60M2.o
#        G:\test\testtable\Elink_table\EWARM\eTable\Obj\heap_4.o
#        G:\test\testtable\Elink_table\EWARM\eTable\Obj\list.o
#        G:\test\testtable\Elink_table\EWARM\eTable\Obj\main.o
#        G:\test\testtable\Elink_table\EWARM\eTable\Obj\mbcrc.o
#        G:\test\testtable\Elink_table\EWARM\eTable\Obj\port.o
#        G:\test\testtable\Elink_table\EWARM\eTable\Obj\portasm.o
#        G:\test\testtable\Elink_table\EWARM\eTable\Obj\queue.o
#        G:\test\testtable\Elink_table\EWARM\eTable\Obj\rtc.o
#        G:\test\testtable\Elink_table\EWARM\eTable\Obj\spi.o
#        G:\test\testtable\Elink_table\EWARM\eTable\Obj\startup_stm32l431xx.o
#        G:\test\testtable\Elink_table\EWARM\eTable\Obj\stm32l4xx_hal.o
#        G:\test\testtable\Elink_table\EWARM\eTable\Obj\stm32l4xx_hal_adc.o
#        G:\test\testtable\Elink_table\EWARM\eTable\Obj\stm32l4xx_hal_adc_ex.o
#        G:\test\testtable\Elink_table\EWARM\eTable\Obj\stm32l4xx_hal_cortex.o
#        G:\test\testtable\Elink_table\EWARM\eTable\Obj\stm32l4xx_hal_dma.o
#        G:\test\testtable\Elink_table\EWARM\eTable\Obj\stm32l4xx_hal_dma_ex.o
#        G:\test\testtable\Elink_table\EWARM\eTable\Obj\stm32l4xx_hal_exti.o
#        G:\test\testtable\Elink_table\EWARM\eTable\Obj\stm32l4xx_hal_flash.o
#        G:\test\testtable\Elink_table\EWARM\eTable\Obj\stm32l4xx_hal_flash_ex.o
#        G:\test\testtable\Elink_table\EWARM\eTable\Obj\stm32l4xx_hal_flash_ramfunc.o
#        G:\test\testtable\Elink_table\EWARM\eTable\Obj\stm32l4xx_hal_gpio.o
#        G:\test\testtable\Elink_table\EWARM\eTable\Obj\stm32l4xx_hal_i2c.o
#        G:\test\testtable\Elink_table\EWARM\eTable\Obj\stm32l4xx_hal_i2c_ex.o
#        G:\test\testtable\Elink_table\EWARM\eTable\Obj\stm32l4xx_hal_msp.o
#        G:\test\testtable\Elink_table\EWARM\eTable\Obj\stm32l4xx_hal_pwr.o
#        G:\test\testtable\Elink_table\EWARM\eTable\Obj\stm32l4xx_hal_pwr_ex.o
#        G:\test\testtable\Elink_table\EWARM\eTable\Obj\stm32l4xx_hal_rcc.o
#        G:\test\testtable\Elink_table\EWARM\eTable\Obj\stm32l4xx_hal_rcc_ex.o
#        G:\test\testtable\Elink_table\EWARM\eTable\Obj\stm32l4xx_hal_rtc.o
#        G:\test\testtable\Elink_table\EWARM\eTable\Obj\stm32l4xx_hal_rtc_ex.o
#        G:\test\testtable\Elink_table\EWARM\eTable\Obj\stm32l4xx_hal_spi.o
#        G:\test\testtable\Elink_table\EWARM\eTable\Obj\stm32l4xx_hal_spi_ex.o
#        G:\test\testtable\Elink_table\EWARM\eTable\Obj\stm32l4xx_hal_tim.o
#        G:\test\testtable\Elink_table\EWARM\eTable\Obj\stm32l4xx_hal_tim_ex.o
#        G:\test\testtable\Elink_table\EWARM\eTable\Obj\stm32l4xx_hal_timebase_tim.o
#        G:\test\testtable\Elink_table\EWARM\eTable\Obj\stm32l4xx_hal_uart.o
#        G:\test\testtable\Elink_table\EWARM\eTable\Obj\stm32l4xx_hal_uart_ex.o
#        G:\test\testtable\Elink_table\EWARM\eTable\Obj\stm32l4xx_it.o
#        G:\test\testtable\Elink_table\EWARM\eTable\Obj\stream_buffer.o
#        G:\test\testtable\Elink_table\EWARM\eTable\Obj\system_stm32l4xx.o
#        G:\test\testtable\Elink_table\EWARM\eTable\Obj\tablesign.o
#        G:\test\testtable\Elink_table\EWARM\eTable\Obj\tasks.o
#        G:\test\testtable\Elink_table\EWARM\eTable\Obj\timers.o
#        G:\test\testtable\Elink_table\EWARM\eTable\Obj\usart.o
#        G:\test\testtable\Elink_table\EWARM\eTable\Obj\w25q128.o --redirect
#        _Printf=_PrintfFull --redirect _Scanf=_ScanfFull --no_out_extension -o
#        G:\test\testtable\Elink_table\EWARM\eTable\Exe\eTable.out --map
#        G:\test\testtable\Elink_table\EWARM\eTable\List\eTable.map --config
#        G:\test\testtable\Elink_table\EWARM/stm32l431xx_flash.icf
#        --semihosting --entry __iar_program_start --vfe --text_out locale)
#
###############################################################################

*******************************************************************************
*** RUNTIME MODEL ATTRIBUTES
***

CppFlavor       = *
__SystemLibrary = DLib
__dlib_version  = 6


*******************************************************************************
*** HEAP SELECTION
***

The basic heap was selected because no calls to memory allocation
functions were found in the application outside of system library
functions, and there are calls to deallocation functions in the
application.


*******************************************************************************
*** PLACEMENT SUMMARY
***

"A0":  place at 0x800'0000 { ro section .intvec };
"P1":  place in [from 0x800'0000 to 0x803'ffff] { ro };
define block CSTACK with size = 1K, alignment = 8 { };
define block HEAP with size = 512, alignment = 8 { };
"P2":  place in [from 0x2000'0000 to 0x2000'ffff] {
          rw, block CSTACK, block HEAP };
initialize by copy { rw };

  Section            Kind         Address    Size  Object
  -------            ----         -------    ----  ------
"A0":                                       0x18c
  .intvec            ro code   0x800'0000   0x18c  startup_stm32l431xx.o [1]
                             - 0x800'018c   0x18c

"P1":                                      0xe189
  .text              ro code   0x800'018c  0x3330  GT60L16M2K4.o [2]
  .text              ro code   0x800'34bc    0x9a  GT60M2.o [1]
  .text              ro code   0x800'3556    0x7a  lz77_init_single.o [5]
  .text              ro code   0x800'35d0     0x6  ABImemclr4.o [5]
  .text              ro code   0x800'35d6    0x3a  zero_init3.o [5]
  .text              ro code   0x800'3610   0xa10  stm32l4xx_hal_spi.o [1]
  .text              ro code   0x800'4020   0x3ae  stm32l4xx_hal_gpio.o [1]
  .text              ro code   0x800'43ce    0x1e  xencoding_8859_1.o [3]
  .text              ro code   0x800'43ec    0x32  ABImemset48.o [5]
  .rodata            const     0x800'441e     0x1  GT60L16M2K4.o [2]
  .rodata            const     0x800'441f     0x1  GT60L16M2K4.o [2]
  .text              ro code   0x800'4420   0x1d4  spi.o [1]
  .text              ro code   0x800'45f4     0xc  stm32l4xx_hal.o [1]
  .text              ro code   0x800'4600   0x11e  main.o [1]
  .text              ro code   0x800'4720    0x24  stm32l4xx_hal.o [1]
  .text              ro code   0x800'4744   0x148  gpio.o [1]
  .text              ro code   0x800'488c   0x15c  adc.o [1]
  .text              ro code   0x800'49e8    0x54  rtc.o [1]
  .text              ro code   0x800'4a3c   0x218  usart.o [1]
  .text              ro code   0x800'4c54   0x438  cmsis_os2.o [1]
  .text              ro code   0x800'508c   0x34c  freertos.o [1]
  .text              ro code   0x800'53d8    0x64  stm32l4xx_hal_pwr.o [1]
  .text              ro code   0x800'543c   0xa00  stm32l4xx_hal_rcc.o [1]
  .text              ro code   0x800'5e3c   0x4a0  stm32l4xx_hal_rcc_ex.o [1]
  .text              ro code   0x800'62dc    0xfc  stm32l4xx_hal_pwr_ex.o [1]
  .text              ro code   0x800'63d8    0x18  stm32l4xx_hal.o [1]
  .text              ro code   0x800'63f0   0x170  stm32l4xx_hal_cortex.o [1]
  .text              ro code   0x800'6560    0xb4  stm32l4xx_hal_timebase_tim.o [1]
  .text              ro code   0x800'6614    0x38  stm32l4xx_hal_msp.o [1]
  .text              ro code   0x800'664c   0xbec  stm32l4xx_hal_adc.o [1]
  .text              ro code   0x800'7238   0x19c  stm32l4xx_hal_rtc.o [1]
  .text              ro code   0x800'73d4   0xa1a  stm32l4xx_hal_uart.o [1]
  .text              ro code   0x800'7df0   0xa6c  tasks.o [1]
  .text              ro code   0x800'885c   0x87c  queue.o [1]
  .text              ro code   0x800'90d8    0x66  ABImemset.o [5]
  .text              ro code   0x800'9140   0xc5c  dataconfig.o [1]
  .text              ro code   0x800'9d9c    0x28  printf.o [3]
  .text              ro code   0x800'9dc4   0x940  tablesign.o [1]
  .text              ro code   0x800'a704   0x30a  stm32l4xx_hal_tim.o [1]
  .text              ro code   0x800'aa10    0x5e  stm32l4xx_hal_dma.o [1]
  .text              ro code   0x800'aa6e     0x2  stm32l4xx_hal_uart.o [1]
  .text              ro code   0x800'aa70     0x2  stm32l4xx_hal_uart_ex.o [1]
  .text              ro code   0x800'aa74   0x230  I64DivMod.o [5]
  .text              ro code   0x800'aca4     0x2  stm32l4xx_hal_uart.o [1]
  .text              ro code   0x800'aca6     0x2  stm32l4xx_hal_uart.o [1]
  .text              ro code   0x800'aca8   0x274  heap_4.o [1]
  .text              ro code   0x800'af1c    0x9a  list.o [1]
  .text              ro code   0x800'afb8   0x25c  port.o [1]
  .text              ro code   0x800'b214   0x4d4  timers.o [1]
  .text              ro code   0x800'b6e8    0xa6  ABImemcpy.o [5]
  .text              ro code   0x800'b790   0x1ec  FontOpt.o [1]
  .text              ro code   0x800'b97c    0x44  mbcrc.o [1]
  .text              ro code   0x800'b9c0   0x1a4  w25q128.o [1]
  .text              ro code   0x800'bb64    0x1c  blecomm.o [1]
  .text              ro code   0x800'bb80   0xf46  xprintffull.o [3]
  .text              ro code   0x800'cac8    0x28  stm32l4xx_hal.o [1]
  .text              ro code   0x800'caf0     0x2  stm32l4xx_hal_tim.o [1]
  .text              ro code   0x800'caf2     0x2  stm32l4xx_hal_tim.o [1]
  .text              ro code   0x800'caf4     0x2  stm32l4xx_hal_tim.o [1]
  .text              ro code   0x800'caf6     0x2  stm32l4xx_hal_tim_ex.o [1]
  .text              ro code   0x800'caf8     0x2  stm32l4xx_hal_tim_ex.o [1]
  .text              ro code   0x800'cafa     0x2  stm32l4xx_hal_tim.o [1]
  .text              ro code   0x800'cafc     0x2  stm32l4xx_hal_tim_ex.o [1]
  .text              ro code   0x800'cb00     0x2  I64DivZer.o [5]
  CODE               ro code   0x800'cb04    0xb0  portasm.o [1]
  .text              ro code   0x800'cbb4    0x78  xlocale_c.o [3]
  .text              ro code   0x800'cc2c    0x16  strchr.o [5]
  .text              ro code   0x800'cc44    0x40  xfail_s.o [3]
  .text              ro code   0x800'cc84    0x36  strlen.o [5]
  .text              ro code   0x800'ccbc    0x58  memchr.o [5]
  .text              ro code   0x800'cd14     0xa  xmbcurmax.o [3]
  .text              ro code   0x800'cd20   0x1a2  DblMul.o [4]
  .text              ro code   0x800'cec4    0x70  frexp.o [4]
  .text              ro code   0x800'cf34    0x2e  DblCmpLe.o [4]
  .text              ro code   0x800'cf64    0x2e  DblCmpGe.o [4]
  .text              ro code   0x800'cf94   0x13a  ldexp.o [4]
  .text              ro code   0x800'd0d0    0x3a  DblToS32.o [4]
  .text              ro code   0x800'd10c    0x22  S32ToDbl.o [4]
  .text              ro code   0x800'd130    0xe2  DblSub.o [4]
  .text              ro code   0x800'd214   0x246  DblDiv.o [4]
  .text              ro code   0x800'd45c    0x28  DblToU32.o [4]
  .text              ro code   0x800'd484    0x1a  U32ToDbl.o [4]
  .text              ro code   0x800'd49e     0x6  abort.o [3]
  .text              ro code   0x800'd4a4   0x16a  DblAdd.o [4]
  .text              ro code   0x800'd610    0x14  exit.o [6]
  .rodata            const     0x800'd624   0x100  mbcrc.o [1]
  .rodata            const     0x800'd724   0x100  mbcrc.o [1]
  .text              ro code   0x800'd824    0x84  stm32l4xx_it.o [1]
  .text              ro code   0x800'd8a8    0x60  system_stm32l4xx.o [1]
  .rodata            const     0x800'd908    0x58  dataconfig.o [1]
  .rodata            const     0x800'd960    0x40  dataconfig.o [1]
  .rodata            const     0x800'd9a0    0x3c  dataconfig.o [1]
  .rodata            const     0x800'd9dc    0x38  dataconfig.o [1]
  .rodata            const     0x800'da14    0x38  tablesign.o [1]
  .rodata            const     0x800'da4c    0x34  dataconfig.o [1]
  .rodata            const     0x800'da80    0x34  dataconfig.o [1]
  .rodata            const     0x800'dab4    0x34  dataconfig.o [1]
  .rodata            const     0x800'dae8    0x30  dataconfig.o [1]
  .rodata            const     0x800'db18    0x30  dataconfig.o [1]
  .rodata            const     0x800'db48    0x30  dataconfig.o [1]
  .rodata            const     0x800'db78    0x30  dataconfig.o [1]
  .rodata            const     0x800'dba8    0x30  dataconfig.o [1]
  .rodata            const     0x800'dbd8    0x30  freertos.o [1]
  .rodata            const     0x800'dc08    0x30  system_stm32l4xx.o [1]
  .rodata            const     0x800'dc38    0x2c  dataconfig.o [1]
  .rodata            const     0x800'dc64    0x2c  dataconfig.o [1]
  .rodata            const     0x800'dc90    0x2c  dataconfig.o [1]
  .rodata            const     0x800'dcbc    0x28  dataconfig.o [1]
  .rodata            const     0x800'dce4    0x28  dataconfig.o [1]
  .rodata            const     0x800'dd0c    0x28  freertos.o [1]
  .rodata            const     0x800'dd34    0x28  tablesign.o [1]
  .rodata            const     0x800'dd5c    0x28  tablesign.o [1]
  .rodata            const     0x800'dd84    0x28  tablesign.o [1]
  .text              ro code   0x800'ddac    0x28  data_init.o [5]
  .rodata            const     0x800'ddd4    0x24  dataconfig.o [1]
  .rodata            const     0x800'ddf8    0x24  dataconfig.o [1]
  .rodata            const     0x800'de1c    0x24  dataconfig.o [1]
  .rodata            const     0x800'de40    0x24  dataconfig.o [1]
  .rodata            const     0x800'de64    0x24  dataconfig.o [1]
  .rodata            const     0x800'de88    0x24  dataconfig.o [1]
  .rodata            const     0x800'deac    0x24  freertos.o [1]
  .rodata            const     0x800'ded0    0x24  freertos.o [1]
  .rodata            const     0x800'def4    0x24  freertos.o [1]
  .rodata            const     0x800'df18    0x24  GT60L16M2K4.o [2]
  .text              ro code   0x800'df3c    0x22  fpinit_M.o [4]
  .iar.init_table    const     0x800'df60    0x20  - Linker created -
  .rodata            const     0x800'df80    0x20  dataconfig.o [1]
  .rodata            const     0x800'dfa0    0x20  freertos.o [1]
  .rodata            const     0x800'dfc0    0x20  GT60L16M2K4.o [2]
  .text              ro code   0x800'dfe0    0x1e  cmain.o [5]
  .text              ro code   0x800'dffe     0x4  low_level_init.o [3]
  .text              ro code   0x800'e002     0x4  exit.o [3]
  .text              ro code   0x800'e008     0xa  cexit.o [5]
  .rodata            const     0x800'e014    0x1c  dataconfig.o [1]
  .rodata            const     0x800'e030    0x1c  stm32l4xx_it.o [1]
  .rodata            const     0x800'e04c    0x18  dataconfig.o [1]
  .rodata            const     0x800'e064    0x18  freertos.o [1]
  .rodata            const     0x800'e07c    0x18  freertos.o [1]
  .text              ro code   0x800'e094    0x16  xprout.o [3]
  .text              ro code   0x800'e0ac     0xc  putchar.o [3]
  .rodata            const     0x800'e0b8    0x14  dataconfig.o [1]
  .rodata            const     0x800'e0cc    0x14  dataconfig.o [1]
  .rodata            const     0x800'e0e0    0x10  dataconfig.o [1]
  .rodata            const     0x800'e0f0    0x10  freertos.o [1]
  .rodata            const     0x800'e100    0x10  freertos.o [1]
  .rodata            const     0x800'e110    0x10  system_stm32l4xx.o [1]
  .text              ro code   0x800'e120    0x10  startup_stm32l431xx.o [1]
  .rodata            const     0x800'e130     0xc  dataconfig.o [1]
  .rodata            const     0x800'e13c     0xc  freertos.o [1]
  .rodata            const     0x800'e148     0xc  tablesign.o [1]
  .text              ro code   0x800'e154     0xc  cstartup_M.o [5]
  .rodata            const     0x800'e160     0x8  dataconfig.o [1]
  .rodata            const     0x800'e168     0x8  system_stm32l4xx.o [1]
  .rodata            const     0x800'e170     0x8  tasks.o [1]
  .rodata            const     0x800'e178     0x8  timers.o [1]
  .rodata            const     0x800'e180     0x8  timers.o [1]
  .rodata            const     0x800'e188     0x6  xlocale_c.o [3]
  .rodata            const     0x800'e190     0x4  heap_4.o [1]
  .rodata            const     0x800'e194     0x4  port.o [1]
  .text              ro code   0x800'e198     0x4  startup_stm32l431xx.o [1]
  .text              ro code   0x800'e19c     0x4  startup_stm32l431xx.o [1]
  .text              ro code   0x800'e1a0     0x4  startup_stm32l431xx.o [1]
  .text              ro code   0x800'e1a4     0x4  startup_stm32l431xx.o [1]
  .text              ro code   0x800'e1a8     0x4  startup_stm32l431xx.o [1]
  .text              ro code   0x800'e1ac     0x4  startup_stm32l431xx.o [1]
  .text              ro code   0x800'e1b0     0x4  startup_stm32l431xx.o [1]
  .text              ro code   0x800'e1b4     0x4  startup_stm32l431xx.o [1]
  .text              ro code   0x800'e1b8     0x4  startup_stm32l431xx.o [1]
  .text              ro code   0x800'e1bc     0x4  startup_stm32l431xx.o [1]
  .text              ro code   0x800'e1c0     0x4  startup_stm32l431xx.o [1]
  .text              ro code   0x800'e1c4     0x4  startup_stm32l431xx.o [1]
  .text              ro code   0x800'e1c8     0x4  startup_stm32l431xx.o [1]
  .text              ro code   0x800'e1cc     0x4  startup_stm32l431xx.o [1]
  .text              ro code   0x800'e1d0     0x4  startup_stm32l431xx.o [1]
  .text              ro code   0x800'e1d4     0x4  startup_stm32l431xx.o [1]
  .text              ro code   0x800'e1d8     0x4  startup_stm32l431xx.o [1]
  .text              ro code   0x800'e1dc     0x4  startup_stm32l431xx.o [1]
  .text              ro code   0x800'e1e0     0x4  startup_stm32l431xx.o [1]
  .text              ro code   0x800'e1e4     0x4  startup_stm32l431xx.o [1]
  .text              ro code   0x800'e1e8     0x4  startup_stm32l431xx.o [1]
  .text              ro code   0x800'e1ec     0x4  startup_stm32l431xx.o [1]
  .text              ro code   0x800'e1f0     0x4  startup_stm32l431xx.o [1]
  .text              ro code   0x800'e1f4     0x4  startup_stm32l431xx.o [1]
  .text              ro code   0x800'e1f8     0x4  startup_stm32l431xx.o [1]
  .text              ro code   0x800'e1fc     0x4  startup_stm32l431xx.o [1]
  .text              ro code   0x800'e200     0x4  startup_stm32l431xx.o [1]
  .text              ro code   0x800'e204     0x4  startup_stm32l431xx.o [1]
  .text              ro code   0x800'e208     0x4  startup_stm32l431xx.o [1]
  .text              ro code   0x800'e20c     0x4  startup_stm32l431xx.o [1]
  .text              ro code   0x800'e210     0x4  startup_stm32l431xx.o [1]
  .text              ro code   0x800'e214     0x4  startup_stm32l431xx.o [1]
  .text              ro code   0x800'e218     0x4  startup_stm32l431xx.o [1]
  .text              ro code   0x800'e21c     0x4  startup_stm32l431xx.o [1]
  .text              ro code   0x800'e220     0x4  startup_stm32l431xx.o [1]
  .text              ro code   0x800'e224     0x4  startup_stm32l431xx.o [1]
  .text              ro code   0x800'e228     0x4  startup_stm32l431xx.o [1]
  .text              ro code   0x800'e22c     0x4  startup_stm32l431xx.o [1]
  .text              ro code   0x800'e230     0x4  startup_stm32l431xx.o [1]
  .text              ro code   0x800'e234     0x4  startup_stm32l431xx.o [1]
  .text              ro code   0x800'e238     0x4  startup_stm32l431xx.o [1]
  .text              ro code   0x800'e23c     0x4  startup_stm32l431xx.o [1]
  .text              ro code   0x800'e240     0x4  startup_stm32l431xx.o [1]
  .text              ro code   0x800'e244     0x4  startup_stm32l431xx.o [1]
  .text              ro code   0x800'e248     0x4  startup_stm32l431xx.o [1]
  .text              ro code   0x800'e24c     0x4  startup_stm32l431xx.o [1]
  .text              ro code   0x800'e250     0x4  startup_stm32l431xx.o [1]
  .text              ro code   0x800'e254     0x4  startup_stm32l431xx.o [1]
  .text              ro code   0x800'e258     0x4  startup_stm32l431xx.o [1]
  .text              ro code   0x800'e25c     0x4  startup_stm32l431xx.o [1]
  .text              ro code   0x800'e260     0x4  startup_stm32l431xx.o [1]
  .text              ro code   0x800'e264     0x4  startup_stm32l431xx.o [1]
  .text              ro code   0x800'e268     0x4  startup_stm32l431xx.o [1]
  .text              ro code   0x800'e26c     0x4  startup_stm32l431xx.o [1]
  .text              ro code   0x800'e270     0x4  startup_stm32l431xx.o [1]
  .text              ro code   0x800'e274     0x4  startup_stm32l431xx.o [1]
  .text              ro code   0x800'e278     0x4  startup_stm32l431xx.o [1]
  .text              ro code   0x800'e27c     0x4  startup_stm32l431xx.o [1]
  .text              ro code   0x800'e280     0x4  startup_stm32l431xx.o [1]
  .text              ro code   0x800'e284     0x4  startup_stm32l431xx.o [1]
  .text              ro code   0x800'e288     0x4  startup_stm32l431xx.o [1]
  .rodata            const     0x800'e28c     0x0  zero_init3.o [5]
  .rodata            const     0x800'e28c     0x0  lz77_init_single.o [5]
  Initializer bytes  const     0x800'e28c    0x89  <for P2-1>
                             - 0x800'e315  0xe189

"P2", part 1 of 3:                          0x127
  P2-1                        0x2000'0000   0x127  <Init block>
    .data            inited   0x2000'0000     0x4  port.o [1]
    .data            inited   0x2000'0004     0x4  stm32l4xx_hal.o [1]
    .data            inited   0x2000'0008     0x4  system_stm32l4xx.o [1]
    .data            inited   0x2000'000c    0x20  GT60L16M2K4.o [2]
    .data            inited   0x2000'002c    0x14  GT60L16M2K4.o [2]
    .data            inited   0x2000'0040    0x14  GT60L16M2K4.o [2]
    .data            inited   0x2000'0054     0x4  GT60L16M2K4.o [2]
    .data            inited   0x2000'0058     0x4  GT60L16M2K4.o [2]
    .data            inited   0x2000'005c    0x38  xlocale_c.o [3]
    .data            inited   0x2000'0094    0x48  xlocale_c.o [3]
    .data            inited   0x2000'00dc    0x48  xfiles.o [3]
    .data            inited   0x2000'0124     0x1  blecomm.o [1]
    .data            inited   0x2000'0125     0x1  dataconfig.o [1]
    .data            inited   0x2000'0126     0x1  stm32l4xx_hal.o [1]
                            - 0x2000'0127   0x127

"P2", part 2 of 3:                         0x97b8
  .bss               zero     0x2000'0128  0x5dc0  heap_4.o [1]
  .bss               zero     0x2000'5ee8  0x1200  freertos.o [1]
  .bss               zero     0x2000'70e8   0xa80  GT60L16M2K4.o [2]
  .bss               zero     0x2000'7b68   0x464  freertos.o [1]
  .bss               zero     0x2000'7fcc   0x460  tasks.o [1]
  .bss               zero     0x2000'842c   0x400  cmsis_os2.o [1]
  .bss               zero     0x2000'882c   0x2e4  GT60L16M2K4.o [2]
  .bss               zero     0x2000'8b10   0x2e4  GT60L16M2K4.o [2]
  .bss               zero     0x2000'8df4   0x240  GT60L16M2K4.o [2]
  .bss               zero     0x2000'9034   0x200  cmsis_os2.o [1]
  .bss               zero     0x2000'9234    0xa0  timers.o [1]
  .bss               zero     0x2000'92d4    0x80  usart.o [1]
  .bss               zero     0x2000'9354    0x80  usart.o [1]
  .bss               zero     0x2000'93d4    0x80  usart.o [1]
  .bss               zero     0x2000'9454    0x64  adc.o [1]
  .bss               zero     0x2000'94b8    0x64  spi.o [1]
  .bss               zero     0x2000'951c    0x64  spi.o [1]
  .bss               zero     0x2000'9580    0x5c  cmsis_os2.o [1]
  .bss               zero     0x2000'95dc    0x5c  cmsis_os2.o [1]
  .bss               zero     0x2000'9638    0x50  timers.o [1]
  .bss               zero     0x2000'9688    0x50  xfiles.o [3]
  .bss               zero     0x2000'96d8    0x4c  stm32l4xx_hal_timebase_tim.o [1]
  .bss               zero     0x2000'9724    0x40  queue.o [1]
  .bss               zero     0x2000'9764    0x24  rtc.o [1]
  .bss               zero     0x2000'9788    0x14  tasks.o [1]
  .bss               zero     0x2000'979c    0x14  tasks.o [1]
  .bss               zero     0x2000'97b0    0x14  tasks.o [1]
  .bss               zero     0x2000'97c4    0x14  tasks.o [1]
  .bss               zero     0x2000'97d8    0x14  tasks.o [1]
  .bss               zero     0x2000'97ec    0x14  timers.o [1]
  .bss               zero     0x2000'9800    0x14  timers.o [1]
  .bss               zero     0x2000'9814     0xc  dataconfig.o [1]
  .bss               zero     0x2000'9820     0x8  heap_4.o [1]
  .bss               zero     0x2000'9828     0x4  cmsis_os2.o [1]
  .bss               zero     0x2000'982c     0x4  dataconfig.o [1]
  .bss               zero     0x2000'9830     0x4  dataconfig.o [1]
  .bss               zero     0x2000'9834     0x4  freertos.o [1]
  .bss               zero     0x2000'9838     0x4  freertos.o [1]
  .bss               zero     0x2000'983c     0x4  freertos.o [1]
  .bss               zero     0x2000'9840     0x4  freertos.o [1]
  .bss               zero     0x2000'9844     0x4  heap_4.o [1]
  .bss               zero     0x2000'9848     0x4  heap_4.o [1]
  .bss               zero     0x2000'984c     0x4  heap_4.o [1]
  .bss               zero     0x2000'9850     0x4  heap_4.o [1]
  .bss               zero     0x2000'9854     0x4  port.o [1]
  .bss               zero     0x2000'9858     0x4  stm32l4xx_hal.o [1]
  .bss               zero     0x2000'985c     0x4  tasks.o [1]
  .bss               zero     0x2000'9860     0x4  tasks.o [1]
  .bss               zero     0x2000'9864     0x4  tasks.o [1]
  .bss               zero     0x2000'9868     0x4  tasks.o [1]
  .bss               zero     0x2000'986c     0x4  tasks.o [1]
  .bss               zero     0x2000'9870     0x4  tasks.o [1]
  .bss               zero     0x2000'9874     0x4  tasks.o [1]
  .bss               zero     0x2000'9878     0x4  tasks.o [1]
  .bss               zero     0x2000'987c     0x4  tasks.o [1]
  .bss               zero     0x2000'9880     0x4  tasks.o [1]
  .bss               zero     0x2000'9884     0x4  tasks.o [1]
  .bss               zero     0x2000'9888     0x4  tasks.o [1]
  .bss               zero     0x2000'988c     0x4  tasks.o [1]
  .bss               zero     0x2000'9890     0x4  tasks.o [1]
  .bss               zero     0x2000'9894     0x4  tasks.o [1]
  .bss               zero     0x2000'9898     0x4  timers.o [1]
  .bss               zero     0x2000'989c     0x4  timers.o [1]
  .bss               zero     0x2000'98a0     0x4  timers.o [1]
  .bss               zero     0x2000'98a4     0x4  timers.o [1]
  .bss               zero     0x2000'98a8     0x4  timers.o [1]
  .bss               zero     0x2000'98ac     0x4  GT60L16M2K4.o [2]
  .bss               zero     0x2000'98b0     0x4  GT60L16M2K4.o [2]
  .bss               zero     0x2000'98b4     0x4  GT60L16M2K4.o [2]
  .bss               zero     0x2000'98b8     0x4  GT60L16M2K4.o [2]
  .bss               zero     0x2000'98bc     0x4  GT60L16M2K4.o [2]
  .bss               zero     0x2000'98c0     0x4  GT60L16M2K4.o [2]
  .bss               zero     0x2000'98c4     0x4  GT60L16M2K4.o [2]
  .bss               zero     0x2000'98c8     0x4  GT60L16M2K4.o [2]
  .bss               zero     0x2000'98cc     0x4  xfail_s.o [3]
  .bss               zero     0x2000'98d0     0x2  dataconfig.o [1]
  .bss               zero     0x2000'98d2     0x1  dataconfig.o [1]
  .bss               zero     0x2000'98d3     0x1  dataconfig.o [1]
  .bss               zero     0x2000'98d4     0x1  dataconfig.o [1]
  .bss               zero     0x2000'98d5     0x1  dataconfig.o [1]
  .bss               zero     0x2000'98d6     0x1  freertos.o [1]
  .bss               zero     0x2000'98d7     0x1  port.o [1]
  .bss               zero     0x2000'98d8     0x1  tablesign.o [1]
  .bss               zero     0x2000'98d9     0x1  GT60L16M2K4.o [2]
  .bss               zero     0x2000'98da     0x1  GT60L16M2K4.o [2]
  .bss               zero     0x2000'98db     0x1  GT60L16M2K4.o [2]
  .bss               zero     0x2000'98dc     0x1  GT60L16M2K4.o [2]
                            - 0x2000'98dd  0x97b5

"P2", part 3 of 3:                          0x400
  CSTACK                      0x2000'98e0   0x400  <Block>
    CSTACK           uninit   0x2000'98e0   0x400  <Block tail>
                            - 0x2000'9ce0   0x400

Unused ranges:

         From           To      Size
         ----           --      ----
   0x800'e315   0x803'ffff  0x3'1ceb
  0x2000'0127  0x2000'0127       0x1
  0x2000'9ce0  0x2000'ffff    0x6320


*******************************************************************************
*** INIT TABLE
***

          Address      Size
          -------      ----
Zero (__iar_zero_init3)
    1 destination range, total size 0x97b5:
          0x2000'0128  0x97b5

Copy/lz77 (__iar_lz77_init_single3)
    1 source range, total size 0x89 (46% of destination):
           0x800'e28c    0x89
    1 destination range, total size 0x127:
          0x2000'0000   0x127



*******************************************************************************
*** MODULE SUMMARY
***

    Module                        ro code  ro data  rw data
    ------                        -------  -------  -------
command line/config:
    -------------------------------------------------------
    Total:

G:\test\testtable\Elink_table\EWARM\eTable\Obj: [1]
    FontOpt.o                         492
    GT60M2.o                          154
    adc.o                             348               100
    blecomm.o                          28        1        1
    cmsis_os2.o                     1 080             1 724
    dataconfig.o                    3 164    1 252       27
    freertos.o                        844      320    5 749
    gpio.o                            328
    heap_4.o                          628        4   24 024
    list.o                            154
    main.o                            286
    mbcrc.o                            68      512
    port.o                            604        5        9
    portasm.o                         176
    queue.o                         2 172                64
    rtc.o                              84                36
    spi.o                             468               200
    startup_stm32l431xx.o             656
    stm32l4xx_hal.o                   112        3        9
    stm32l4xx_hal_adc.o             3 052
    stm32l4xx_hal_cortex.o            368
    stm32l4xx_hal_dma.o                94
    stm32l4xx_hal_gpio.o              942
    stm32l4xx_hal_msp.o                56
    stm32l4xx_hal_pwr.o               100
    stm32l4xx_hal_pwr_ex.o            252
    stm32l4xx_hal_rcc.o             2 560
    stm32l4xx_hal_rcc_ex.o          1 184
    stm32l4xx_hal_rtc.o               412
    stm32l4xx_hal_spi.o             2 576
    stm32l4xx_hal_tim.o               786
    stm32l4xx_hal_tim_ex.o              6
    stm32l4xx_hal_timebase_tim.o      180                76
    stm32l4xx_hal_uart.o            2 592
    stm32l4xx_hal_uart_ex.o             2
    stm32l4xx_it.o                    132       28
    system_stm32l4xx.o                 96       74        4
    tablesign.o                     2 368      188        1
    tasks.o                         2 668        8    1 280
    timers.o                        1 236       16      300
    usart.o                           536               384
    w25q128.o                         420
    -------------------------------------------------------
    Total:                         34 464    2 411   33 988

GT60L16M2K4_STM32L431CC_iar832_1629.a: [2]
    GT60L16M2K4.o                  13 104      107    4 860
    -------------------------------------------------------
    Total:                         13 104      107    4 860

dl7M_tlf.a: [3]
    abort.o                             6
    exit.o                              4
    low_level_init.o                    4
    printf.o                           40
    putchar.o                          12
    xencoding_8859_1.o                 30
    xfail_s.o                          64                 4
    xfiles.o                                    33      152
    xlocale_c.o                       120       66      128
    xmbcurmax.o                        10
    xprintffull.o                   3 910
    xprout.o                           22
    -------------------------------------------------------
    Total:                          4 222       99      284

m7M_tls.a: [4]
    DblAdd.o                          362
    DblCmpGe.o                         46
    DblCmpLe.o                         46
    DblDiv.o                          582
    DblMul.o                          418
    DblSub.o                          226
    DblToS32.o                         58
    DblToU32.o                         40
    S32ToDbl.o                         34
    U32ToDbl.o                         26
    fpinit_M.o                         34
    frexp.o                           112
    ldexp.o                           314
    -------------------------------------------------------
    Total:                          2 298

rt7M_tl.a: [5]
    ABImemclr4.o                        6
    ABImemcpy.o                       166
    ABImemset.o                       102
    ABImemset48.o                      50
    I64DivMod.o                       560
    I64DivZer.o                         2
    cexit.o                            10
    cmain.o                            30
    cstartup_M.o                       12
    data_init.o                        40
    lz77_init_single.o                122
    memchr.o                           88
    strchr.o                           22
    strlen.o                           54
    zero_init3.o                       58
    -------------------------------------------------------
    Total:                          1 322

shb_l.a: [6]
    exit.o                             20
    -------------------------------------------------------
    Total:                             20

    Gaps                               48        6
    Linker created                              32    1 024
-----------------------------------------------------------
    Grand Total:                   55 478    2 655   40 156


*******************************************************************************
*** ENTRY LIST
***

Entry                       Address    Size  Type      Object
-----                       -------    ----  ----      ------
.iar.init_table$$Base    0x800'df60           --   Gb  - Linker created -
.iar.init_table$$Limit   0x800'df80           --   Gb  - Linker created -
?main                    0x800'dfe1          Code  Gb  cmain.o [5]
ADC_ConversionStop       0x800'702d    0xf8  Code  Gb  stm32l4xx_hal_adc.o [1]
ADC_DeInit               0x800'49cb     0xa  Code  Gb  adc.o [1]
ADC_Disable              0x800'71c1    0x78  Code  Gb  stm32l4xx_hal_adc.o [1]
ADC_Enable               0x800'714d    0x74  Code  Gb  stm32l4xx_hal_adc.o [1]
ADC_Init                 0x800'49c1     0xa  Code  Gb  adc.o [1]
AHBPrescTable            0x800'e110    0x10  Data  Gb  system_stm32l4xx.o [1]
APBPrescTable            0x800'e168     0x8  Data  Gb  system_stm32l4xx.o [1]
ASCII_GB18030            0x800'2c0f   0x25c  Code  Lc  GT60L16M2K4.o [2]
Analyze_Wirle_Data       0x800'98c1   0x36c  Code  Gb  dataconfig.o [1]
BLEUart2RxCnt           0x2000'9834     0x4  Data  Gb  freertos.o [1]
BLEUart2RxData          0x2000'7b68   0x464  Data  Gb  freertos.o [1]
BLE_Answer_Data          0x800'97f3    0x12  Code  Gb  dataconfig.o [1]
BLE_Answer_Type          0x800'9805    0x1a  Code  Gb  dataconfig.o [1]
BLE_Send_Data            0x800'bb65    0x1c  Code  Gb  blecomm.o [1]
BLE_handle_uartirq       0x800'5281    0x12  Code  Gb  freertos.o [1]
BSpline                  0x800'19b9   0x436  Code  Lc  GT60L16M2K4.o [2]
BhOffset                0x2000'98c0     0x4  Data  Lc  GT60L16M2K4.o [2]
BusFault_Handler         0x800'd83d     0x2  Code  Gb  stm32l4xx_it.o [1]
CSTACK$$Base            0x2000'98e0           --   Gb  - Linker created -
CSTACK$$Limit           0x2000'9ce0           --   Gb  - Linker created -
CacheMore                0x800'cbb9    0x24  Code  Lc  xlocale_c.o [3]
CheckTableBusy           0x800'a005    0x9a  Code  Gb  tablesign.o [1]
Check_Data_CRC           0x800'93a9    0x5e  Code  Gb  dataconfig.o [1]
ClearScanData            0x800'1543    0x40  Code  Lc  GT60L16M2K4.o [2]
ConfigdisTaskHandle     0x2000'983c     0x4  Data  Gb  freertos.o [1]
ConfigdisTask_attributes
                         0x800'def4    0x24  Data  Gb  freertos.o [1]
DebugMon_Handler         0x800'd841     0x2  Code  Gb  stm32l4xx_it.o [1]
Display_Pic_Write        0x800'a38d   0x1b0  Code  Gb  tablesign.o [1]
Display_Pix_Write        0x800'a09f   0x2ee  Code  Gb  tablesign.o [1]
Displayflag             0x2000'98d8     0x1  Data  Gb  tablesign.o [1]
Draw_fh                  0x800'30e9   0x11e  Code  Lc  GT60L16M2K4.o [2]
Draw_hz                  0x800'2e8d   0x25c  Code  Lc  GT60L16M2K4.o [2]
EXTI3_IRQHandler         0x800'd899    0x10  Code  Gb  stm32l4xx_it.o [1]
End_ADC1_work            0x800'4995     0xa  Code  Gb  adc.o [1]
Error_Handler            0x800'471d     0x2  Code  Gb  main.o [1]
FhDaOffset              0x2000'98b4     0x4  Data  Lc  GT60L16M2K4.o [2]
FhIdOffset              0x2000'98b0     0x4  Data  Lc  GT60L16M2K4.o [2]
GT60M2_Read_byte         0x800'34cd    0x20  Code  Gb  GT60M2.o [1]
GT60M2_Write_byte        0x800'34bd    0x10  Code  Gb  GT60M2.o [1]
GetBLETask               0x800'50c1    0x68  Code  Gb  freertos.o [1]
Get_ADC1_Value           0x800'499f    0x22  Code  Gb  adc.o [1]
Get_pic_Addr             0x800'97a3    0x50  Code  Gb  dataconfig.o [1]
HAL_ADC_ConfigChannel    0x800'6b8b   0x498  Code  Gb  stm32l4xx_hal_adc.o [1]
HAL_ADC_GetState         0x800'7029     0x4  Code  Gb  stm32l4xx_hal_adc.o [1]
HAL_ADC_GetValue         0x800'6b85     0x6  Code  Gb  stm32l4xx_hal_adc.o [1]
HAL_ADC_Init             0x800'67f9   0x1dc  Code  Gb  stm32l4xx_hal_adc.o [1]
HAL_ADC_MspDeInit        0x800'496b    0x20  Code  Gb  adc.o [1]
HAL_ADC_MspInit          0x800'4917    0x54  Code  Gb  adc.o [1]
HAL_ADC_PollForConversion
                         0x800'6aaf    0xae  Code  Gb  stm32l4xx_hal_adc.o [1]
HAL_ADC_Start            0x800'69d5    0x8a  Code  Gb  stm32l4xx_hal_adc.o [1]
HAL_ADC_Stop             0x800'6a5f    0x50  Code  Gb  stm32l4xx_hal_adc.o [1]
HAL_DMA_Abort_IT         0x800'aa11    0x5e  Code  Gb  stm32l4xx_hal_dma.o [1]
HAL_Delay                0x800'cac9    0x28  Code  Wk  stm32l4xx_hal.o [1]
HAL_GPIO_DeInit          0x800'41eb   0x166  Code  Gb  stm32l4xx_hal_gpio.o [1]
HAL_GPIO_EXTI_IRQHandler
                         0x800'437f    0x20  Code  Gb  stm32l4xx_hal_gpio.o [1]
HAL_GPIO_Init            0x800'4021   0x1ca  Code  Gb  stm32l4xx_hal_gpio.o [1]
HAL_GPIO_ReadPin         0x800'4351    0x16  Code  Gb  stm32l4xx_hal_gpio.o [1]
HAL_GPIO_WritePin        0x800'4367    0x18  Code  Gb  stm32l4xx_hal_gpio.o [1]
HAL_GetTick              0x800'45f5     0xc  Code  Wk  stm32l4xx_hal.o [1]
HAL_IncTick              0x800'63d9    0x18  Code  Wk  stm32l4xx_hal.o [1]
HAL_Init                 0x800'4721    0x24  Code  Gb  stm32l4xx_hal.o [1]
HAL_InitTick             0x800'6561    0x84  Code  Gb  stm32l4xx_hal_timebase_tim.o [1]
HAL_MspInit              0x800'6615    0x38  Code  Gb  stm32l4xx_hal_msp.o [1]
HAL_NVIC_DisableIRQ      0x800'652f     0xe  Code  Gb  stm32l4xx_hal_cortex.o [1]
HAL_NVIC_EnableIRQ       0x800'6521     0xe  Code  Gb  stm32l4xx_hal_cortex.o [1]
HAL_NVIC_SetPriority     0x800'64f7    0x2a  Code  Gb  stm32l4xx_hal_cortex.o [1]
HAL_NVIC_SetPriorityGrouping
                         0x800'64eb     0xc  Code  Gb  stm32l4xx_hal_cortex.o [1]
HAL_NVIC_SystemReset     0x800'653d     0x8  Code  Gb  stm32l4xx_hal_cortex.o [1]
HAL_PWREx_ControlVoltageScaling
                         0x800'62e9    0x76  Code  Gb  stm32l4xx_hal_pwr_ex.o [1]
HAL_PWREx_EnterSTOP0Mode
                         0x800'635f    0x30  Code  Gb  stm32l4xx_hal_pwr_ex.o [1]
HAL_PWREx_EnterSTOP1Mode
                         0x800'638f    0x34  Code  Gb  stm32l4xx_hal_pwr_ex.o [1]
HAL_PWREx_GetVoltageRange
                         0x800'62dd     0xc  Code  Gb  stm32l4xx_hal_pwr_ex.o [1]
HAL_PWR_DeInit           0x800'53d9    0x14  Code  Gb  stm32l4xx_hal_pwr.o [1]
HAL_PWR_DisablePVD       0x800'5405     0xc  Code  Gb  stm32l4xx_hal_pwr.o [1]
HAL_PWR_EnableBkUpAccess
                         0x800'53ed     0xc  Code  Gb  stm32l4xx_hal_pwr.o [1]
HAL_PWR_EnablePVD        0x800'53f9     0xc  Code  Gb  stm32l4xx_hal_pwr.o [1]
HAL_PWR_EnterSTOPMode    0x800'5411    0x20  Code  Gb  stm32l4xx_hal_pwr.o [1]
HAL_RCCEx_PeriphCLKConfig
                         0x800'5e3d   0x304  Code  Gb  stm32l4xx_hal_rcc_ex.o [1]
HAL_RCC_ClockConfig      0x800'5ad7   0x14c  Code  Gb  stm32l4xx_hal_rcc.o [1]
HAL_RCC_GetClockConfig   0x800'5d31    0x34  Code  Gb  stm32l4xx_hal_rcc.o [1]
HAL_RCC_GetHCLKFreq      0x800'5cf7     0x6  Code  Gb  stm32l4xx_hal_rcc.o [1]
HAL_RCC_GetPCLK1Freq     0x800'5cfd    0x1a  Code  Gb  stm32l4xx_hal_rcc.o [1]
HAL_RCC_GetPCLK2Freq     0x800'5d17    0x1a  Code  Gb  stm32l4xx_hal_rcc.o [1]
HAL_RCC_GetSysClockFreq
                         0x800'5c23    0xd4  Code  Gb  stm32l4xx_hal_rcc.o [1]
HAL_RCC_OscConfig        0x800'543d   0x69a  Code  Gb  stm32l4xx_hal_rcc.o [1]
HAL_RTC_Init             0x800'7239    0xb4  Code  Gb  stm32l4xx_hal_rtc.o [1]
HAL_RTC_MspInit          0x800'4a1b    0x14  Code  Gb  rtc.o [1]
HAL_RTC_WaitForSynchro   0x800'72ed    0x34  Code  Gb  stm32l4xx_hal_rtc.o [1]
HAL_ResumeTick           0x800'65f5    0x10  Code  Gb  stm32l4xx_hal_timebase_tim.o [1]
HAL_SPI_Init             0x800'3611    0xf8  Code  Gb  stm32l4xx_hal_spi.o [1]
HAL_SPI_MspDeInit        0x800'4573    0x40  Code  Gb  spi.o [1]
HAL_SPI_MspInit          0x800'44c3    0xb0  Code  Gb  spi.o [1]
HAL_SPI_Receive          0x800'38fd   0x1b0  Code  Gb  stm32l4xx_hal_spi.o [1]
HAL_SPI_Transmit         0x800'3709   0x1f4  Code  Gb  stm32l4xx_hal_spi.o [1]
HAL_SPI_TransmitReceive
                         0x800'3aad   0x2ce  Code  Gb  stm32l4xx_hal_spi.o [1]
HAL_SuspendTick          0x800'65e5    0x10  Code  Gb  stm32l4xx_hal_timebase_tim.o [1]
HAL_TIMEx_Break2Callback
                         0x800'caf9     0x2  Code  Wk  stm32l4xx_hal_tim_ex.o [1]
HAL_TIMEx_BreakCallback
                         0x800'caf7     0x2  Code  Wk  stm32l4xx_hal_tim_ex.o [1]
HAL_TIMEx_CommutCallback
                         0x800'cafd     0x2  Code  Wk  stm32l4xx_hal_tim_ex.o [1]
HAL_TIM_Base_Init        0x800'a705    0x7a  Code  Gb  stm32l4xx_hal_tim.o [1]
HAL_TIM_Base_Start_IT    0x800'a77f    0x70  Code  Gb  stm32l4xx_hal_tim.o [1]
HAL_TIM_IRQHandler       0x800'a7fd   0x194  Code  Gb  stm32l4xx_hal_tim.o [1]
HAL_TIM_PeriodElapsedCallback
                         0x800'46fd    0x12  Code  Gb  main.o [1]
HAL_UARTEx_WakeupCallback
                         0x800'aa71     0x2  Code  Wk  stm32l4xx_hal_uart_ex.o [1]
HAL_UART_IRQHandler      0x800'760f   0x1b0  Code  Gb  stm32l4xx_hal_uart.o [1]
HAL_UART_Init            0x800'73d5    0x7a  Code  Gb  stm32l4xx_hal_uart.o [1]
HAL_UART_MspInit         0x800'4af1   0x10e  Code  Gb  usart.o [1]
HAL_UART_Receive_IT      0x800'7529    0xe6  Code  Gb  stm32l4xx_hal_uart.o [1]
HAL_UART_Transmit        0x800'744f    0xda  Code  Gb  stm32l4xx_hal_uart.o [1]
HSBuf                   0x2000'70e8   0xa80  Data  Lc  GT60L16M2K4.o [2]
HVGap                    0x800'441e     0x1  Data  Lc  GT60L16M2K4.o [2]
HardFault_Handler        0x800'd827    0x14  Code  Gb  stm32l4xx_it.o [1]
HzOffset                0x2000'98b8     0x4  Data  Lc  GT60L16M2K4.o [2]
Idle_Stack              0x2000'9034   0x200  Data  Lc  cmsis_os2.o [1]
Idle_TCB                0x2000'9580    0x5c  Data  Lc  cmsis_os2.o [1]
InputTexttoFlash         0x800'b7af   0x1c8  Code  Gb  FontOpt.o [1]
InternalPixlateData      0x800'150b    0x38  Code  Lc  GT60L16M2K4.o [2]
KernelState             0x2000'9828     0x4  Data  Lc  cmsis_os2.o [1]
L2BE24                   0x800'045d    0x30  Code  Lc  GT60L16M2K4.o [2]
LL_ADC_Disable           0x800'6793    0x10  Code  Lc  stm32l4xx_hal_adc.o [1]
LL_ADC_DisableDeepPowerDown
                         0x800'6753     0xc  Code  Lc  stm32l4xx_hal_adc.o [1]
LL_ADC_Enable            0x800'6783    0x10  Code  Lc  stm32l4xx_hal_adc.o [1]
LL_ADC_EnableInternalRegulator
                         0x800'6769    0x10  Code  Lc  stm32l4xx_hal_adc.o [1]
LL_ADC_GetCommonPathInternalCh
                         0x800'6665     0x8  Code  Lc  stm32l4xx_hal_adc.o [1]
LL_ADC_GetOffsetChannel
                         0x800'6691    0x12  Code  Lc  stm32l4xx_hal_adc.o [1]
LL_ADC_INJ_IsConversionOngoing
                         0x800'67ef     0xa  Code  Lc  stm32l4xx_hal_adc.o [1]
LL_ADC_INJ_StopConversion
                         0x800'67df    0x10  Code  Lc  stm32l4xx_hal_adc.o [1]
LL_ADC_IsDeepPowerDownEnabled
                         0x800'675f     0xa  Code  Lc  stm32l4xx_hal_adc.o [1]
LL_ADC_IsDisableOngoing
                         0x800'67ab     0xa  Code  Lc  stm32l4xx_hal_adc.o [1]
LL_ADC_IsEnabled         0x800'67a3     0x8  Code  Lc  stm32l4xx_hal_adc.o [1]
LL_ADC_IsInternalRegulatorEnabled
                         0x800'6779     0xa  Code  Lc  stm32l4xx_hal_adc.o [1]
LL_ADC_REG_IsConversionOngoing
                         0x800'67d5     0xa  Code  Lc  stm32l4xx_hal_adc.o [1]
LL_ADC_REG_IsTriggerSourceSWStart
                         0x800'66bb    0x10  Code  Lc  stm32l4xx_hal_adc.o [1]
LL_ADC_REG_SetSequencerRanks
                         0x800'66cb    0x2e  Code  Lc  stm32l4xx_hal_adc.o [1]
LL_ADC_REG_StartConversion
                         0x800'67b5    0x10  Code  Lc  stm32l4xx_hal_adc.o [1]
LL_ADC_REG_StopConversion
                         0x800'67c5    0x10  Code  Lc  stm32l4xx_hal_adc.o [1]
LL_ADC_SetChannelSamplingTime
                         0x800'66f9    0x34  Code  Lc  stm32l4xx_hal_adc.o [1]
LL_ADC_SetChannelSingleDiff
                         0x800'672d    0x26  Code  Lc  stm32l4xx_hal_adc.o [1]
LL_ADC_SetCommonClock    0x800'664d     0xc  Code  Lc  stm32l4xx_hal_adc.o [1]
LL_ADC_SetCommonPathInternalCh
                         0x800'6659     0xc  Code  Lc  stm32l4xx_hal_adc.o [1]
LL_ADC_SetOffset         0x800'666d    0x24  Code  Lc  stm32l4xx_hal_adc.o [1]
LL_ADC_SetOffsetState    0x800'66a3    0x18  Code  Lc  stm32l4xx_hal_adc.o [1]
LoadFontAddr             0x800'0319   0x142  Code  Lc  GT60L16M2K4.o [2]
LoadInt                  0x800'bd43    0x7a  Code  Lc  xprintffull.o [3]
Lpower_sleep_config      0x800'5293    0xf2  Code  Gb  freertos.o [1]
MSIRangeTable            0x800'dc08    0x30  Data  Gb  system_stm32l4xx.o [1]
MX_ADC1_Init             0x800'488d    0x8a  Code  Gb  adc.o [1]
MX_FREERTOS_Init         0x800'508d    0x34  Code  Gb  freertos.o [1]
MX_GPIO_Init             0x800'4745    0xf0  Code  Gb  gpio.o [1]
MX_RTC_Init              0x800'49e9    0x32  Code  Gb  rtc.o [1]
MX_SPI1_Init             0x800'4421    0x50  Code  Gb  spi.o [1]
MX_SPI2_Init             0x800'4471    0x52  Code  Gb  spi.o [1]
MX_USART1_UART_Init      0x800'4a3d    0x3c  Code  Gb  usart.o [1]
MX_USART2_UART_Init      0x800'4a79    0x3c  Code  Gb  usart.o [1]
MX_USART3_UART_Init      0x800'4ab5    0x3c  Code  Gb  usart.o [1]
MaskBitmap               0x800'1589   0x322  Code  Lc  GT60L16M2K4.o [2]
MemManage_Handler        0x800'd83b     0x2  Code  Gb  stm32l4xx_it.o [1]
NMI_Handler              0x800'd825     0x2  Code  Gb  stm32l4xx_it.o [1]
NVIC_EncodePriority      0x800'6491    0x40  Code  Lc  stm32l4xx_hal_cortex.o [1]
P_addr                  0x2000'98ac     0x4  Data  Lc  GT60L16M2K4.o [2]
PatchBitmap              0x800'18ab    0xc8  Code  Lc  GT60L16M2K4.o [2]
PendSV_Handler           0x800'cb05          Code  Gb  portasm.o [1]
PicandTextflag          0x2000'98d3     0x1  Data  Gb  dataconfig.o [1]
Picture_param_write      0x800'94d5   0x2ce  Code  Gb  dataconfig.o [1]
Picture_param_write::ecount
                        0x2000'98d0     0x2  Data  Lc  dataconfig.o [1]
Picture_param_write::firstaddr
                        0x2000'982c     0x4  Data  Lc  dataconfig.o [1]
Picture_param_write::nextaddr
                        0x2000'9830     0x4  Data  Lc  dataconfig.o [1]
Pul_Cmd_Analyze          0x800'981f    0xa2  Code  Gb  dataconfig.o [1]
QueueBLEusartHandle     0x2000'9840     0x4  Data  Gb  freertos.o [1]
QueueBLEusart_attributes
                         0x800'e07c    0x18  Data  Gb  freertos.o [1]
RCCEx_PLLSAI1_Config     0x800'6155   0x16e  Code  Lc  stm32l4xx_hal_rcc_ex.o [1]
RCC_SetFlashLatencyFromMSIRange
                         0x800'5d79    0x8a  Code  Lc  stm32l4xx_hal_rcc.o [1]
RTC_EnterInitMode        0x800'7321    0x4c  Code  Gb  stm32l4xx_hal_rtc.o [1]
RTC_ExitInitMode         0x800'736d    0x58  Code  Gb  stm32l4xx_hal_rtc.o [1]
Region$$Table$$Base      0x800'df60           --   Gb  - Linker created -
Region$$Table$$Limit     0x800'df80           --   Gb  - Linker created -
Rev_DataAnalye           0x800'9c2d    0xc6  Code  Gb  dataconfig.o [1]
SPI_DeInit               0x800'45b3    0x10  Code  Gb  spi.o [1]
SPI_EndRxTransaction     0x800'3f31    0x86  Code  Lc  stm32l4xx_hal_spi.o [1]
SPI_EndRxTxTransaction   0x800'3fb7    0x6a  Code  Lc  stm32l4xx_hal_spi.o [1]
SPI_Init                 0x800'45c3    0x10  Code  Gb  spi.o [1]
SPI_WaitFifoStateUntilTimeout
                         0x800'3e53    0xda  Code  Lc  stm32l4xx_hal_spi.o [1]
SPI_WaitFlagStateUntilTimeout
                         0x800'3d7b    0xd8  Code  Lc  stm32l4xx_hal_spi.o [1]
SVC_Handler              0x800'cb5d          Code  Gb  portasm.o [1]
SVC_Setup                0x800'4c55     0x2  Code  Lc  cmsis_os2.o [1]
ScanColumn               0x800'0edd   0x62e  Code  Lc  GT60L16M2K4.o [2]
ScanDownLeft             0x800'0505    0x76  Code  Lc  GT60L16M2K4.o [2]
ScanDownLeft_V           0x800'0731    0x7a  Code  Lc  GT60L16M2K4.o [2]
ScanDownRight            0x800'048d    0x76  Code  Lc  GT60L16M2K4.o [2]
ScanDownRight_V          0x800'0695    0x9c  Code  Lc  GT60L16M2K4.o [2]
ScanLine                 0x800'08c1   0x5e4  Code  Lc  GT60L16M2K4.o [2]
ScanUpperLeft            0x800'057d    0x8c  Code  Lc  GT60L16M2K4.o [2]
ScanUpperLeft_V          0x800'07ab    0x7a  Code  Lc  GT60L16M2K4.o [2]
ScanUpperRight           0x800'0609    0x8c  Code  Lc  GT60L16M2K4.o [2]
ScanUpperRight_V         0x800'0825    0x9a  Code  Lc  GT60L16M2K4.o [2]
Start_ADC1_work          0x800'498b     0xa  Code  Gb  adc.o [1]
Swit_Rev_Vectype         0x800'937d    0x2c  Code  Gb  dataconfig.o [1]
SysTick_Handler          0x800'b139    0x28  Code  Gb  port.o [1]
SystemClock_Config       0x800'4639    0xc4  Code  Gb  main.o [1]
SystemCoreClock         0x2000'0008     0x4  Data  Gb  system_stm32l4xx.o [1]
SystemInit               0x800'd8a9    0x42  Code  Gb  system_stm32l4xx.o [1]
TIM1_UP_TIM16_IRQHandler
                         0x800'd843     0xa  Code  Gb  stm32l4xx_it.o [1]
TIM_Base_SetConfig       0x800'a991    0x6e  Code  Gb  stm32l4xx_hal_tim.o [1]
TableSectorErase         0x800'b791    0x1e  Code  Gb  FontOpt.o [1]
TableSignInit            0x800'9dc5    0xb6  Code  Gb  tablesign.o [1]
TableSignSeting          0x800'a53d   0x1a6  Code  Gb  tablesign.o [1]
TableSignWriteByte       0x800'9e7b    0xd0  Code  Gb  tablesign.o [1]
TableSignWriteData       0x800'9f4b    0xba  Code  Gb  tablesign.o [1]
Text_param_count         0x800'9141   0x23c  Code  Gb  dataconfig.o [1]
Text_param_write         0x800'9407    0xce  Code  Gb  dataconfig.o [1]
Timer_Stack             0x2000'842c   0x400  Data  Lc  cmsis_os2.o [1]
Timer_TCB               0x2000'95dc    0x5c  Data  Lc  cmsis_os2.o [1]
UART_AdvFeatureConfig    0x800'7ac9    0xda  Code  Gb  stm32l4xx_hal_uart.o [1]
UART_CheckIdleState      0x800'7ba3    0x68  Code  Gb  stm32l4xx_hal_uart.o [1]
UART_DMAAbortOnError     0x800'7cdd    0x1a  Code  Lc  stm32l4xx_hal_uart.o [1]
UART_EndRxTransfer       0x800'7cbb    0x22  Code  Lc  stm32l4xx_hal_uart.o [1]
UART_EndTransmit_IT      0x800'7cf9    0x20  Code  Lc  stm32l4xx_hal_uart.o [1]
UART_Init                0x800'4c17    0x16  Code  Gb  usart.o [1]
UART_RxISR_16BIT         0x800'7d83    0x6c  Code  Lc  stm32l4xx_hal_uart.o [1]
UART_RxISR_8BIT          0x800'7d19    0x6a  Code  Lc  stm32l4xx_hal_uart.o [1]
UART_SetConfig           0x800'77c9   0x2de  Code  Gb  stm32l4xx_hal_uart.o [1]
UART_WaitOnFlagUntilTimeout
                         0x800'7c0b    0xb0  Code  Gb  stm32l4xx_hal_uart.o [1]
USART2_IRQHandler        0x800'd84d    0x34  Code  Gb  stm32l4xx_it.o [1]
UsageFault_Handler       0x800'd83f     0x2  Code  Gb  stm32l4xx_it.o [1]
VSBuf                   0x2000'8df4   0x240  Data  Lc  GT60L16M2K4.o [2]
W25X_BufferRead          0x800'bb11    0x4c  Code  Gb  w25q128.o [1]
W25X_FLASH_PageWrite     0x800'baa3    0x6e  Code  Gb  w25q128.o [1]
W25X_Read_data           0x800'b9e7    0x16  Code  Gb  w25q128.o [1]
W25X_SectorErase         0x800'ba33    0x70  Code  Gb  w25q128.o [1]
W25X_WaitForWriteEnd     0x800'b9fd    0x36  Code  Gb  w25q128.o [1]
W25X_Write_byte          0x800'b9c1    0x10  Code  Gb  w25q128.o [1]
W25X_Write_data          0x800'b9d1    0x16  Code  Gb  w25q128.o [1]
ZrOffset                0x2000'98bc     0x4  Data  Lc  GT60L16M2K4.o [2]
_Encoding_8859_1_Mbrlen
                         0x800'43e1     0x2  Code  Gb  xencoding_8859_1.o [3]
_Encoding_8859_1_Wctomb
                         0x800'43cf    0x12  Code  Gb  xencoding_8859_1.o [3]
_GenldFull               0x800'c7a1   0x274  Code  Lc  xprintffull.o [3]
_LdtobFull               0x800'c39d   0x3d6  Code  Lc  xprintffull.o [3]
_LitobFull               0x800'c24d   0x10a  Code  Lc  xprintffull.o [3]
_Locale_lconv           0x2000'005c    0x38  Data  Lc  xlocale_c.o [3]
_PrintfFull              0x800'bb81   0x1aa  Code  Gb  xprintffull.o [3]
_Prout                   0x800'e095    0x16  Code  Gb  xprout.o [3]
_PutcharsFull            0x800'ca15    0x2e  Code  Lc  xprintffull.o [3]
_PutfldFull              0x800'bdbd   0x2d4  Code  Lc  xprintffull.o [3]
_PutstrFull              0x800'c187    0xc6  Code  Lc  xprintffull.o [3]
_PuttxtFull              0x800'c091    0xf6  Code  Lc  xprintffull.o [3]
__NVIC_DisableIRQ        0x800'643f    0x26  Code  Lc  stm32l4xx_hal_cortex.o [1]
__NVIC_EnableIRQ         0x800'6421    0x1e  Code  Lc  stm32l4xx_hal_cortex.o [1]
__NVIC_GetPriorityGrouping
                         0x800'6413     0xc  Code  Lc  stm32l4xx_hal_cortex.o [1]
__NVIC_SetPriority       0x800'6465    0x2c  Code  Lc  stm32l4xx_hal_cortex.o [1]
__NVIC_SetPriorityGrouping
                         0x800'63f1    0x22  Code  Lc  stm32l4xx_hal_cortex.o [1]
__NVIC_SystemReset       0x800'64d1    0x1a  Code  Lc  stm32l4xx_hal_cortex.o [1]
__aeabi_cdcmple          0x800'cf35          Code  Gb  DblCmpLe.o [4]
__aeabi_cdrcmple         0x800'cf65          Code  Gb  DblCmpGe.o [4]
__aeabi_d2iz             0x800'd0d1          Code  Gb  DblToS32.o [4]
__aeabi_d2uiz            0x800'd45d          Code  Gb  DblToU32.o [4]
__aeabi_ddiv             0x800'd215          Code  Gb  DblDiv.o [4]
__aeabi_dmul             0x800'cd21          Code  Gb  DblMul.o [4]
__aeabi_dsub             0x800'd131          Code  Gb  DblSub.o [4]
__aeabi_i2d              0x800'd10d          Code  Gb  S32ToDbl.o [4]
__aeabi_ldiv0            0x800'cb01          Code  Gb  I64DivZer.o [5]
__aeabi_memclr4          0x800'35d1          Code  Gb  ABImemclr4.o [5]
__aeabi_memcpy           0x800'b6e9          Code  Gb  ABImemcpy.o [5]
__aeabi_memcpy4          0x800'b709          Code  Gb  ABImemcpy.o [5]
__aeabi_memcpy8          0x800'b709          Code  Gb  ABImemcpy.o [5]
__aeabi_memset           0x800'90d9          Code  Gb  ABImemset.o [5]
__aeabi_ui2d             0x800'd485          Code  Gb  U32ToDbl.o [4]
__aeabi_uldivmod         0x800'aa75          Code  Gb  I64DivMod.o [5]
__cmain                  0x800'dfe1          Code  Gb  cmain.o [5]
__exit                   0x800'd611    0x14  Code  Gb  exit.o [6]
__iar_Fail_s             0x800'cc45    0x1c  Code  Gb  xfail_s.o [3]
__iar_Mbcurmax           0x800'cd15     0xa  Code  Gb  xmbcurmax.o [3]
__iar_Memchr             0x800'ccbd          Code  Gb  memchr.o [5]
__iar_Memset             0x800'90d9          Code  Gb  ABImemset.o [5]
__iar_Memset4_word       0x800'43ed          Code  Gb  ABImemset48.o [5]
__iar_Memset8_word       0x800'43ed          Code  Gb  ABImemset48.o [5]
__iar_Memset_word        0x800'90e1          Code  Gb  ABImemset.o [5]
__iar_Stdout            0x2000'00dc    0x48  Data  Gb  xfiles.o [3]
__iar_Strchr             0x800'cc2d          Code  Gb  strchr.o [5]
__iar_dadd               0x800'd141          Code  Gb  DblSub.o [4]
__iar_data_init3         0x800'ddad    0x28  Code  Gb  data_init.o [5]
__iar_dsub               0x800'd4a5          Code  Gb  DblAdd.o [4]
__iar_dsubStart          0x800'd4b7          Code  Gb  DblAdd.o [4]
__iar_frexp              0x800'ced1          Code  Gb  frexp.o [4]
__iar_frexpl             0x800'ced1          Code  Gb  frexp.o [4]
__iar_globLocale        0x2000'0094    0x48  Data  Lc  xlocale_c.o [3]
__iar_global_Locale      0x800'cbb5     0x4  Code  Gb  xlocale_c.o [3]
__iar_init_vfp           0x800'df3d          Code  Gb  fpinit_M.o [4]
__iar_ldexp64            0x800'cf95          Code  Gb  ldexp.o [4]
__iar_lz77_init_single3
                         0x800'3557    0x7a  Code  Gb  lz77_init_single.o [5]
__iar_program_start      0x800'e155          Code  Gb  cstartup_M.o [5]
__iar_scalbln64          0x800'cf95          Code  Gb  ldexp.o [4]
__iar_scalbn64           0x800'cf95          Code  Gb  ldexp.o [4]
__iar_softfp___iar_frexp64
                         0x800'cec5          Code  Gb  frexp.o [4]
__iar_softfp_frexp       0x800'cec5          Code  Gb  frexp.o [4]
__iar_softfp_frexpl      0x800'cec5          Code  Gb  frexp.o [4]
__iar_zero_init3         0x800'35d7    0x3a  Code  Gb  zero_init3.o [5]
__low_level_init         0x800'dfff     0x4  Code  Gb  low_level_init.o [3]
__vector_table           0x800'0000          Data  Gb  startup_stm32l431xx.o [1]
_call_main               0x800'dfed          Code  Gb  cmain.o [5]
_exit                    0x800'e009          Code  Gb  cexit.o [5]
_gLocale_mblen           0x800'cc19     0x4  Code  Gb  xlocale_c.o [3]
_gLocale_mblenInt        0x800'cbdd    0x2c  Code  Gb  xlocale_c.o [3]
_gLocale_wctomb          0x800'cc1d     0x4  Code  Gb  xlocale_c.o [3]
_gLocale_wctombInt       0x800'cc15     0x4  Code  Gb  xlocale_c.o [3]
_main                    0x800'dffb          Code  Gb  cmain.o [5]
abort                    0x800'd49f     0x6  Code  Gb  abort.o [3]
arBit1                   0x800'dfc0    0x20  Data  Lc  GT60L16M2K4.o [2]
arMask                   0x800'df18    0x24  Data  Lc  GT60L16M2K4.o [2]
aucCRCHi                 0x800'd624   0x100  Data  Lc  mbcrc.o [1]
aucCRCLo                 0x800'd724   0x100  Data  Lc  mbcrc.o [1]
bending                  0x800'1df9    0x9a  Code  Lc  GT60L16M2K4.o [2]
chdata                  0x2000'0124     0x1  Data  Gb  blecomm.o [1]
codeToNo                 0x800'2e85     0x8  Code  Lc  GT60L16M2K4.o [2]
configdisTask            0x800'5129   0x158  Code  Gb  freertos.o [1]
connttimeout            0x2000'98d6     0x1  Data  Gb  freertos.o [1]
curvatureCal             0x800'1ee9   0x300  Code  Lc  GT60L16M2K4.o [2]
eDisplay_Data           0x2000'9814     0xc  Data  Gb  dataconfig.o [1]
eTableDisplayType       0x2000'98d5     0x1  Data  Gb  dataconfig.o [1]
eTextandPicFlag         0x2000'98d2     0x1  Data  Gb  dataconfig.o [1]
eWaitPicSta             0x2000'0125     0x1  Data  Gb  dataconfig.o [1]
exit                     0x800'e003     0x4  Code  Gb  exit.o [3]
fillBuffer               0x800'1973    0x30  Code  Lc  GT60L16M2K4.o [2]
fputc                    0x800'4bff    0x18  Code  Gb  usart.o [1]
getBLETaskHandle        0x2000'9838     0x4  Data  Gb  freertos.o [1]
getBLETask_attributes    0x800'ded0    0x24  Data  Gb  freertos.o [1]
getBhDetailData          0x800'21e9   0xa26  Code  Lc  GT60L16M2K4.o [2]
get_font                 0x800'32ed   0x15e  Code  Gb  GT60L16M2K4.o [2]
gt                       0x800'018d   0x140  Code  Gb  GT60L16M2K4.o [2]
hadc1                   0x2000'9454    0x64  Data  Gb  adc.o [1]
hrtc                    0x2000'9764    0x24  Data  Gb  rtc.o [1]
hspi1                   0x2000'94b8    0x64  Data  Gb  spi.o [1]
hspi2                   0x2000'951c    0x64  Data  Gb  spi.o [1]
htim16                  0x2000'96d8    0x4c  Data  Gb  stm32l4xx_hal_timebase_tim.o [1]
huart1                  0x2000'92d4    0x80  Data  Gb  usart.o [1]
huart2                  0x2000'9354    0x80  Data  Gb  usart.o [1]
huart3                  0x2000'93d4    0x80  Data  Gb  usart.o [1]
ldexp                    0x800'cf95          Code  Gb  ldexp.o [4]
ldexpl                   0x800'cf95          Code  Gb  ldexp.o [4]
linear                   0x800'1e9d    0x32  Code  Lc  GT60L16M2K4.o [2]
localeconv               0x800'cc21     0x4  Code  Gb  xlocale_c.o [3]
main                     0x800'4601    0x38  Code  Gb  main.o [1]
memchr                   0x800'ccbd          Code  Gb  memchr.o [5]
nLSize                   0x800'441f     0x1  Data  Lc  GT60L16M2K4.o [2]
nextaddrcount           0x2000'98d4     0x1  Data  Gb  dataconfig.o [1]
obuf                    0x2000'9688    0x50  Data  Lc  xfiles.o [3]
osDelay                  0x800'4ddf    0x3c  Code  Gb  cmsis_os2.o [1]
osKernelInitialize       0x800'4c57    0x40  Code  Gb  cmsis_os2.o [1]
osKernelStart            0x800'4c97    0x4a  Code  Gb  cmsis_os2.o [1]
osMessageQueueGet        0x800'4fa7    0xae  Code  Gb  cmsis_os2.o [1]
osMessageQueueNew        0x800'4e25    0xd0  Code  Gb  cmsis_os2.o [1]
osMessageQueuePut        0x800'4ef5    0xb2  Code  Gb  cmsis_os2.o [1]
osThreadNew              0x800'4ce1    0xfe  Code  Gb  cmsis_os2.o [1]
pBits                   0x2000'5ee8  0x1200  Data  Gb  freertos.o [1]
pHScan                  0x2000'98c4     0x4  Data  Lc  GT60L16M2K4.o [2]
pScanVoidFunction       0x2000'002c    0x14  Data  Lc  GT60L16M2K4.o [2]
pScanVoidFunction_V     0x2000'0040    0x14  Data  Lc  GT60L16M2K4.o [2]
pVScan                  0x2000'98c8     0x4  Data  Lc  GT60L16M2K4.o [2]
pcInterruptPriorityRegisters
                         0x800'e194     0x4  Data  Lc  port.o [1]
pos_x                   0x2000'882c   0x2e4  Data  Lc  GT60L16M2K4.o [2]
pos_y                   0x2000'8b10   0x2e4  Data  Lc  GT60L16M2K4.o [2]
ppx                     0x2000'0054     0x4  Data  Lc  GT60L16M2K4.o [2]
ppy                     0x2000'0058     0x4  Data  Lc  GT60L16M2K4.o [2]
printf                   0x800'9d9d    0x28  Code  Gb  printf.o [3]
prvAddCurrentTaskToDelayedList
                         0x800'87bd    0x6c  Code  Lc  tasks.o [1]
prvAddNewTaskToReadyList
                         0x800'7fef    0x9e  Code  Lc  tasks.o [1]
prvCheckForValidListAndQueue
                         0x800'b66d    0x4c  Code  Lc  timers.o [1]
prvCheckForValidListAndQueue{1}{2}{3}{4}::ucStaticTimerQueueStorage
                        0x2000'9234    0xa0  Data  Lc  timers.o [1]
prvCheckForValidListAndQueue{1}{2}{3}{4}::xStaticTimerQueue
                        0x2000'9638    0x50  Data  Lc  timers.o [1]
prvCheckTasksWaitingTermination
                         0x800'8637    0x3e  Code  Lc  tasks.o [1]
prvCopyDataFromQueue     0x800'8f85    0x36  Code  Lc  queue.o [1]
prvCopyDataToQueue       0x800'8ee9    0x9c  Code  Lc  queue.o [1]
prvDeleteTCB             0x800'8679    0x44  Code  Lc  tasks.o [1]
prvGetNextExpireTime     0x800'b3ff    0x28  Code  Lc  timers.o [1]
prvHeapInit              0x800'ae3d    0x62  Code  Lc  heap_4.o [1]
prvIdleTask              0x800'85bd    0x24  Code  Lc  tasks.o [1]
prvInitialiseNewQueue    0x800'8a0f    0x36  Code  Lc  queue.o [1]
prvInitialiseNewTask     0x800'7f09    0xe6  Code  Lc  tasks.o [1]
prvInitialiseTaskLists   0x800'85e1    0x56  Code  Lc  tasks.o [1]
prvInsertBlockIntoFreeList
                         0x800'ae9f    0x5e  Code  Lc  heap_4.o [1]
prvInsertTimerInActiveList
                         0x800'b44f    0x52  Code  Lc  timers.o [1]
prvIsQueueEmpty          0x800'9029    0x1c  Code  Lc  queue.o [1]
prvIsQueueFull           0x800'9045    0x1e  Code  Lc  queue.o [1]
prvProcessExpiredTimer   0x800'b303    0x6c  Code  Lc  timers.o [1]
prvProcessReceivedCommands
                         0x800'b4a1   0x13e  Code  Lc  timers.o [1]
prvProcessTimerOrBlockTask
                         0x800'b38b    0x74  Code  Lc  timers.o [1]
prvResetNextTaskUnblockTime
                         0x800'86bd    0x26  Code  Lc  tasks.o [1]
prvSampleTimeNow         0x800'b427    0x28  Code  Lc  timers.o [1]
prvSampleTimeNow::xLastTime
                        0x2000'98a8     0x4  Data  Lc  timers.o [1]
prvSwitchTimerLists      0x800'b5df    0x8e  Code  Lc  timers.o [1]
prvTaskExitError         0x800'afe1    0x2a  Code  Lc  port.o [1]
prvTimerTask             0x800'b371    0x1a  Code  Lc  timers.o [1]
prvUnlockQueue           0x800'8fbb    0x6e  Code  Lc  queue.o [1]
putchar                  0x800'e0ad     0xc  Code  Gb  putchar.o [3]
pvPortMalloc             0x800'aca9   0x120  Code  Gb  heap_4.o [1]
pxCurrentTCB            0x2000'985c     0x4  Data  Gb  tasks.o [1]
pxCurrentTimerList      0x2000'9898     0x4  Data  Lc  timers.o [1]
pxDelayedTaskList       0x2000'9860     0x4  Data  Lc  tasks.o [1]
pxEnd                   0x2000'9844     0x4  Data  Lc  heap_4.o [1]
pxOverflowDelayedTaskList
                        0x2000'9864     0x4  Data  Lc  tasks.o [1]
pxOverflowTimerList     0x2000'989c     0x4  Data  Lc  timers.o [1]
pxPortInitialiseStack    0x800'afb9    0x28  Code  Gb  port.o [1]
pxReadyTasksLists       0x2000'7fcc   0x460  Data  Lc  tasks.o [1]
r_dat_bat                0x800'34f1    0x66  Code  Gb  GT60M2.o [1]
readhz                   0x800'02cd    0x36  Code  Gb  GT60L16M2K4.o [2]
scalbln                  0x800'cf95          Code  Gb  ldexp.o [4]
scalblnl                 0x800'cf95          Code  Gb  ldexp.o [4]
scalbn                   0x800'cf95          Code  Gb  ldexp.o [4]
scalbnl                  0x800'cf95          Code  Gb  ldexp.o [4]
scale                    0x800'c357    0x46  Code  Lc  xprintffull.o [3]
sec_hand                0x2000'98cc     0x4  Data  Lc  xfail_s.o [3]
selectAddr               0x800'3207    0xe6  Code  Lc  GT60L16M2K4.o [2]
sleep_BLE_Uartconfig     0x800'4835    0x4c  Code  Gb  gpio.o [1]
strchr                   0x800'cc2d          Code  Gb  strchr.o [5]
strlen                   0x800'cc85          Code  Gb  strlen.o [5]
ucHeap                  0x2000'0128  0x5dc0  Data  Lc  heap_4.o [1]
ucMaxSysCallPriority    0x2000'98d7     0x1  Data  Lc  port.o [1]
ulMaxPRIGROUPValue      0x2000'9854     0x4  Data  Lc  port.o [1]
usMBCRC16                0x800'b97d    0x44  Code  Gb  mbcrc.o [1]
uwTick                  0x2000'9858     0x4  Data  Gb  stm32l4xx_hal.o [1]
uwTickFreq              0x2000'0126     0x1  Data  Gb  stm32l4xx_hal.o [1]
uwTickPrio              0x2000'0004     0x4  Data  Gb  stm32l4xx_hal.o [1]
uxCriticalNesting       0x2000'0000     0x4  Data  Lc  port.o [1]
uxCurrentNumberOfTasks  0x2000'986c     0x4  Data  Lc  tasks.o [1]
uxDeletedTasksWaitingCleanUp
                        0x2000'9868     0x4  Data  Lc  tasks.o [1]
uxListRemove             0x800'af8f    0x28  Code  Gb  list.o [1]
uxPendedTicks           0x2000'987c     0x4  Data  Lc  tasks.o [1]
uxSchedulerSuspended    0x2000'9894     0x4  Data  Lc  tasks.o [1]
uxTaskNumber            0x2000'9888     0x4  Data  Lc  tasks.o [1]
uxTopReadyPriority      0x2000'9874     0x4  Data  Lc  tasks.o [1]
vApplicationGetIdleTaskMemory
                         0x800'5055     0xe  Code  Gb  cmsis_os2.o [1]
vApplicationGetTimerTaskMemory
                         0x800'5063    0x10  Code  Gb  cmsis_os2.o [1]
vListInitialise          0x800'af1d    0x1e  Code  Gb  list.o [1]
vListInitialiseItem      0x800'af3b     0x6  Code  Gb  list.o [1]
vListInsert              0x800'af59    0x36  Code  Gb  list.o [1]
vListInsertEnd           0x800'af41    0x18  Code  Gb  list.o [1]
vPortEnableVFP           0x800'cb99          Code  Gb  portasm.o [1]
vPortEnterCritical       0x800'b0d9    0x34  Code  Gb  port.o [1]
vPortExitCritical        0x800'b10d    0x2c  Code  Gb  port.o [1]
vPortFree                0x800'adc9    0x74  Code  Gb  heap_4.o [1]
vPortStartFirstTask      0x800'cb79          Code  Gb  portasm.o [1]
vPortValidateInterruptPriority
                         0x800'b161    0x4e  Code  Gb  port.o [1]
vQueueAddToRegistry      0x800'9063    0x26  Code  Gb  queue.o [1]
vQueueWaitForMessageRestricted
                         0x800'908d    0x4c  Code  Gb  queue.o [1]
vTaskDelay               0x800'808d    0x4e  Code  Gb  tasks.o [1]
vTaskInternalSetTimeOutState
                         0x800'8505    0x12  Code  Gb  tasks.o [1]
vTaskMissedYield         0x800'85ab     0xa  Code  Gb  tasks.o [1]
vTaskPlaceOnEventList    0x800'83eb    0x34  Code  Gb  tasks.o [1]
vTaskPlaceOnEventListRestricted
                         0x800'8431    0x40  Code  Gb  tasks.o [1]
vTaskStartScheduler      0x800'80db    0x9a  Code  Gb  tasks.o [1]
vTaskSuspendAll          0x800'8175     0xc  Code  Gb  tasks.o [1]
vTaskSwitchContext       0x800'8379    0x72  Code  Gb  tasks.o [1]
vec_info_st             0x2000'000c    0x20  Data  Lc  GT60L16M2K4.o [2]
xActiveTimerList1       0x2000'97ec    0x14  Data  Lc  timers.o [1]
xActiveTimerList2       0x2000'9800    0x14  Data  Lc  timers.o [1]
xBlockAllocatedBit      0x2000'9850     0x4  Data  Lc  heap_4.o [1]
xDelayedTaskList1       0x2000'9788    0x14  Data  Lc  tasks.o [1]
xDelayedTaskList2       0x2000'979c    0x14  Data  Lc  tasks.o [1]
xEnd                    0x2000'98db     0x1  Data  Lc  GT60L16M2K4.o [2]
xFreeBytesRemaining     0x2000'9848     0x4  Data  Lc  heap_4.o [1]
xHeapStructSize          0x800'e190     0x4  Data  Lc  heap_4.o [1]
xIdleTaskHandle         0x2000'9890     0x4  Data  Lc  tasks.o [1]
xMinimumEverFreeBytesRemaining
                        0x2000'984c     0x4  Data  Lc  heap_4.o [1]
xNextTaskUnblockTime    0x2000'988c     0x4  Data  Lc  tasks.o [1]
xNumOfOverflows         0x2000'9884     0x4  Data  Lc  tasks.o [1]
xPendingReadyList       0x2000'97b0    0x14  Data  Lc  tasks.o [1]
xPortStartScheduler      0x800'b00b    0xce  Code  Gb  port.o [1]
xQueueGenericCreate      0x800'89b3    0x5c  Code  Gb  queue.o [1]
xQueueGenericCreateStatic
                         0x800'88f1    0xc2  Code  Gb  queue.o [1]
xQueueGenericReset       0x800'885d    0x94  Code  Gb  queue.o [1]
xQueueGenericSend        0x800'8a45   0x1a6  Code  Gb  queue.o [1]
xQueueGenericSendFromISR
                         0x800'8beb    0xe0  Code  Gb  queue.o [1]
xQueueReceive            0x800'8ccb   0x16a  Code  Gb  queue.o [1]
xQueueReceiveFromISR     0x800'8e39    0xb0  Code  Gb  queue.o [1]
xQueueRegistry          0x2000'9724    0x40  Data  Gb  queue.o [1]
xSchedulerRunning       0x2000'9878     0x4  Data  Lc  tasks.o [1]
xStart                  0x2000'9820     0x8  Data  Lc  heap_4.o [1]
xStart                  0x2000'98d9     0x1  Data  Lc  GT60L16M2K4.o [2]
xSuspendedTaskList      0x2000'97d8    0x14  Data  Lc  tasks.o [1]
xTaskCheckForTimeOut     0x800'851d    0x8e  Code  Gb  tasks.o [1]
xTaskCreate              0x800'7e8f    0x7a  Code  Gb  tasks.o [1]
xTaskCreateStatic        0x800'7df1    0x9e  Code  Gb  tasks.o [1]
xTaskGetSchedulerState   0x800'86e3    0x20  Code  Gb  tasks.o [1]
xTaskGetTickCount        0x800'8267     0x8  Code  Gb  tasks.o [1]
xTaskIncrementTick       0x800'826f   0x10a  Code  Gb  tasks.o [1]
xTaskPriorityDisinherit
                         0x800'8703    0x8e  Code  Gb  tasks.o [1]
xTaskRemoveFromEventList
                         0x800'8479    0x82  Code  Gb  tasks.o [1]
xTaskResumeAll           0x800'8181    0xe6  Code  Gb  tasks.o [1]
xTasksWaitingTermination
                        0x2000'97c4    0x14  Data  Lc  tasks.o [1]
xTickCount              0x2000'9870     0x4  Data  Lc  tasks.o [1]
xTimerCreateTimerTask    0x800'b215    0x6c  Code  Gb  timers.o [1]
xTimerGenericCommand     0x800'b281    0x82  Code  Gb  timers.o [1]
xTimerQueue             0x2000'98a0     0x4  Data  Lc  timers.o [1]
xTimerTaskHandle        0x2000'98a4     0x4  Data  Lc  timers.o [1]
xYieldPending           0x2000'9880     0x4  Data  Lc  tasks.o [1]
yEnd                    0x2000'98dc     0x1  Data  Lc  GT60L16M2K4.o [2]
yStart                  0x2000'98da     0x1  Data  Lc  GT60L16M2K4.o [2]


[1] = G:\test\testtable\Elink_table\EWARM\eTable\Obj
[2] = GT60L16M2K4_STM32L431CC_iar832_1629.a
[3] = dl7M_tlf.a
[4] = m7M_tls.a
[5] = rt7M_tl.a
[6] = shb_l.a

  55 478 bytes of readonly  code memory
   2 655 bytes of readonly  data memory
  40 156 bytes of readwrite data memory

Errors: none
Warnings: none
