###############################################################################
#
# IAR ELF Linker V8.32.3.193/W32 for ARM                  20/Apr/2021  00:52:43
# Copyright 2007-2019 IAR Systems AB.
#
#    Output file  =  G:\test\testtable\Elink_table\EWARM\eTable\Exe\eTable.out
#    Map file     =  G:\test\testtable\Elink_table\EWARM\eTable\List\eTable.map
#    Command line =  
#        -f C:\Users\LY-PC\AppData\Local\Temp\EWADF1.tmp
#        (G:\test\testtable\Elink_table\EWARM\eTable\Obj\adc.o
#        G:\test\testtable\Elink_table\EWARM\eTable\Obj\blecomm.o
#        G:\test\testtable\Elink_table\EWARM\eTable\Obj\cmsis_os2.o
#        G:\test\testtable\Elink_table\EWARM\eTable\Obj\croutine.o
#        G:\test\testtable\Elink_table\EWARM\eTable\Obj\dataconfig.o
#        G:\test\testtable\Elink_table\EWARM\eTable\Obj\event_groups.o
#        G:\test\testtable\Elink_table\EWARM\eTable\Obj\FontOpt.o
#        G:\test\testtable\Elink_table\EWARM\eTable\Obj\freertos.o
#        G:\test\testtable\Elink_table\EWARM\eTable\Obj\gpio.o
#        G:\test\testtable\Elink_table\Drivers\LIB\GT60L16M2K4_STM32L431CC_iar832_1629.a
#        G:\test\testtable\Elink_table\EWARM\eTable\Obj\GT60M2.o
#        G:\test\testtable\Elink_table\EWARM\eTable\Obj\heap_4.o
#        G:\test\testtable\Elink_table\EWARM\eTable\Obj\list.o
#        G:\test\testtable\Elink_table\EWARM\eTable\Obj\main.o
#        G:\test\testtable\Elink_table\EWARM\eTable\Obj\mbcrc.o
#        G:\test\testtable\Elink_table\EWARM\eTable\Obj\port.o
#        G:\test\testtable\Elink_table\EWARM\eTable\Obj\portasm.o
#        G:\test\testtable\Elink_table\EWARM\eTable\Obj\queue.o
#        G:\test\testtable\Elink_table\EWARM\eTable\Obj\rtc.o
#        G:\test\testtable\Elink_table\EWARM\eTable\Obj\spi.o
#        G:\test\testtable\Elink_table\EWARM\eTable\Obj\startup_stm32l431xx.o
#        G:\test\testtable\Elink_table\EWARM\eTable\Obj\stm32l4xx_hal.o
#        G:\test\testtable\Elink_table\EWARM\eTable\Obj\stm32l4xx_hal_adc.o
#        G:\test\testtable\Elink_table\EWARM\eTable\Obj\stm32l4xx_hal_adc_ex.o
#        G:\test\testtable\Elink_table\EWARM\eTable\Obj\stm32l4xx_hal_cortex.o
#        G:\test\testtable\Elink_table\EWARM\eTable\Obj\stm32l4xx_hal_dma.o
#        G:\test\testtable\Elink_table\EWARM\eTable\Obj\stm32l4xx_hal_dma_ex.o
#        G:\test\testtable\Elink_table\EWARM\eTable\Obj\stm32l4xx_hal_exti.o
#        G:\test\testtable\Elink_table\EWARM\eTable\Obj\stm32l4xx_hal_flash.o
#        G:\test\testtable\Elink_table\EWARM\eTable\Obj\stm32l4xx_hal_flash_ex.o
#        G:\test\testtable\Elink_table\EWARM\eTable\Obj\stm32l4xx_hal_flash_ramfunc.o
#        G:\test\testtable\Elink_table\EWARM\eTable\Obj\stm32l4xx_hal_gpio.o
#        G:\test\testtable\Elink_table\EWARM\eTable\Obj\stm32l4xx_hal_i2c.o
#        G:\test\testtable\Elink_table\EWARM\eTable\Obj\stm32l4xx_hal_i2c_ex.o
#        G:\test\testtable\Elink_table\EWARM\eTable\Obj\stm32l4xx_hal_msp.o
#        G:\test\testtable\Elink_table\EWARM\eTable\Obj\stm32l4xx_hal_pwr.o
#        G:\test\testtable\Elink_table\EWARM\eTable\Obj\stm32l4xx_hal_pwr_ex.o
#        G:\test\testtable\Elink_table\EWARM\eTable\Obj\stm32l4xx_hal_rcc.o
#        G:\test\testtable\Elink_table\EWARM\eTable\Obj\stm32l4xx_hal_rcc_ex.o
#        G:\test\testtable\Elink_table\EWARM\eTable\Obj\stm32l4xx_hal_rtc.o
#        G:\test\testtable\Elink_table\EWARM\eTable\Obj\stm32l4xx_hal_rtc_ex.o
#        G:\test\testtable\Elink_table\EWARM\eTable\Obj\stm32l4xx_hal_spi.o
#        G:\test\testtable\Elink_table\EWARM\eTable\Obj\stm32l4xx_hal_spi_ex.o
#        G:\test\testtable\Elink_table\EWARM\eTable\Obj\stm32l4xx_hal_tim.o
#        G:\test\testtable\Elink_table\EWARM\eTable\Obj\stm32l4xx_hal_tim_ex.o
#        G:\test\testtable\Elink_table\EWARM\eTable\Obj\stm32l4xx_hal_timebase_tim.o
#        G:\test\testtable\Elink_table\EWARM\eTable\Obj\stm32l4xx_hal_uart.o
#        G:\test\testtable\Elink_table\EWARM\eTable\Obj\stm32l4xx_hal_uart_ex.o
#        G:\test\testtable\Elink_table\EWARM\eTable\Obj\stm32l4xx_it.o
#        G:\test\testtable\Elink_table\EWARM\eTable\Obj\stream_buffer.o
#        G:\test\testtable\Elink_table\EWARM\eTable\Obj\system_stm32l4xx.o
#        G:\test\testtable\Elink_table\EWARM\eTable\Obj\tablesign.o
#        G:\test\testtable\Elink_table\EWARM\eTable\Obj\tasks.o
#        G:\test\testtable\Elink_table\EWARM\eTable\Obj\timers.o
#        G:\test\testtable\Elink_table\EWARM\eTable\Obj\usart.o
#        G:\test\testtable\Elink_table\EWARM\eTable\Obj\w25q128.o --redirect
#        _Printf=_PrintfFull --redirect _Scanf=_ScanfFull --no_out_extension -o
#        G:\test\testtable\Elink_table\EWARM\eTable\Exe\eTable.out --map
#        G:\test\testtable\Elink_table\EWARM\eTable\List\eTable.map --config
#        G:\test\testtable\Elink_table\EWARM/stm32l431xx_flash.icf
#        --semihosting --entry __iar_program_start --vfe --text_out locale)
#
###############################################################################

*******************************************************************************
*** RUNTIME MODEL ATTRIBUTES
***

CppFlavor       = *
__SystemLibrary = DLib
__dlib_version  = 6


*******************************************************************************
*** HEAP SELECTION
***

The basic heap was selected because no calls to memory allocation
functions were found in the application outside of system library
functions, and there are calls to deallocation functions in the
application.


*******************************************************************************
*** PLACEMENT SUMMARY
***

"A0":  place at 0x800'0000 { ro section .intvec };
"P1":  place in [from 0x800'0000 to 0x803'ffff] { ro };
define block CSTACK with size = 1K, alignment = 8 { };
define block HEAP with size = 512, alignment = 8 { };
"P2":  place in [from 0x2000'0000 to 0x2000'ffff] {
          rw, block CSTACK, block HEAP };
initialize by copy { rw };

  Section            Kind         Address    Size  Object
  -------            ----         -------    ----  ------
"A0":                                       0x18c
  .intvec            ro code   0x800'0000   0x18c  startup_stm32l431xx.o [1]
                             - 0x800'018c   0x18c

"P1":                                      0xda65
  .text              ro code   0x800'018c  0x3330  GT60L16M2K4.o [2]
  .text              ro code   0x800'34bc    0x9a  GT60M2.o [1]
  .text              ro code   0x800'3556    0x7a  lz77_init_single.o [5]
  .text              ro code   0x800'35d0     0x6  ABImemclr4.o [5]
  .text              ro code   0x800'35d6    0x3a  zero_init3.o [5]
  .text              ro code   0x800'3610   0xa10  stm32l4xx_hal_spi.o [1]
  .text              ro code   0x800'4020   0x3ae  stm32l4xx_hal_gpio.o [1]
  .text              ro code   0x800'43ce    0x1e  xencoding_8859_1.o [3]
  .text              ro code   0x800'43ec    0x32  ABImemset48.o [5]
  .rodata            const     0x800'441e     0x1  GT60L16M2K4.o [2]
  .rodata            const     0x800'441f     0x1  GT60L16M2K4.o [2]
  .text              ro code   0x800'4420   0x1d4  spi.o [1]
  .text              ro code   0x800'45f4     0xc  stm32l4xx_hal.o [1]
  .text              ro code   0x800'4600   0x11e  main.o [1]
  .text              ro code   0x800'4720    0x24  stm32l4xx_hal.o [1]
  .text              ro code   0x800'4744   0x148  gpio.o [1]
  .text              ro code   0x800'488c   0x11c  adc.o [1]
  .text              ro code   0x800'49a8    0x54  rtc.o [1]
  .text              ro code   0x800'49fc   0x218  usart.o [1]
  .text              ro code   0x800'4c14   0x438  cmsis_os2.o [1]
  .text              ro code   0x800'504c   0x30c  freertos.o [1]
  .text              ro code   0x800'5358    0x64  stm32l4xx_hal_pwr.o [1]
  .text              ro code   0x800'53bc   0xa00  stm32l4xx_hal_rcc.o [1]
  .text              ro code   0x800'5dbc   0x4a0  stm32l4xx_hal_rcc_ex.o [1]
  .text              ro code   0x800'625c    0xfc  stm32l4xx_hal_pwr_ex.o [1]
  .text              ro code   0x800'6358    0x18  stm32l4xx_hal.o [1]
  .text              ro code   0x800'6370   0x14c  stm32l4xx_hal_cortex.o [1]
  .text              ro code   0x800'64bc    0xb4  stm32l4xx_hal_timebase_tim.o [1]
  .text              ro code   0x800'6570    0x38  stm32l4xx_hal_msp.o [1]
  .text              ro code   0x800'65a8   0x808  stm32l4xx_hal_adc.o [1]
  .text              ro code   0x800'6db0   0x19c  stm32l4xx_hal_rtc.o [1]
  .text              ro code   0x800'6f4c   0xa1a  stm32l4xx_hal_uart.o [1]
  .text              ro code   0x800'7968   0xa6c  tasks.o [1]
  .text              ro code   0x800'83d4   0x87c  queue.o [1]
  .text              ro code   0x800'8c50    0x66  ABImemset.o [5]
  .text              ro code   0x800'8cb8   0xbbc  dataconfig.o [1]
  .text              ro code   0x800'9874    0x28  printf.o [3]
  .text              ro code   0x800'989c   0x810  tablesign.o [1]
  .text              ro code   0x800'a0ac   0x30a  stm32l4xx_hal_tim.o [1]
  .text              ro code   0x800'a3b8    0x5e  stm32l4xx_hal_dma.o [1]
  .text              ro code   0x800'a416     0x2  stm32l4xx_hal_uart.o [1]
  .text              ro code   0x800'a418     0x2  stm32l4xx_hal_uart_ex.o [1]
  .text              ro code   0x800'a41c   0x230  I64DivMod.o [5]
  .text              ro code   0x800'a64c     0x2  stm32l4xx_hal_uart.o [1]
  .text              ro code   0x800'a64e     0x2  stm32l4xx_hal_uart.o [1]
  .text              ro code   0x800'a650   0x274  heap_4.o [1]
  .text              ro code   0x800'a8c4    0x9a  list.o [1]
  .text              ro code   0x800'a960   0x25c  port.o [1]
  .text              ro code   0x800'abbc   0x4d4  timers.o [1]
  .text              ro code   0x800'b090    0xa6  ABImemcpy.o [5]
  .text              ro code   0x800'b138   0x1ec  FontOpt.o [1]
  .text              ro code   0x800'b324    0x44  mbcrc.o [1]
  .text              ro code   0x800'b368   0x1a4  w25q128.o [1]
  .text              ro code   0x800'b50c    0x1c  blecomm.o [1]
  .text              ro code   0x800'b528   0xf46  xprintffull.o [3]
  .text              ro code   0x800'c470    0x28  stm32l4xx_hal.o [1]
  .text              ro code   0x800'c498     0x2  stm32l4xx_hal_tim.o [1]
  .text              ro code   0x800'c49a     0x2  stm32l4xx_hal_tim.o [1]
  .text              ro code   0x800'c49c     0x2  stm32l4xx_hal_tim.o [1]
  .text              ro code   0x800'c49e     0x2  stm32l4xx_hal_tim_ex.o [1]
  .text              ro code   0x800'c4a0     0x2  stm32l4xx_hal_tim_ex.o [1]
  .text              ro code   0x800'c4a2     0x2  stm32l4xx_hal_tim.o [1]
  .text              ro code   0x800'c4a4     0x2  stm32l4xx_hal_tim_ex.o [1]
  .text              ro code   0x800'c4a8     0x2  I64DivZer.o [5]
  CODE               ro code   0x800'c4ac    0xb0  portasm.o [1]
  .text              ro code   0x800'c55c    0x78  xlocale_c.o [3]
  .text              ro code   0x800'c5d4    0x16  strchr.o [5]
  .text              ro code   0x800'c5ec    0x40  xfail_s.o [3]
  .text              ro code   0x800'c62c    0x36  strlen.o [5]
  .text              ro code   0x800'c664    0x58  memchr.o [5]
  .text              ro code   0x800'c6bc     0xa  xmbcurmax.o [3]
  .text              ro code   0x800'c6c8   0x1a2  DblMul.o [4]
  .text              ro code   0x800'c86c    0x70  frexp.o [4]
  .text              ro code   0x800'c8dc    0x2e  DblCmpLe.o [4]
  .text              ro code   0x800'c90c    0x2e  DblCmpGe.o [4]
  .text              ro code   0x800'c93c   0x13a  ldexp.o [4]
  .text              ro code   0x800'ca78    0x3a  DblToS32.o [4]
  .text              ro code   0x800'cab4    0x22  S32ToDbl.o [4]
  .text              ro code   0x800'cad8    0xe2  DblSub.o [4]
  .text              ro code   0x800'cbbc   0x246  DblDiv.o [4]
  .text              ro code   0x800'ce04    0x28  DblToU32.o [4]
  .text              ro code   0x800'ce2c    0x1a  U32ToDbl.o [4]
  .text              ro code   0x800'ce46     0x6  abort.o [3]
  .text              ro code   0x800'ce4c   0x16a  DblAdd.o [4]
  .text              ro code   0x800'cfb8    0x14  exit.o [6]
  .rodata            const     0x800'cfcc   0x100  mbcrc.o [1]
  .rodata            const     0x800'd0cc   0x100  mbcrc.o [1]
  .text              ro code   0x800'd1cc    0x60  system_stm32l4xx.o [1]
  .rodata            const     0x800'd22c    0x58  dataconfig.o [1]
  .text              ro code   0x800'd284    0x50  stm32l4xx_it.o [1]
  .rodata            const     0x800'd2d4    0x40  dataconfig.o [1]
  .rodata            const     0x800'd314    0x3c  dataconfig.o [1]
  .rodata            const     0x800'd350    0x38  tablesign.o [1]
  .rodata            const     0x800'd388    0x34  dataconfig.o [1]
  .rodata            const     0x800'd3bc    0x34  dataconfig.o [1]
  .rodata            const     0x800'd3f0    0x34  dataconfig.o [1]
  .rodata            const     0x800'd424    0x30  dataconfig.o [1]
  .rodata            const     0x800'd454    0x30  dataconfig.o [1]
  .rodata            const     0x800'd484    0x30  dataconfig.o [1]
  .rodata            const     0x800'd4b4    0x30  dataconfig.o [1]
  .rodata            const     0x800'd4e4    0x30  freertos.o [1]
  .rodata            const     0x800'd514    0x30  system_stm32l4xx.o [1]
  .rodata            const     0x800'd544    0x2c  dataconfig.o [1]
  .rodata            const     0x800'd570    0x2c  dataconfig.o [1]
  .rodata            const     0x800'd59c    0x2c  dataconfig.o [1]
  .rodata            const     0x800'd5c8    0x28  dataconfig.o [1]
  .rodata            const     0x800'd5f0    0x28  dataconfig.o [1]
  .rodata            const     0x800'd618    0x28  freertos.o [1]
  .rodata            const     0x800'd640    0x28  tablesign.o [1]
  .rodata            const     0x800'd668    0x28  tablesign.o [1]
  .rodata            const     0x800'd690    0x28  tablesign.o [1]
  .text              ro code   0x800'd6b8    0x28  data_init.o [5]
  .rodata            const     0x800'd6e0    0x24  dataconfig.o [1]
  .rodata            const     0x800'd704    0x24  dataconfig.o [1]
  .rodata            const     0x800'd728    0x24  dataconfig.o [1]
  .rodata            const     0x800'd74c    0x24  dataconfig.o [1]
  .rodata            const     0x800'd770    0x24  dataconfig.o [1]
  .rodata            const     0x800'd794    0x24  dataconfig.o [1]
  .rodata            const     0x800'd7b8    0x24  freertos.o [1]
  .rodata            const     0x800'd7dc    0x24  freertos.o [1]
  .rodata            const     0x800'd800    0x24  freertos.o [1]
  .rodata            const     0x800'd824    0x24  GT60L16M2K4.o [2]
  .text              ro code   0x800'd848    0x22  fpinit_M.o [4]
  .iar.init_table    const     0x800'd86c    0x20  - Linker created -
  .rodata            const     0x800'd88c    0x20  dataconfig.o [1]
  .rodata            const     0x800'd8ac    0x20  freertos.o [1]
  .rodata            const     0x800'd8cc    0x20  GT60L16M2K4.o [2]
  .text              ro code   0x800'd8ec    0x1e  cmain.o [5]
  .text              ro code   0x800'd90a     0x4  low_level_init.o [3]
  .text              ro code   0x800'd90e     0x4  exit.o [3]
  .text              ro code   0x800'd914     0xa  cexit.o [5]
  .rodata            const     0x800'd920    0x1c  dataconfig.o [1]
  .rodata            const     0x800'd93c    0x18  dataconfig.o [1]
  .rodata            const     0x800'd954    0x18  freertos.o [1]
  .rodata            const     0x800'd96c    0x18  freertos.o [1]
  .text              ro code   0x800'd984    0x16  xprout.o [3]
  .text              ro code   0x800'd99c     0xc  putchar.o [3]
  .rodata            const     0x800'd9a8    0x14  dataconfig.o [1]
  .rodata            const     0x800'd9bc    0x10  dataconfig.o [1]
  .rodata            const     0x800'd9cc    0x10  freertos.o [1]
  .rodata            const     0x800'd9dc    0x10  freertos.o [1]
  .rodata            const     0x800'd9ec    0x10  system_stm32l4xx.o [1]
  .text              ro code   0x800'd9fc    0x10  startup_stm32l431xx.o [1]
  .rodata            const     0x800'da0c     0xc  dataconfig.o [1]
  .rodata            const     0x800'da18     0xc  freertos.o [1]
  .rodata            const     0x800'da24     0xc  tablesign.o [1]
  .text              ro code   0x800'da30     0xc  cstartup_M.o [5]
  .rodata            const     0x800'da3c     0x8  dataconfig.o [1]
  .rodata            const     0x800'da44     0x8  system_stm32l4xx.o [1]
  .rodata            const     0x800'da4c     0x8  tasks.o [1]
  .rodata            const     0x800'da54     0x8  timers.o [1]
  .rodata            const     0x800'da5c     0x8  timers.o [1]
  .rodata            const     0x800'da64     0x6  xlocale_c.o [3]
  .rodata            const     0x800'da6c     0x4  heap_4.o [1]
  .rodata            const     0x800'da70     0x4  port.o [1]
  .text              ro code   0x800'da74     0x4  startup_stm32l431xx.o [1]
  .text              ro code   0x800'da78     0x4  startup_stm32l431xx.o [1]
  .text              ro code   0x800'da7c     0x4  startup_stm32l431xx.o [1]
  .text              ro code   0x800'da80     0x4  startup_stm32l431xx.o [1]
  .text              ro code   0x800'da84     0x4  startup_stm32l431xx.o [1]
  .text              ro code   0x800'da88     0x4  startup_stm32l431xx.o [1]
  .text              ro code   0x800'da8c     0x4  startup_stm32l431xx.o [1]
  .text              ro code   0x800'da90     0x4  startup_stm32l431xx.o [1]
  .text              ro code   0x800'da94     0x4  startup_stm32l431xx.o [1]
  .text              ro code   0x800'da98     0x4  startup_stm32l431xx.o [1]
  .text              ro code   0x800'da9c     0x4  startup_stm32l431xx.o [1]
  .text              ro code   0x800'daa0     0x4  startup_stm32l431xx.o [1]
  .text              ro code   0x800'daa4     0x4  startup_stm32l431xx.o [1]
  .text              ro code   0x800'daa8     0x4  startup_stm32l431xx.o [1]
  .text              ro code   0x800'daac     0x4  startup_stm32l431xx.o [1]
  .text              ro code   0x800'dab0     0x4  startup_stm32l431xx.o [1]
  .text              ro code   0x800'dab4     0x4  startup_stm32l431xx.o [1]
  .text              ro code   0x800'dab8     0x4  startup_stm32l431xx.o [1]
  .text              ro code   0x800'dabc     0x4  startup_stm32l431xx.o [1]
  .text              ro code   0x800'dac0     0x4  startup_stm32l431xx.o [1]
  .text              ro code   0x800'dac4     0x4  startup_stm32l431xx.o [1]
  .text              ro code   0x800'dac8     0x4  startup_stm32l431xx.o [1]
  .text              ro code   0x800'dacc     0x4  startup_stm32l431xx.o [1]
  .text              ro code   0x800'dad0     0x4  startup_stm32l431xx.o [1]
  .text              ro code   0x800'dad4     0x4  startup_stm32l431xx.o [1]
  .text              ro code   0x800'dad8     0x4  startup_stm32l431xx.o [1]
  .text              ro code   0x800'dadc     0x4  startup_stm32l431xx.o [1]
  .text              ro code   0x800'dae0     0x4  startup_stm32l431xx.o [1]
  .text              ro code   0x800'dae4     0x4  startup_stm32l431xx.o [1]
  .text              ro code   0x800'dae8     0x4  startup_stm32l431xx.o [1]
  .text              ro code   0x800'daec     0x4  startup_stm32l431xx.o [1]
  .text              ro code   0x800'daf0     0x4  startup_stm32l431xx.o [1]
  .text              ro code   0x800'daf4     0x4  startup_stm32l431xx.o [1]
  .text              ro code   0x800'daf8     0x4  startup_stm32l431xx.o [1]
  .text              ro code   0x800'dafc     0x4  startup_stm32l431xx.o [1]
  .text              ro code   0x800'db00     0x4  startup_stm32l431xx.o [1]
  .text              ro code   0x800'db04     0x4  startup_stm32l431xx.o [1]
  .text              ro code   0x800'db08     0x4  startup_stm32l431xx.o [1]
  .text              ro code   0x800'db0c     0x4  startup_stm32l431xx.o [1]
  .text              ro code   0x800'db10     0x4  startup_stm32l431xx.o [1]
  .text              ro code   0x800'db14     0x4  startup_stm32l431xx.o [1]
  .text              ro code   0x800'db18     0x4  startup_stm32l431xx.o [1]
  .text              ro code   0x800'db1c     0x4  startup_stm32l431xx.o [1]
  .text              ro code   0x800'db20     0x4  startup_stm32l431xx.o [1]
  .text              ro code   0x800'db24     0x4  startup_stm32l431xx.o [1]
  .text              ro code   0x800'db28     0x4  startup_stm32l431xx.o [1]
  .text              ro code   0x800'db2c     0x4  startup_stm32l431xx.o [1]
  .text              ro code   0x800'db30     0x4  startup_stm32l431xx.o [1]
  .text              ro code   0x800'db34     0x4  startup_stm32l431xx.o [1]
  .text              ro code   0x800'db38     0x4  startup_stm32l431xx.o [1]
  .text              ro code   0x800'db3c     0x4  startup_stm32l431xx.o [1]
  .text              ro code   0x800'db40     0x4  startup_stm32l431xx.o [1]
  .text              ro code   0x800'db44     0x4  startup_stm32l431xx.o [1]
  .text              ro code   0x800'db48     0x4  startup_stm32l431xx.o [1]
  .text              ro code   0x800'db4c     0x4  startup_stm32l431xx.o [1]
  .text              ro code   0x800'db50     0x4  startup_stm32l431xx.o [1]
  .text              ro code   0x800'db54     0x4  startup_stm32l431xx.o [1]
  .text              ro code   0x800'db58     0x4  startup_stm32l431xx.o [1]
  .text              ro code   0x800'db5c     0x4  startup_stm32l431xx.o [1]
  .text              ro code   0x800'db60     0x4  startup_stm32l431xx.o [1]
  .text              ro code   0x800'db64     0x4  startup_stm32l431xx.o [1]
  .rodata            const     0x800'db68     0x0  zero_init3.o [5]
  .rodata            const     0x800'db68     0x0  lz77_init_single.o [5]
  Initializer bytes  const     0x800'db68    0x89  <for P2-1>
                             - 0x800'dbf1  0xda65

"P2", part 1 of 3:                          0x127
  P2-1                        0x2000'0000   0x127  <Init block>
    .data            inited   0x2000'0000     0x4  port.o [1]
    .data            inited   0x2000'0004     0x4  stm32l4xx_hal.o [1]
    .data            inited   0x2000'0008     0x4  system_stm32l4xx.o [1]
    .data            inited   0x2000'000c    0x20  GT60L16M2K4.o [2]
    .data            inited   0x2000'002c    0x14  GT60L16M2K4.o [2]
    .data            inited   0x2000'0040    0x14  GT60L16M2K4.o [2]
    .data            inited   0x2000'0054     0x4  GT60L16M2K4.o [2]
    .data            inited   0x2000'0058     0x4  GT60L16M2K4.o [2]
    .data            inited   0x2000'005c    0x38  xlocale_c.o [3]
    .data            inited   0x2000'0094    0x48  xlocale_c.o [3]
    .data            inited   0x2000'00dc    0x48  xfiles.o [3]
    .data            inited   0x2000'0124     0x1  blecomm.o [1]
    .data            inited   0x2000'0125     0x1  dataconfig.o [1]
    .data            inited   0x2000'0126     0x1  stm32l4xx_hal.o [1]
                            - 0x2000'0127   0x127

"P2", part 2 of 3:                         0x9350
  .bss               zero     0x2000'0128  0x5dc0  heap_4.o [1]
  .bss               zero     0x2000'5ee8  0x1200  freertos.o [1]
  .bss               zero     0x2000'70e8   0xa80  GT60L16M2K4.o [2]
  .bss               zero     0x2000'7b68   0x460  tasks.o [1]
  .bss               zero     0x2000'7fc8   0x400  cmsis_os2.o [1]
  .bss               zero     0x2000'83c8   0x2e4  GT60L16M2K4.o [2]
  .bss               zero     0x2000'86ac   0x2e4  GT60L16M2K4.o [2]
  .bss               zero     0x2000'8990   0x240  GT60L16M2K4.o [2]
  .bss               zero     0x2000'8bd0   0x200  cmsis_os2.o [1]
  .bss               zero     0x2000'8dd0    0xa0  timers.o [1]
  .bss               zero     0x2000'8e70    0x80  usart.o [1]
  .bss               zero     0x2000'8ef0    0x80  usart.o [1]
  .bss               zero     0x2000'8f70    0x80  usart.o [1]
  .bss               zero     0x2000'8ff0    0x64  adc.o [1]
  .bss               zero     0x2000'9054    0x64  spi.o [1]
  .bss               zero     0x2000'90b8    0x64  spi.o [1]
  .bss               zero     0x2000'911c    0x5c  cmsis_os2.o [1]
  .bss               zero     0x2000'9178    0x5c  cmsis_os2.o [1]
  .bss               zero     0x2000'91d4    0x50  timers.o [1]
  .bss               zero     0x2000'9224    0x50  xfiles.o [3]
  .bss               zero     0x2000'9274    0x4c  stm32l4xx_hal_timebase_tim.o [1]
  .bss               zero     0x2000'92c0    0x40  queue.o [1]
  .bss               zero     0x2000'9300    0x24  rtc.o [1]
  .bss               zero     0x2000'9324    0x14  tasks.o [1]
  .bss               zero     0x2000'9338    0x14  tasks.o [1]
  .bss               zero     0x2000'934c    0x14  tasks.o [1]
  .bss               zero     0x2000'9360    0x14  tasks.o [1]
  .bss               zero     0x2000'9374    0x14  tasks.o [1]
  .bss               zero     0x2000'9388    0x14  timers.o [1]
  .bss               zero     0x2000'939c    0x14  timers.o [1]
  .bss               zero     0x2000'93b0     0xc  dataconfig.o [1]
  .bss               zero     0x2000'93bc     0x8  heap_4.o [1]
  .bss               zero     0x2000'93c4     0x4  cmsis_os2.o [1]
  .bss               zero     0x2000'93c8     0x4  dataconfig.o [1]
  .bss               zero     0x2000'93cc     0x4  dataconfig.o [1]
  .bss               zero     0x2000'93d0     0x4  freertos.o [1]
  .bss               zero     0x2000'93d4     0x4  freertos.o [1]
  .bss               zero     0x2000'93d8     0x4  freertos.o [1]
  .bss               zero     0x2000'93dc     0x4  heap_4.o [1]
  .bss               zero     0x2000'93e0     0x4  heap_4.o [1]
  .bss               zero     0x2000'93e4     0x4  heap_4.o [1]
  .bss               zero     0x2000'93e8     0x4  heap_4.o [1]
  .bss               zero     0x2000'93ec     0x4  port.o [1]
  .bss               zero     0x2000'93f0     0x4  stm32l4xx_hal.o [1]
  .bss               zero     0x2000'93f4     0x4  tasks.o [1]
  .bss               zero     0x2000'93f8     0x4  tasks.o [1]
  .bss               zero     0x2000'93fc     0x4  tasks.o [1]
  .bss               zero     0x2000'9400     0x4  tasks.o [1]
  .bss               zero     0x2000'9404     0x4  tasks.o [1]
  .bss               zero     0x2000'9408     0x4  tasks.o [1]
  .bss               zero     0x2000'940c     0x4  tasks.o [1]
  .bss               zero     0x2000'9410     0x4  tasks.o [1]
  .bss               zero     0x2000'9414     0x4  tasks.o [1]
  .bss               zero     0x2000'9418     0x4  tasks.o [1]
  .bss               zero     0x2000'941c     0x4  tasks.o [1]
  .bss               zero     0x2000'9420     0x4  tasks.o [1]
  .bss               zero     0x2000'9424     0x4  tasks.o [1]
  .bss               zero     0x2000'9428     0x4  tasks.o [1]
  .bss               zero     0x2000'942c     0x4  tasks.o [1]
  .bss               zero     0x2000'9430     0x4  timers.o [1]
  .bss               zero     0x2000'9434     0x4  timers.o [1]
  .bss               zero     0x2000'9438     0x4  timers.o [1]
  .bss               zero     0x2000'943c     0x4  timers.o [1]
  .bss               zero     0x2000'9440     0x4  timers.o [1]
  .bss               zero     0x2000'9444     0x4  GT60L16M2K4.o [2]
  .bss               zero     0x2000'9448     0x4  GT60L16M2K4.o [2]
  .bss               zero     0x2000'944c     0x4  GT60L16M2K4.o [2]
  .bss               zero     0x2000'9450     0x4  GT60L16M2K4.o [2]
  .bss               zero     0x2000'9454     0x4  GT60L16M2K4.o [2]
  .bss               zero     0x2000'9458     0x4  GT60L16M2K4.o [2]
  .bss               zero     0x2000'945c     0x4  GT60L16M2K4.o [2]
  .bss               zero     0x2000'9460     0x4  GT60L16M2K4.o [2]
  .bss               zero     0x2000'9464     0x4  xfail_s.o [3]
  .bss               zero     0x2000'9468     0x2  dataconfig.o [1]
  .bss               zero     0x2000'946a     0x1  dataconfig.o [1]
  .bss               zero     0x2000'946b     0x1  dataconfig.o [1]
  .bss               zero     0x2000'946c     0x1  dataconfig.o [1]
  .bss               zero     0x2000'946d     0x1  dataconfig.o [1]
  .bss               zero     0x2000'946e     0x1  freertos.o [1]
  .bss               zero     0x2000'946f     0x1  port.o [1]
  .bss               zero     0x2000'9470     0x1  tablesign.o [1]
  .bss               zero     0x2000'9471     0x1  GT60L16M2K4.o [2]
  .bss               zero     0x2000'9472     0x1  GT60L16M2K4.o [2]
  .bss               zero     0x2000'9473     0x1  GT60L16M2K4.o [2]
  .bss               zero     0x2000'9474     0x1  GT60L16M2K4.o [2]
                            - 0x2000'9475  0x934d

"P2", part 3 of 3:                          0x400
  CSTACK                      0x2000'9478   0x400  <Block>
    CSTACK           uninit   0x2000'9478   0x400  <Block tail>
                            - 0x2000'9878   0x400

Unused ranges:

         From           To      Size
         ----           --      ----
   0x800'dbf1   0x803'ffff  0x3'240f
  0x2000'0127  0x2000'0127       0x1
  0x2000'9878  0x2000'ffff    0x6788


*******************************************************************************
*** INIT TABLE
***

          Address      Size
          -------      ----
Zero (__iar_zero_init3)
    1 destination range, total size 0x934d:
          0x2000'0128  0x934d

Copy/lz77 (__iar_lz77_init_single3)
    1 source range, total size 0x89 (46% of destination):
           0x800'db68    0x89
    1 destination range, total size 0x127:
          0x2000'0000   0x127



*******************************************************************************
*** MODULE SUMMARY
***

    Module                        ro code  ro data  rw data
    ------                        -------  -------  -------
command line/config:
    -------------------------------------------------------
    Total:

G:\test\testtable\Elink_table\EWARM\eTable\Obj: [1]
    FontOpt.o                         492
    GT60M2.o                          154
    adc.o                             284               100
    blecomm.o                          28        1        1
    cmsis_os2.o                     1 080             1 724
    dataconfig.o                    3 004    1 128       27
    freertos.o                        780      320    4 621
    gpio.o                            328
    heap_4.o                          628        4   24 024
    list.o                            154
    main.o                            286
    mbcrc.o                            68      512
    port.o                            604        5        9
    portasm.o                         176
    queue.o                         2 172                64
    rtc.o                              84                36
    spi.o                             468               200
    startup_stm32l431xx.o             656
    stm32l4xx_hal.o                   112        3        9
    stm32l4xx_hal_adc.o             2 056
    stm32l4xx_hal_cortex.o            332
    stm32l4xx_hal_dma.o                94
    stm32l4xx_hal_gpio.o              942
    stm32l4xx_hal_msp.o                56
    stm32l4xx_hal_pwr.o               100
    stm32l4xx_hal_pwr_ex.o            252
    stm32l4xx_hal_rcc.o             2 560
    stm32l4xx_hal_rcc_ex.o          1 184
    stm32l4xx_hal_rtc.o               412
    stm32l4xx_hal_spi.o             2 576
    stm32l4xx_hal_tim.o               786
    stm32l4xx_hal_tim_ex.o              6
    stm32l4xx_hal_timebase_tim.o      180                76
    stm32l4xx_hal_uart.o            2 592
    stm32l4xx_hal_uart_ex.o             2
    stm32l4xx_it.o                     80
    system_stm32l4xx.o                 96       74        4
    tablesign.o                     2 064      188        1
    tasks.o                         2 668        8    1 280
    timers.o                        1 236       16      300
    usart.o                           536               384
    w25q128.o                         420
    -------------------------------------------------------
    Total:                         32 788    2 259   32 860

GT60L16M2K4_STM32L431CC_iar832_1629.a: [2]
    GT60L16M2K4.o                  13 104      107    4 860
    -------------------------------------------------------
    Total:                         13 104      107    4 860

dl7M_tlf.a: [3]
    abort.o                             6
    exit.o                              4
    low_level_init.o                    4
    printf.o                           40
    putchar.o                          12
    xencoding_8859_1.o                 30
    xfail_s.o                          64                 4
    xfiles.o                                    33      152
    xlocale_c.o                       120       66      128
    xmbcurmax.o                        10
    xprintffull.o                   3 910
    xprout.o                           22
    -------------------------------------------------------
    Total:                          4 222       99      284

m7M_tls.a: [4]
    DblAdd.o                          362
    DblCmpGe.o                         46
    DblCmpLe.o                         46
    DblDiv.o                          582
    DblMul.o                          418
    DblSub.o                          226
    DblToS32.o                         58
    DblToU32.o                         40
    S32ToDbl.o                         34
    U32ToDbl.o                         26
    fpinit_M.o                         34
    frexp.o                           112
    ldexp.o                           314
    -------------------------------------------------------
    Total:                          2 298

rt7M_tl.a: [5]
    ABImemclr4.o                        6
    ABImemcpy.o                       166
    ABImemset.o                       102
    ABImemset48.o                      50
    I64DivMod.o                       560
    I64DivZer.o                         2
    cexit.o                            10
    cmain.o                            30
    cstartup_M.o                       12
    data_init.o                        40
    lz77_init_single.o                122
    memchr.o                           88
    strchr.o                           22
    strlen.o                           54
    zero_init3.o                       58
    -------------------------------------------------------
    Total:                          1 322

shb_l.a: [6]
    exit.o                             20
    -------------------------------------------------------
    Total:                             20

    Gaps                               48        6
    Linker created                              32    1 024
-----------------------------------------------------------
    Grand Total:                   53 802    2 503   39 028


*******************************************************************************
*** ENTRY LIST
***

Entry                       Address    Size  Type      Object
-----                       -------    ----  ----      ------
.iar.init_table$$Base    0x800'd86c           --   Gb  - Linker created -
.iar.init_table$$Limit   0x800'd88c           --   Gb  - Linker created -
?main                    0x800'd8ed          Code  Gb  cmain.o [5]
ADC_DeInit               0x800'498b     0xa  Code  Gb  adc.o [1]
AHBPrescTable            0x800'd9ec    0x10  Data  Gb  system_stm32l4xx.o [1]
APBPrescTable            0x800'da44     0x8  Data  Gb  system_stm32l4xx.o [1]
ASCII_GB18030            0x800'2c0f   0x25c  Code  Lc  GT60L16M2K4.o [2]
Analyze_Wirle_Data       0x800'93a7   0x36c  Code  Gb  dataconfig.o [1]
BLE_Answer_Data          0x800'9305    0x12  Code  Gb  dataconfig.o [1]
BLE_Answer_Type          0x800'9317    0x1a  Code  Gb  dataconfig.o [1]
BLE_Send_Data            0x800'b50d    0x1c  Code  Gb  blecomm.o [1]
BLE_handle_uartirq       0x800'520b    0x12  Code  Gb  freertos.o [1]
BSpline                  0x800'19b9   0x436  Code  Lc  GT60L16M2K4.o [2]
BhOffset                0x2000'9458     0x4  Data  Lc  GT60L16M2K4.o [2]
BusFault_Handler         0x800'd28b     0x2  Code  Gb  stm32l4xx_it.o [1]
CSTACK$$Base            0x2000'9478           --   Gb  - Linker created -
CSTACK$$Limit           0x2000'9878           --   Gb  - Linker created -
CacheMore                0x800'c561    0x24  Code  Lc  xlocale_c.o [3]
CheckTableBusy           0x800'9add    0x82  Code  Gb  tablesign.o [1]
Check_Data_CRC           0x800'8f21    0x5e  Code  Gb  dataconfig.o [1]
ClearScanData            0x800'1543    0x40  Code  Lc  GT60L16M2K4.o [2]
ConfigdisTaskHandle     0x2000'93d4     0x4  Data  Gb  freertos.o [1]
ConfigdisTask_attributes
                         0x800'd800    0x24  Data  Gb  freertos.o [1]
DebugMon_Handler         0x800'd28f     0x2  Code  Gb  stm32l4xx_it.o [1]
Display_Pic_Write        0x800'9e49    0x9e  Code  Gb  tablesign.o [1]
Display_Pix_Write        0x800'9b5f   0x2ea  Code  Gb  tablesign.o [1]
Displayflag             0x2000'9470     0x1  Data  Gb  tablesign.o [1]
Draw_fh                  0x800'30e9   0x11e  Code  Lc  GT60L16M2K4.o [2]
Draw_hz                  0x800'2e8d   0x25c  Code  Lc  GT60L16M2K4.o [2]
EXTI3_IRQHandler         0x800'd2c5    0x10  Code  Gb  stm32l4xx_it.o [1]
Error_Handler            0x800'471d     0x2  Code  Gb  main.o [1]
FhDaOffset              0x2000'944c     0x4  Data  Lc  GT60L16M2K4.o [2]
FhIdOffset              0x2000'9448     0x4  Data  Lc  GT60L16M2K4.o [2]
GT60M2_Read_byte         0x800'34cd    0x20  Code  Gb  GT60M2.o [1]
GT60M2_Write_byte        0x800'34bd    0x10  Code  Gb  GT60M2.o [1]
GetBLETask               0x800'5081    0x96  Code  Gb  freertos.o [1]
Get_pic_Addr             0x800'92b5    0x50  Code  Gb  dataconfig.o [1]
HAL_ADC_ConfigChannel    0x800'68f1   0x498  Code  Gb  stm32l4xx_hal_adc.o [1]
HAL_ADC_Init             0x800'66eb   0x1dc  Code  Gb  stm32l4xx_hal_adc.o [1]
HAL_ADC_MspDeInit        0x800'496b    0x20  Code  Gb  adc.o [1]
HAL_ADC_MspInit          0x800'4917    0x54  Code  Gb  adc.o [1]
HAL_DMA_Abort_IT         0x800'a3b9    0x5e  Code  Gb  stm32l4xx_hal_dma.o [1]
HAL_Delay                0x800'c471    0x28  Code  Wk  stm32l4xx_hal.o [1]
HAL_GPIO_DeInit          0x800'41eb   0x166  Code  Gb  stm32l4xx_hal_gpio.o [1]
HAL_GPIO_EXTI_IRQHandler
                         0x800'437f    0x20  Code  Gb  stm32l4xx_hal_gpio.o [1]
HAL_GPIO_Init            0x800'4021   0x1ca  Code  Gb  stm32l4xx_hal_gpio.o [1]
HAL_GPIO_ReadPin         0x800'4351    0x16  Code  Gb  stm32l4xx_hal_gpio.o [1]
HAL_GPIO_WritePin        0x800'4367    0x18  Code  Gb  stm32l4xx_hal_gpio.o [1]
HAL_GetTick              0x800'45f5     0xc  Code  Wk  stm32l4xx_hal.o [1]
HAL_IncTick              0x800'6359    0x18  Code  Wk  stm32l4xx_hal.o [1]
HAL_Init                 0x800'4721    0x24  Code  Gb  stm32l4xx_hal.o [1]
HAL_InitTick             0x800'64bd    0x84  Code  Gb  stm32l4xx_hal_timebase_tim.o [1]
HAL_MspInit              0x800'6571    0x38  Code  Gb  stm32l4xx_hal_msp.o [1]
HAL_NVIC_DisableIRQ      0x800'6495     0xe  Code  Gb  stm32l4xx_hal_cortex.o [1]
HAL_NVIC_EnableIRQ       0x800'6487     0xe  Code  Gb  stm32l4xx_hal_cortex.o [1]
HAL_NVIC_SetPriority     0x800'645d    0x2a  Code  Gb  stm32l4xx_hal_cortex.o [1]
HAL_NVIC_SetPriorityGrouping
                         0x800'6451     0xc  Code  Gb  stm32l4xx_hal_cortex.o [1]
HAL_PWREx_ControlVoltageScaling
                         0x800'6269    0x76  Code  Gb  stm32l4xx_hal_pwr_ex.o [1]
HAL_PWREx_EnterSTOP0Mode
                         0x800'62df    0x30  Code  Gb  stm32l4xx_hal_pwr_ex.o [1]
HAL_PWREx_EnterSTOP1Mode
                         0x800'630f    0x34  Code  Gb  stm32l4xx_hal_pwr_ex.o [1]
HAL_PWREx_GetVoltageRange
                         0x800'625d     0xc  Code  Gb  stm32l4xx_hal_pwr_ex.o [1]
HAL_PWR_DeInit           0x800'5359    0x14  Code  Gb  stm32l4xx_hal_pwr.o [1]
HAL_PWR_DisablePVD       0x800'5385     0xc  Code  Gb  stm32l4xx_hal_pwr.o [1]
HAL_PWR_EnableBkUpAccess
                         0x800'536d     0xc  Code  Gb  stm32l4xx_hal_pwr.o [1]
HAL_PWR_EnablePVD        0x800'5379     0xc  Code  Gb  stm32l4xx_hal_pwr.o [1]
HAL_PWR_EnterSTOPMode    0x800'5391    0x20  Code  Gb  stm32l4xx_hal_pwr.o [1]
HAL_RCCEx_PeriphCLKConfig
                         0x800'5dbd   0x304  Code  Gb  stm32l4xx_hal_rcc_ex.o [1]
HAL_RCC_ClockConfig      0x800'5a57   0x14c  Code  Gb  stm32l4xx_hal_rcc.o [1]
HAL_RCC_GetClockConfig   0x800'5cb1    0x34  Code  Gb  stm32l4xx_hal_rcc.o [1]
HAL_RCC_GetHCLKFreq      0x800'5c77     0x6  Code  Gb  stm32l4xx_hal_rcc.o [1]
HAL_RCC_GetPCLK1Freq     0x800'5c7d    0x1a  Code  Gb  stm32l4xx_hal_rcc.o [1]
HAL_RCC_GetPCLK2Freq     0x800'5c97    0x1a  Code  Gb  stm32l4xx_hal_rcc.o [1]
HAL_RCC_GetSysClockFreq
                         0x800'5ba3    0xd4  Code  Gb  stm32l4xx_hal_rcc.o [1]
HAL_RCC_OscConfig        0x800'53bd   0x69a  Code  Gb  stm32l4xx_hal_rcc.o [1]
HAL_RTC_Init             0x800'6db1    0xb4  Code  Gb  stm32l4xx_hal_rtc.o [1]
HAL_RTC_MspInit          0x800'49db    0x14  Code  Gb  rtc.o [1]
HAL_RTC_WaitForSynchro   0x800'6e65    0x34  Code  Gb  stm32l4xx_hal_rtc.o [1]
HAL_ResumeTick           0x800'6551    0x10  Code  Gb  stm32l4xx_hal_timebase_tim.o [1]
HAL_SPI_Init             0x800'3611    0xf8  Code  Gb  stm32l4xx_hal_spi.o [1]
HAL_SPI_MspDeInit        0x800'4573    0x40  Code  Gb  spi.o [1]
HAL_SPI_MspInit          0x800'44c3    0xb0  Code  Gb  spi.o [1]
HAL_SPI_Receive          0x800'38fd   0x1b0  Code  Gb  stm32l4xx_hal_spi.o [1]
HAL_SPI_Transmit         0x800'3709   0x1f4  Code  Gb  stm32l4xx_hal_spi.o [1]
HAL_SPI_TransmitReceive
                         0x800'3aad   0x2ce  Code  Gb  stm32l4xx_hal_spi.o [1]
HAL_SuspendTick          0x800'6541    0x10  Code  Gb  stm32l4xx_hal_timebase_tim.o [1]
HAL_TIMEx_Break2Callback
                         0x800'c4a1     0x2  Code  Wk  stm32l4xx_hal_tim_ex.o [1]
HAL_TIMEx_BreakCallback
                         0x800'c49f     0x2  Code  Wk  stm32l4xx_hal_tim_ex.o [1]
HAL_TIMEx_CommutCallback
                         0x800'c4a5     0x2  Code  Wk  stm32l4xx_hal_tim_ex.o [1]
HAL_TIM_Base_Init        0x800'a0ad    0x7a  Code  Gb  stm32l4xx_hal_tim.o [1]
HAL_TIM_Base_Start_IT    0x800'a127    0x70  Code  Gb  stm32l4xx_hal_tim.o [1]
HAL_TIM_IRQHandler       0x800'a1a5   0x194  Code  Gb  stm32l4xx_hal_tim.o [1]
HAL_TIM_PeriodElapsedCallback
                         0x800'46fd    0x12  Code  Gb  main.o [1]
HAL_UARTEx_WakeupCallback
                         0x800'a419     0x2  Code  Wk  stm32l4xx_hal_uart_ex.o [1]
HAL_UART_IRQHandler      0x800'7187   0x1b0  Code  Gb  stm32l4xx_hal_uart.o [1]
HAL_UART_Init            0x800'6f4d    0x7a  Code  Gb  stm32l4xx_hal_uart.o [1]
HAL_UART_MspInit         0x800'4ab1   0x10e  Code  Gb  usart.o [1]
HAL_UART_Receive_IT      0x800'70a1    0xe6  Code  Gb  stm32l4xx_hal_uart.o [1]
HAL_UART_Transmit        0x800'6fc7    0xda  Code  Gb  stm32l4xx_hal_uart.o [1]
HSBuf                   0x2000'70e8   0xa80  Data  Lc  GT60L16M2K4.o [2]
HVGap                    0x800'441e     0x1  Data  Lc  GT60L16M2K4.o [2]
HardFault_Handler        0x800'd287     0x2  Code  Gb  stm32l4xx_it.o [1]
HzOffset                0x2000'9450     0x4  Data  Lc  GT60L16M2K4.o [2]
Idle_Stack              0x2000'8bd0   0x200  Data  Lc  cmsis_os2.o [1]
Idle_TCB                0x2000'911c    0x5c  Data  Lc  cmsis_os2.o [1]
InputTexttoFlash         0x800'b157   0x1c8  Code  Gb  FontOpt.o [1]
InternalPixlateData      0x800'150b    0x38  Code  Lc  GT60L16M2K4.o [2]
KernelState             0x2000'93c4     0x4  Data  Lc  cmsis_os2.o [1]
L2BE24                   0x800'045d    0x30  Code  Lc  GT60L16M2K4.o [2]
LL_ADC_DisableDeepPowerDown
                         0x800'669f     0xc  Code  Lc  stm32l4xx_hal_adc.o [1]
LL_ADC_EnableInternalRegulator
                         0x800'66b5    0x10  Code  Lc  stm32l4xx_hal_adc.o [1]
LL_ADC_GetCommonPathInternalCh
                         0x800'65c1     0x8  Code  Lc  stm32l4xx_hal_adc.o [1]
LL_ADC_GetOffsetChannel
                         0x800'65ed    0x12  Code  Lc  stm32l4xx_hal_adc.o [1]
LL_ADC_INJ_IsConversionOngoing
                         0x800'66e1     0xa  Code  Lc  stm32l4xx_hal_adc.o [1]
LL_ADC_IsDeepPowerDownEnabled
                         0x800'66ab     0xa  Code  Lc  stm32l4xx_hal_adc.o [1]
LL_ADC_IsEnabled         0x800'66cf     0x8  Code  Lc  stm32l4xx_hal_adc.o [1]
LL_ADC_IsInternalRegulatorEnabled
                         0x800'66c5     0xa  Code  Lc  stm32l4xx_hal_adc.o [1]
LL_ADC_REG_IsConversionOngoing
                         0x800'66d7     0xa  Code  Lc  stm32l4xx_hal_adc.o [1]
LL_ADC_REG_SetSequencerRanks
                         0x800'6617    0x2e  Code  Lc  stm32l4xx_hal_adc.o [1]
LL_ADC_SetChannelSamplingTime
                         0x800'6645    0x34  Code  Lc  stm32l4xx_hal_adc.o [1]
LL_ADC_SetChannelSingleDiff
                         0x800'6679    0x26  Code  Lc  stm32l4xx_hal_adc.o [1]
LL_ADC_SetCommonClock    0x800'65a9     0xc  Code  Lc  stm32l4xx_hal_adc.o [1]
LL_ADC_SetCommonPathInternalCh
                         0x800'65b5     0xc  Code  Lc  stm32l4xx_hal_adc.o [1]
LL_ADC_SetOffset         0x800'65c9    0x24  Code  Lc  stm32l4xx_hal_adc.o [1]
LL_ADC_SetOffsetState    0x800'65ff    0x18  Code  Lc  stm32l4xx_hal_adc.o [1]
LoadFontAddr             0x800'0319   0x142  Code  Lc  GT60L16M2K4.o [2]
LoadInt                  0x800'b6eb    0x7a  Code  Lc  xprintffull.o [3]
Lpower_sleep_config      0x800'521d    0xee  Code  Gb  freertos.o [1]
MSIRangeTable            0x800'd514    0x30  Data  Gb  system_stm32l4xx.o [1]
MX_ADC1_Init             0x800'488d    0x8a  Code  Gb  adc.o [1]
MX_FREERTOS_Init         0x800'504d    0x34  Code  Gb  freertos.o [1]
MX_GPIO_Init             0x800'4745    0xf0  Code  Gb  gpio.o [1]
MX_RTC_Init              0x800'49a9    0x32  Code  Gb  rtc.o [1]
MX_SPI1_Init             0x800'4421    0x50  Code  Gb  spi.o [1]
MX_SPI2_Init             0x800'4471    0x52  Code  Gb  spi.o [1]
MX_USART1_UART_Init      0x800'49fd    0x3c  Code  Gb  usart.o [1]
MX_USART2_UART_Init      0x800'4a39    0x3c  Code  Gb  usart.o [1]
MX_USART3_UART_Init      0x800'4a75    0x3c  Code  Gb  usart.o [1]
MaskBitmap               0x800'1589   0x322  Code  Lc  GT60L16M2K4.o [2]
MemManage_Handler        0x800'd289     0x2  Code  Gb  stm32l4xx_it.o [1]
NMI_Handler              0x800'd285     0x2  Code  Gb  stm32l4xx_it.o [1]
NVIC_EncodePriority      0x800'6411    0x40  Code  Lc  stm32l4xx_hal_cortex.o [1]
P_addr                  0x2000'9444     0x4  Data  Lc  GT60L16M2K4.o [2]
PatchBitmap              0x800'18ab    0xc8  Code  Lc  GT60L16M2K4.o [2]
PendSV_Handler           0x800'c4ad          Code  Gb  portasm.o [1]
PicandTextflag          0x2000'946b     0x1  Data  Gb  dataconfig.o [1]
Picture_param_write      0x800'904d   0x268  Code  Gb  dataconfig.o [1]
Picture_param_write::ecount
                        0x2000'9468     0x2  Data  Lc  dataconfig.o [1]
Picture_param_write::firstaddr
                        0x2000'93c8     0x4  Data  Lc  dataconfig.o [1]
Picture_param_write::nextaddr
                        0x2000'93cc     0x4  Data  Lc  dataconfig.o [1]
Pul_Cmd_Analyze          0x800'9331    0x76  Code  Gb  dataconfig.o [1]
QueueBLEusartHandle     0x2000'93d8     0x4  Data  Gb  freertos.o [1]
QueueBLEusart_attributes
                         0x800'd96c    0x18  Data  Gb  freertos.o [1]
RCCEx_PLLSAI1_Config     0x800'60d5   0x16e  Code  Lc  stm32l4xx_hal_rcc_ex.o [1]
RCC_SetFlashLatencyFromMSIRange
                         0x800'5cf9    0x8a  Code  Lc  stm32l4xx_hal_rcc.o [1]
RTC_EnterInitMode        0x800'6e99    0x4c  Code  Gb  stm32l4xx_hal_rtc.o [1]
RTC_ExitInitMode         0x800'6ee5    0x58  Code  Gb  stm32l4xx_hal_rtc.o [1]
Region$$Table$$Base      0x800'd86c           --   Gb  - Linker created -
Region$$Table$$Limit     0x800'd88c           --   Gb  - Linker created -
Rev_DataAnalye           0x800'9713    0xc2  Code  Gb  dataconfig.o [1]
SPI_DeInit               0x800'45b3    0x10  Code  Gb  spi.o [1]
SPI_EndRxTransaction     0x800'3f31    0x86  Code  Lc  stm32l4xx_hal_spi.o [1]
SPI_EndRxTxTransaction   0x800'3fb7    0x6a  Code  Lc  stm32l4xx_hal_spi.o [1]
SPI_Init                 0x800'45c3    0x10  Code  Gb  spi.o [1]
SPI_WaitFifoStateUntilTimeout
                         0x800'3e53    0xda  Code  Lc  stm32l4xx_hal_spi.o [1]
SPI_WaitFlagStateUntilTimeout
                         0x800'3d7b    0xd8  Code  Lc  stm32l4xx_hal_spi.o [1]
SVC_Handler              0x800'c505          Code  Gb  portasm.o [1]
SVC_Setup                0x800'4c15     0x2  Code  Lc  cmsis_os2.o [1]
ScanColumn               0x800'0edd   0x62e  Code  Lc  GT60L16M2K4.o [2]
ScanDownLeft             0x800'0505    0x76  Code  Lc  GT60L16M2K4.o [2]
ScanDownLeft_V           0x800'0731    0x7a  Code  Lc  GT60L16M2K4.o [2]
ScanDownRight            0x800'048d    0x76  Code  Lc  GT60L16M2K4.o [2]
ScanDownRight_V          0x800'0695    0x9c  Code  Lc  GT60L16M2K4.o [2]
ScanLine                 0x800'08c1   0x5e4  Code  Lc  GT60L16M2K4.o [2]
ScanUpperLeft            0x800'057d    0x8c  Code  Lc  GT60L16M2K4.o [2]
ScanUpperLeft_V          0x800'07ab    0x7a  Code  Lc  GT60L16M2K4.o [2]
ScanUpperRight           0x800'0609    0x8c  Code  Lc  GT60L16M2K4.o [2]
ScanUpperRight_V         0x800'0825    0x9a  Code  Lc  GT60L16M2K4.o [2]
Swit_Rev_Vectype         0x800'8ef5    0x2c  Code  Gb  dataconfig.o [1]
SysTick_Handler          0x800'aae1    0x28  Code  Gb  port.o [1]
SystemClock_Config       0x800'4639    0xc4  Code  Gb  main.o [1]
SystemCoreClock         0x2000'0008     0x4  Data  Gb  system_stm32l4xx.o [1]
SystemInit               0x800'd1cd    0x42  Code  Gb  system_stm32l4xx.o [1]
TIM1_UP_TIM16_IRQHandler
                         0x800'd291     0xa  Code  Gb  stm32l4xx_it.o [1]
TIM_Base_SetConfig       0x800'a339    0x6e  Code  Gb  stm32l4xx_hal_tim.o [1]
TableSectorErase         0x800'b139    0x1e  Code  Gb  FontOpt.o [1]
TableSignInit            0x800'989d    0xb6  Code  Gb  tablesign.o [1]
TableSignSeting          0x800'9ee7   0x1a4  Code  Gb  tablesign.o [1]
TableSignWriteByte       0x800'9953    0xd0  Code  Gb  tablesign.o [1]
TableSignWriteData       0x800'9a23    0xba  Code  Gb  tablesign.o [1]
Text_param_count         0x800'8cb9   0x23c  Code  Gb  dataconfig.o [1]
Text_param_write         0x800'8f7f    0xce  Code  Gb  dataconfig.o [1]
Timer_Stack             0x2000'7fc8   0x400  Data  Lc  cmsis_os2.o [1]
Timer_TCB               0x2000'9178    0x5c  Data  Lc  cmsis_os2.o [1]
UART_AdvFeatureConfig    0x800'7641    0xda  Code  Gb  stm32l4xx_hal_uart.o [1]
UART_CheckIdleState      0x800'771b    0x68  Code  Gb  stm32l4xx_hal_uart.o [1]
UART_DMAAbortOnError     0x800'7855    0x1a  Code  Lc  stm32l4xx_hal_uart.o [1]
UART_EndRxTransfer       0x800'7833    0x22  Code  Lc  stm32l4xx_hal_uart.o [1]
UART_EndTransmit_IT      0x800'7871    0x20  Code  Lc  stm32l4xx_hal_uart.o [1]
UART_Init                0x800'4bd7    0x16  Code  Gb  usart.o [1]
UART_RxISR_16BIT         0x800'78fb    0x6c  Code  Lc  stm32l4xx_hal_uart.o [1]
UART_RxISR_8BIT          0x800'7891    0x6a  Code  Lc  stm32l4xx_hal_uart.o [1]
UART_SetConfig           0x800'7341   0x2de  Code  Gb  stm32l4xx_hal_uart.o [1]
UART_WaitOnFlagUntilTimeout
                         0x800'7783    0xb0  Code  Gb  stm32l4xx_hal_uart.o [1]
USART2_IRQHandler        0x800'd29b    0x1e  Code  Gb  stm32l4xx_it.o [1]
UsageFault_Handler       0x800'd28d     0x2  Code  Gb  stm32l4xx_it.o [1]
VSBuf                   0x2000'8990   0x240  Data  Lc  GT60L16M2K4.o [2]
W25X_BufferRead          0x800'b4b9    0x4c  Code  Gb  w25q128.o [1]
W25X_FLASH_PageWrite     0x800'b44b    0x6e  Code  Gb  w25q128.o [1]
W25X_Read_data           0x800'b38f    0x16  Code  Gb  w25q128.o [1]
W25X_SectorErase         0x800'b3db    0x70  Code  Gb  w25q128.o [1]
W25X_WaitForWriteEnd     0x800'b3a5    0x36  Code  Gb  w25q128.o [1]
W25X_Write_byte          0x800'b369    0x10  Code  Gb  w25q128.o [1]
W25X_Write_data          0x800'b379    0x16  Code  Gb  w25q128.o [1]
ZrOffset                0x2000'9454     0x4  Data  Lc  GT60L16M2K4.o [2]
_Encoding_8859_1_Mbrlen
                         0x800'43e1     0x2  Code  Gb  xencoding_8859_1.o [3]
_Encoding_8859_1_Wctomb
                         0x800'43cf    0x12  Code  Gb  xencoding_8859_1.o [3]
_GenldFull               0x800'c149   0x274  Code  Lc  xprintffull.o [3]
_LdtobFull               0x800'bd45   0x3d6  Code  Lc  xprintffull.o [3]
_LitobFull               0x800'bbf5   0x10a  Code  Lc  xprintffull.o [3]
_Locale_lconv           0x2000'005c    0x38  Data  Lc  xlocale_c.o [3]
_PrintfFull              0x800'b529   0x1aa  Code  Gb  xprintffull.o [3]
_Prout                   0x800'd985    0x16  Code  Gb  xprout.o [3]
_PutcharsFull            0x800'c3bd    0x2e  Code  Lc  xprintffull.o [3]
_PutfldFull              0x800'b765   0x2d4  Code  Lc  xprintffull.o [3]
_PutstrFull              0x800'bb2f    0xc6  Code  Lc  xprintffull.o [3]
_PuttxtFull              0x800'ba39    0xf6  Code  Lc  xprintffull.o [3]
__NVIC_DisableIRQ        0x800'63bf    0x26  Code  Lc  stm32l4xx_hal_cortex.o [1]
__NVIC_EnableIRQ         0x800'63a1    0x1e  Code  Lc  stm32l4xx_hal_cortex.o [1]
__NVIC_GetPriorityGrouping
                         0x800'6393     0xc  Code  Lc  stm32l4xx_hal_cortex.o [1]
__NVIC_SetPriority       0x800'63e5    0x2c  Code  Lc  stm32l4xx_hal_cortex.o [1]
__NVIC_SetPriorityGrouping
                         0x800'6371    0x22  Code  Lc  stm32l4xx_hal_cortex.o [1]
__aeabi_cdcmple          0x800'c8dd          Code  Gb  DblCmpLe.o [4]
__aeabi_cdrcmple         0x800'c90d          Code  Gb  DblCmpGe.o [4]
__aeabi_d2iz             0x800'ca79          Code  Gb  DblToS32.o [4]
__aeabi_d2uiz            0x800'ce05          Code  Gb  DblToU32.o [4]
__aeabi_ddiv             0x800'cbbd          Code  Gb  DblDiv.o [4]
__aeabi_dmul             0x800'c6c9          Code  Gb  DblMul.o [4]
__aeabi_dsub             0x800'cad9          Code  Gb  DblSub.o [4]
__aeabi_i2d              0x800'cab5          Code  Gb  S32ToDbl.o [4]
__aeabi_ldiv0            0x800'c4a9          Code  Gb  I64DivZer.o [5]
__aeabi_memclr4          0x800'35d1          Code  Gb  ABImemclr4.o [5]
__aeabi_memcpy           0x800'b091          Code  Gb  ABImemcpy.o [5]
__aeabi_memcpy4          0x800'b0b1          Code  Gb  ABImemcpy.o [5]
__aeabi_memcpy8          0x800'b0b1          Code  Gb  ABImemcpy.o [5]
__aeabi_memset           0x800'8c51          Code  Gb  ABImemset.o [5]
__aeabi_ui2d             0x800'ce2d          Code  Gb  U32ToDbl.o [4]
__aeabi_uldivmod         0x800'a41d          Code  Gb  I64DivMod.o [5]
__cmain                  0x800'd8ed          Code  Gb  cmain.o [5]
__exit                   0x800'cfb9    0x14  Code  Gb  exit.o [6]
__iar_Fail_s             0x800'c5ed    0x1c  Code  Gb  xfail_s.o [3]
__iar_Mbcurmax           0x800'c6bd     0xa  Code  Gb  xmbcurmax.o [3]
__iar_Memchr             0x800'c665          Code  Gb  memchr.o [5]
__iar_Memset             0x800'8c51          Code  Gb  ABImemset.o [5]
__iar_Memset4_word       0x800'43ed          Code  Gb  ABImemset48.o [5]
__iar_Memset8_word       0x800'43ed          Code  Gb  ABImemset48.o [5]
__iar_Memset_word        0x800'8c59          Code  Gb  ABImemset.o [5]
__iar_Stdout            0x2000'00dc    0x48  Data  Gb  xfiles.o [3]
__iar_Strchr             0x800'c5d5          Code  Gb  strchr.o [5]
__iar_dadd               0x800'cae9          Code  Gb  DblSub.o [4]
__iar_data_init3         0x800'd6b9    0x28  Code  Gb  data_init.o [5]
__iar_dsub               0x800'ce4d          Code  Gb  DblAdd.o [4]
__iar_dsubStart          0x800'ce5f          Code  Gb  DblAdd.o [4]
__iar_frexp              0x800'c879          Code  Gb  frexp.o [4]
__iar_frexpl             0x800'c879          Code  Gb  frexp.o [4]
__iar_globLocale        0x2000'0094    0x48  Data  Lc  xlocale_c.o [3]
__iar_global_Locale      0x800'c55d     0x4  Code  Gb  xlocale_c.o [3]
__iar_init_vfp           0x800'd849          Code  Gb  fpinit_M.o [4]
__iar_ldexp64            0x800'c93d          Code  Gb  ldexp.o [4]
__iar_lz77_init_single3
                         0x800'3557    0x7a  Code  Gb  lz77_init_single.o [5]
__iar_program_start      0x800'da31          Code  Gb  cstartup_M.o [5]
__iar_scalbln64          0x800'c93d          Code  Gb  ldexp.o [4]
__iar_scalbn64           0x800'c93d          Code  Gb  ldexp.o [4]
__iar_softfp___iar_frexp64
                         0x800'c86d          Code  Gb  frexp.o [4]
__iar_softfp_frexp       0x800'c86d          Code  Gb  frexp.o [4]
__iar_softfp_frexpl      0x800'c86d          Code  Gb  frexp.o [4]
__iar_zero_init3         0x800'35d7    0x3a  Code  Gb  zero_init3.o [5]
__low_level_init         0x800'd90b     0x4  Code  Gb  low_level_init.o [3]
__vector_table           0x800'0000          Data  Gb  startup_stm32l431xx.o [1]
_call_main               0x800'd8f9          Code  Gb  cmain.o [5]
_exit                    0x800'd915          Code  Gb  cexit.o [5]
_gLocale_mblen           0x800'c5c1     0x4  Code  Gb  xlocale_c.o [3]
_gLocale_mblenInt        0x800'c585    0x2c  Code  Gb  xlocale_c.o [3]
_gLocale_wctomb          0x800'c5c5     0x4  Code  Gb  xlocale_c.o [3]
_gLocale_wctombInt       0x800'c5bd     0x4  Code  Gb  xlocale_c.o [3]
_main                    0x800'd907          Code  Gb  cmain.o [5]
abort                    0x800'ce47     0x6  Code  Gb  abort.o [3]
arBit1                   0x800'd8cc    0x20  Data  Lc  GT60L16M2K4.o [2]
arMask                   0x800'd824    0x24  Data  Lc  GT60L16M2K4.o [2]
aucCRCHi                 0x800'cfcc   0x100  Data  Lc  mbcrc.o [1]
aucCRCLo                 0x800'd0cc   0x100  Data  Lc  mbcrc.o [1]
bending                  0x800'1df9    0x9a  Code  Lc  GT60L16M2K4.o [2]
chdata                  0x2000'0124     0x1  Data  Gb  blecomm.o [1]
codeToNo                 0x800'2e85     0x8  Code  Lc  GT60L16M2K4.o [2]
configdisTask            0x800'5119    0xf2  Code  Gb  freertos.o [1]
connttimeout            0x2000'946e     0x1  Data  Gb  freertos.o [1]
curvatureCal             0x800'1ee9   0x300  Code  Lc  GT60L16M2K4.o [2]
eDisplay_Data           0x2000'93b0     0xc  Data  Gb  dataconfig.o [1]
eTableDisplayType       0x2000'946d     0x1  Data  Gb  dataconfig.o [1]
eTextandPicFlag         0x2000'946a     0x1  Data  Gb  dataconfig.o [1]
eWaitPicSta             0x2000'0125     0x1  Data  Gb  dataconfig.o [1]
exit                     0x800'd90f     0x4  Code  Gb  exit.o [3]
fillBuffer               0x800'1973    0x30  Code  Lc  GT60L16M2K4.o [2]
fputc                    0x800'4bbf    0x18  Code  Gb  usart.o [1]
getBLETaskHandle        0x2000'93d0     0x4  Data  Gb  freertos.o [1]
getBLETask_attributes    0x800'd7dc    0x24  Data  Gb  freertos.o [1]
getBhDetailData          0x800'21e9   0xa26  Code  Lc  GT60L16M2K4.o [2]
get_font                 0x800'32ed   0x15e  Code  Gb  GT60L16M2K4.o [2]
gt                       0x800'018d   0x140  Code  Gb  GT60L16M2K4.o [2]
hadc1                   0x2000'8ff0    0x64  Data  Gb  adc.o [1]
hrtc                    0x2000'9300    0x24  Data  Gb  rtc.o [1]
hspi1                   0x2000'9054    0x64  Data  Gb  spi.o [1]
hspi2                   0x2000'90b8    0x64  Data  Gb  spi.o [1]
htim16                  0x2000'9274    0x4c  Data  Gb  stm32l4xx_hal_timebase_tim.o [1]
huart1                  0x2000'8e70    0x80  Data  Gb  usart.o [1]
huart2                  0x2000'8ef0    0x80  Data  Gb  usart.o [1]
huart3                  0x2000'8f70    0x80  Data  Gb  usart.o [1]
ldexp                    0x800'c93d          Code  Gb  ldexp.o [4]
ldexpl                   0x800'c93d          Code  Gb  ldexp.o [4]
linear                   0x800'1e9d    0x32  Code  Lc  GT60L16M2K4.o [2]
localeconv               0x800'c5c9     0x4  Code  Gb  xlocale_c.o [3]
main                     0x800'4601    0x38  Code  Gb  main.o [1]
memchr                   0x800'c665          Code  Gb  memchr.o [5]
nLSize                   0x800'441f     0x1  Data  Lc  GT60L16M2K4.o [2]
nextaddrcount           0x2000'946c     0x1  Data  Gb  dataconfig.o [1]
obuf                    0x2000'9224    0x50  Data  Lc  xfiles.o [3]
osDelay                  0x800'4d9f    0x3c  Code  Gb  cmsis_os2.o [1]
osKernelInitialize       0x800'4c17    0x40  Code  Gb  cmsis_os2.o [1]
osKernelStart            0x800'4c57    0x4a  Code  Gb  cmsis_os2.o [1]
osMessageQueueGet        0x800'4f67    0xae  Code  Gb  cmsis_os2.o [1]
osMessageQueueNew        0x800'4de5    0xd0  Code  Gb  cmsis_os2.o [1]
osMessageQueuePut        0x800'4eb5    0xb2  Code  Gb  cmsis_os2.o [1]
osThreadNew              0x800'4ca1    0xfe  Code  Gb  cmsis_os2.o [1]
pBits                   0x2000'5ee8  0x1200  Data  Gb  freertos.o [1]
pHScan                  0x2000'945c     0x4  Data  Lc  GT60L16M2K4.o [2]
pScanVoidFunction       0x2000'002c    0x14  Data  Lc  GT60L16M2K4.o [2]
pScanVoidFunction_V     0x2000'0040    0x14  Data  Lc  GT60L16M2K4.o [2]
pVScan                  0x2000'9460     0x4  Data  Lc  GT60L16M2K4.o [2]
pcInterruptPriorityRegisters
                         0x800'da70     0x4  Data  Lc  port.o [1]
pos_x                   0x2000'83c8   0x2e4  Data  Lc  GT60L16M2K4.o [2]
pos_y                   0x2000'86ac   0x2e4  Data  Lc  GT60L16M2K4.o [2]
ppx                     0x2000'0054     0x4  Data  Lc  GT60L16M2K4.o [2]
ppy                     0x2000'0058     0x4  Data  Lc  GT60L16M2K4.o [2]
printf                   0x800'9875    0x28  Code  Gb  printf.o [3]
prvAddCurrentTaskToDelayedList
                         0x800'8335    0x6c  Code  Lc  tasks.o [1]
prvAddNewTaskToReadyList
                         0x800'7b67    0x9e  Code  Lc  tasks.o [1]
prvCheckForValidListAndQueue
                         0x800'b015    0x4c  Code  Lc  timers.o [1]
prvCheckForValidListAndQueue{1}{2}{3}{4}::ucStaticTimerQueueStorage
                        0x2000'8dd0    0xa0  Data  Lc  timers.o [1]
prvCheckForValidListAndQueue{1}{2}{3}{4}::xStaticTimerQueue
                        0x2000'91d4    0x50  Data  Lc  timers.o [1]
prvCheckTasksWaitingTermination
                         0x800'81af    0x3e  Code  Lc  tasks.o [1]
prvCopyDataFromQueue     0x800'8afd    0x36  Code  Lc  queue.o [1]
prvCopyDataToQueue       0x800'8a61    0x9c  Code  Lc  queue.o [1]
prvDeleteTCB             0x800'81f1    0x44  Code  Lc  tasks.o [1]
prvGetNextExpireTime     0x800'ada7    0x28  Code  Lc  timers.o [1]
prvHeapInit              0x800'a7e5    0x62  Code  Lc  heap_4.o [1]
prvIdleTask              0x800'8135    0x24  Code  Lc  tasks.o [1]
prvInitialiseNewQueue    0x800'8587    0x36  Code  Lc  queue.o [1]
prvInitialiseNewTask     0x800'7a81    0xe6  Code  Lc  tasks.o [1]
prvInitialiseTaskLists   0x800'8159    0x56  Code  Lc  tasks.o [1]
prvInsertBlockIntoFreeList
                         0x800'a847    0x5e  Code  Lc  heap_4.o [1]
prvInsertTimerInActiveList
                         0x800'adf7    0x52  Code  Lc  timers.o [1]
prvIsQueueEmpty          0x800'8ba1    0x1c  Code  Lc  queue.o [1]
prvIsQueueFull           0x800'8bbd    0x1e  Code  Lc  queue.o [1]
prvProcessExpiredTimer   0x800'acab    0x6c  Code  Lc  timers.o [1]
prvProcessReceivedCommands
                         0x800'ae49   0x13e  Code  Lc  timers.o [1]
prvProcessTimerOrBlockTask
                         0x800'ad33    0x74  Code  Lc  timers.o [1]
prvResetNextTaskUnblockTime
                         0x800'8235    0x26  Code  Lc  tasks.o [1]
prvSampleTimeNow         0x800'adcf    0x28  Code  Lc  timers.o [1]
prvSampleTimeNow::xLastTime
                        0x2000'9440     0x4  Data  Lc  timers.o [1]
prvSwitchTimerLists      0x800'af87    0x8e  Code  Lc  timers.o [1]
prvTaskExitError         0x800'a989    0x2a  Code  Lc  port.o [1]
prvTimerTask             0x800'ad19    0x1a  Code  Lc  timers.o [1]
prvUnlockQueue           0x800'8b33    0x6e  Code  Lc  queue.o [1]
putchar                  0x800'd99d     0xc  Code  Gb  putchar.o [3]
pvPortMalloc             0x800'a651   0x120  Code  Gb  heap_4.o [1]
pxCurrentTCB            0x2000'93f4     0x4  Data  Gb  tasks.o [1]
pxCurrentTimerList      0x2000'9430     0x4  Data  Lc  timers.o [1]
pxDelayedTaskList       0x2000'93f8     0x4  Data  Lc  tasks.o [1]
pxEnd                   0x2000'93dc     0x4  Data  Lc  heap_4.o [1]
pxOverflowDelayedTaskList
                        0x2000'93fc     0x4  Data  Lc  tasks.o [1]
pxOverflowTimerList     0x2000'9434     0x4  Data  Lc  timers.o [1]
pxPortInitialiseStack    0x800'a961    0x28  Code  Gb  port.o [1]
pxReadyTasksLists       0x2000'7b68   0x460  Data  Lc  tasks.o [1]
r_dat_bat                0x800'34f1    0x66  Code  Gb  GT60M2.o [1]
readhz                   0x800'02cd    0x36  Code  Gb  GT60L16M2K4.o [2]
scalbln                  0x800'c93d          Code  Gb  ldexp.o [4]
scalblnl                 0x800'c93d          Code  Gb  ldexp.o [4]
scalbn                   0x800'c93d          Code  Gb  ldexp.o [4]
scalbnl                  0x800'c93d          Code  Gb  ldexp.o [4]
scale                    0x800'bcff    0x46  Code  Lc  xprintffull.o [3]
sec_hand                0x2000'9464     0x4  Data  Lc  xfail_s.o [3]
selectAddr               0x800'3207    0xe6  Code  Lc  GT60L16M2K4.o [2]
sleep_BLE_Uartconfig     0x800'4835    0x4c  Code  Gb  gpio.o [1]
strchr                   0x800'c5d5          Code  Gb  strchr.o [5]
strlen                   0x800'c62d          Code  Gb  strlen.o [5]
ucHeap                  0x2000'0128  0x5dc0  Data  Lc  heap_4.o [1]
ucMaxSysCallPriority    0x2000'946f     0x1  Data  Lc  port.o [1]
ulMaxPRIGROUPValue      0x2000'93ec     0x4  Data  Lc  port.o [1]
usMBCRC16                0x800'b325    0x44  Code  Gb  mbcrc.o [1]
uwTick                  0x2000'93f0     0x4  Data  Gb  stm32l4xx_hal.o [1]
uwTickFreq              0x2000'0126     0x1  Data  Gb  stm32l4xx_hal.o [1]
uwTickPrio              0x2000'0004     0x4  Data  Gb  stm32l4xx_hal.o [1]
uxCriticalNesting       0x2000'0000     0x4  Data  Lc  port.o [1]
uxCurrentNumberOfTasks  0x2000'9404     0x4  Data  Lc  tasks.o [1]
uxDeletedTasksWaitingCleanUp
                        0x2000'9400     0x4  Data  Lc  tasks.o [1]
uxListRemove             0x800'a937    0x28  Code  Gb  list.o [1]
uxPendedTicks           0x2000'9414     0x4  Data  Lc  tasks.o [1]
uxSchedulerSuspended    0x2000'942c     0x4  Data  Lc  tasks.o [1]
uxTaskNumber            0x2000'9420     0x4  Data  Lc  tasks.o [1]
uxTopReadyPriority      0x2000'940c     0x4  Data  Lc  tasks.o [1]
vApplicationGetIdleTaskMemory
                         0x800'5015     0xe  Code  Gb  cmsis_os2.o [1]
vApplicationGetTimerTaskMemory
                         0x800'5023    0x10  Code  Gb  cmsis_os2.o [1]
vListInitialise          0x800'a8c5    0x1e  Code  Gb  list.o [1]
vListInitialiseItem      0x800'a8e3     0x6  Code  Gb  list.o [1]
vListInsert              0x800'a901    0x36  Code  Gb  list.o [1]
vListInsertEnd           0x800'a8e9    0x18  Code  Gb  list.o [1]
vPortEnableVFP           0x800'c541          Code  Gb  portasm.o [1]
vPortEnterCritical       0x800'aa81    0x34  Code  Gb  port.o [1]
vPortExitCritical        0x800'aab5    0x2c  Code  Gb  port.o [1]
vPortFree                0x800'a771    0x74  Code  Gb  heap_4.o [1]
vPortStartFirstTask      0x800'c521          Code  Gb  portasm.o [1]
vPortValidateInterruptPriority
                         0x800'ab09    0x4e  Code  Gb  port.o [1]
vQueueAddToRegistry      0x800'8bdb    0x26  Code  Gb  queue.o [1]
vQueueWaitForMessageRestricted
                         0x800'8c05    0x4c  Code  Gb  queue.o [1]
vTaskDelay               0x800'7c05    0x4e  Code  Gb  tasks.o [1]
vTaskInternalSetTimeOutState
                         0x800'807d    0x12  Code  Gb  tasks.o [1]
vTaskMissedYield         0x800'8123     0xa  Code  Gb  tasks.o [1]
vTaskPlaceOnEventList    0x800'7f63    0x34  Code  Gb  tasks.o [1]
vTaskPlaceOnEventListRestricted
                         0x800'7fa9    0x40  Code  Gb  tasks.o [1]
vTaskStartScheduler      0x800'7c53    0x9a  Code  Gb  tasks.o [1]
vTaskSuspendAll          0x800'7ced     0xc  Code  Gb  tasks.o [1]
vTaskSwitchContext       0x800'7ef1    0x72  Code  Gb  tasks.o [1]
vec_info_st             0x2000'000c    0x20  Data  Lc  GT60L16M2K4.o [2]
xActiveTimerList1       0x2000'9388    0x14  Data  Lc  timers.o [1]
xActiveTimerList2       0x2000'939c    0x14  Data  Lc  timers.o [1]
xBlockAllocatedBit      0x2000'93e8     0x4  Data  Lc  heap_4.o [1]
xDelayedTaskList1       0x2000'9324    0x14  Data  Lc  tasks.o [1]
xDelayedTaskList2       0x2000'9338    0x14  Data  Lc  tasks.o [1]
xEnd                    0x2000'9473     0x1  Data  Lc  GT60L16M2K4.o [2]
xFreeBytesRemaining     0x2000'93e0     0x4  Data  Lc  heap_4.o [1]
xHeapStructSize          0x800'da6c     0x4  Data  Lc  heap_4.o [1]
xIdleTaskHandle         0x2000'9428     0x4  Data  Lc  tasks.o [1]
xMinimumEverFreeBytesRemaining
                        0x2000'93e4     0x4  Data  Lc  heap_4.o [1]
xNextTaskUnblockTime    0x2000'9424     0x4  Data  Lc  tasks.o [1]
xNumOfOverflows         0x2000'941c     0x4  Data  Lc  tasks.o [1]
xPendingReadyList       0x2000'934c    0x14  Data  Lc  tasks.o [1]
xPortStartScheduler      0x800'a9b3    0xce  Code  Gb  port.o [1]
xQueueGenericCreate      0x800'852b    0x5c  Code  Gb  queue.o [1]
xQueueGenericCreateStatic
                         0x800'8469    0xc2  Code  Gb  queue.o [1]
xQueueGenericReset       0x800'83d5    0x94  Code  Gb  queue.o [1]
xQueueGenericSend        0x800'85bd   0x1a6  Code  Gb  queue.o [1]
xQueueGenericSendFromISR
                         0x800'8763    0xe0  Code  Gb  queue.o [1]
xQueueReceive            0x800'8843   0x16a  Code  Gb  queue.o [1]
xQueueReceiveFromISR     0x800'89b1    0xb0  Code  Gb  queue.o [1]
xQueueRegistry          0x2000'92c0    0x40  Data  Gb  queue.o [1]
xSchedulerRunning       0x2000'9410     0x4  Data  Lc  tasks.o [1]
xStart                  0x2000'93bc     0x8  Data  Lc  heap_4.o [1]
xStart                  0x2000'9471     0x1  Data  Lc  GT60L16M2K4.o [2]
xSuspendedTaskList      0x2000'9374    0x14  Data  Lc  tasks.o [1]
xTaskCheckForTimeOut     0x800'8095    0x8e  Code  Gb  tasks.o [1]
xTaskCreate              0x800'7a07    0x7a  Code  Gb  tasks.o [1]
xTaskCreateStatic        0x800'7969    0x9e  Code  Gb  tasks.o [1]
xTaskGetSchedulerState   0x800'825b    0x20  Code  Gb  tasks.o [1]
xTaskGetTickCount        0x800'7ddf     0x8  Code  Gb  tasks.o [1]
xTaskIncrementTick       0x800'7de7   0x10a  Code  Gb  tasks.o [1]
xTaskPriorityDisinherit
                         0x800'827b    0x8e  Code  Gb  tasks.o [1]
xTaskRemoveFromEventList
                         0x800'7ff1    0x82  Code  Gb  tasks.o [1]
xTaskResumeAll           0x800'7cf9    0xe6  Code  Gb  tasks.o [1]
xTasksWaitingTermination
                        0x2000'9360    0x14  Data  Lc  tasks.o [1]
xTickCount              0x2000'9408     0x4  Data  Lc  tasks.o [1]
xTimerCreateTimerTask    0x800'abbd    0x6c  Code  Gb  timers.o [1]
xTimerGenericCommand     0x800'ac29    0x82  Code  Gb  timers.o [1]
xTimerQueue             0x2000'9438     0x4  Data  Lc  timers.o [1]
xTimerTaskHandle        0x2000'943c     0x4  Data  Lc  timers.o [1]
xYieldPending           0x2000'9418     0x4  Data  Lc  tasks.o [1]
yEnd                    0x2000'9474     0x1  Data  Lc  GT60L16M2K4.o [2]
yStart                  0x2000'9472     0x1  Data  Lc  GT60L16M2K4.o [2]


[1] = G:\test\testtable\Elink_table\EWARM\eTable\Obj
[2] = GT60L16M2K4_STM32L431CC_iar832_1629.a
[3] = dl7M_tlf.a
[4] = m7M_tls.a
[5] = rt7M_tl.a
[6] = shb_l.a

  53 802 bytes of readonly  code memory
   2 503 bytes of readonly  data memory
  39 028 bytes of readwrite data memory

Errors: none
Warnings: none
