###############################################################################
#
# IAR ELF Linker V8.32.3.193/W32 for ARM                  15/Apr/2021  00:22:45
# Copyright 2007-2019 IAR Systems AB.
#
#    Output file  =  G:\test\testtable\Elink_table\EWARM\eTable\Exe\eTable.out
#    Map file     =  G:\test\testtable\Elink_table\EWARM\eTable\List\eTable.map
#    Command line =  
#        -f C:\Users\LY-PC\AppData\Local\Temp\EW4286.tmp
#        (G:\test\testtable\Elink_table\EWARM\eTable\Obj\adc.o
#        G:\test\testtable\Elink_table\EWARM\eTable\Obj\blecomm.o
#        G:\test\testtable\Elink_table\EWARM\eTable\Obj\cmsis_os2.o
#        G:\test\testtable\Elink_table\EWARM\eTable\Obj\croutine.o
#        G:\test\testtable\Elink_table\EWARM\eTable\Obj\dataconfig.o
#        G:\test\testtable\Elink_table\EWARM\eTable\Obj\event_groups.o
#        G:\test\testtable\Elink_table\EWARM\eTable\Obj\FontOpt.o
#        G:\test\testtable\Elink_table\EWARM\eTable\Obj\freertos.o
#        G:\test\testtable\Elink_table\EWARM\eTable\Obj\gpio.o
#        G:\test\testtable\Elink_table\Drivers\LIB\GT60L16M2K4_STM32L431CC_iar832_1629.a
#        G:\test\testtable\Elink_table\EWARM\eTable\Obj\GT60M2.o
#        G:\test\testtable\Elink_table\EWARM\eTable\Obj\heap_4.o
#        G:\test\testtable\Elink_table\EWARM\eTable\Obj\list.o
#        G:\test\testtable\Elink_table\EWARM\eTable\Obj\main.o
#        G:\test\testtable\Elink_table\EWARM\eTable\Obj\mbcrc.o
#        G:\test\testtable\Elink_table\EWARM\eTable\Obj\port.o
#        G:\test\testtable\Elink_table\EWARM\eTable\Obj\portasm.o
#        G:\test\testtable\Elink_table\EWARM\eTable\Obj\queue.o
#        G:\test\testtable\Elink_table\EWARM\eTable\Obj\rtc.o
#        G:\test\testtable\Elink_table\EWARM\eTable\Obj\spi.o
#        G:\test\testtable\Elink_table\EWARM\eTable\Obj\startup_stm32l431xx.o
#        G:\test\testtable\Elink_table\EWARM\eTable\Obj\stm32l4xx_hal.o
#        G:\test\testtable\Elink_table\EWARM\eTable\Obj\stm32l4xx_hal_adc.o
#        G:\test\testtable\Elink_table\EWARM\eTable\Obj\stm32l4xx_hal_adc_ex.o
#        G:\test\testtable\Elink_table\EWARM\eTable\Obj\stm32l4xx_hal_cortex.o
#        G:\test\testtable\Elink_table\EWARM\eTable\Obj\stm32l4xx_hal_dma.o
#        G:\test\testtable\Elink_table\EWARM\eTable\Obj\stm32l4xx_hal_dma_ex.o
#        G:\test\testtable\Elink_table\EWARM\eTable\Obj\stm32l4xx_hal_exti.o
#        G:\test\testtable\Elink_table\EWARM\eTable\Obj\stm32l4xx_hal_flash.o
#        G:\test\testtable\Elink_table\EWARM\eTable\Obj\stm32l4xx_hal_flash_ex.o
#        G:\test\testtable\Elink_table\EWARM\eTable\Obj\stm32l4xx_hal_flash_ramfunc.o
#        G:\test\testtable\Elink_table\EWARM\eTable\Obj\stm32l4xx_hal_gpio.o
#        G:\test\testtable\Elink_table\EWARM\eTable\Obj\stm32l4xx_hal_i2c.o
#        G:\test\testtable\Elink_table\EWARM\eTable\Obj\stm32l4xx_hal_i2c_ex.o
#        G:\test\testtable\Elink_table\EWARM\eTable\Obj\stm32l4xx_hal_msp.o
#        G:\test\testtable\Elink_table\EWARM\eTable\Obj\stm32l4xx_hal_pwr.o
#        G:\test\testtable\Elink_table\EWARM\eTable\Obj\stm32l4xx_hal_pwr_ex.o
#        G:\test\testtable\Elink_table\EWARM\eTable\Obj\stm32l4xx_hal_rcc.o
#        G:\test\testtable\Elink_table\EWARM\eTable\Obj\stm32l4xx_hal_rcc_ex.o
#        G:\test\testtable\Elink_table\EWARM\eTable\Obj\stm32l4xx_hal_rtc.o
#        G:\test\testtable\Elink_table\EWARM\eTable\Obj\stm32l4xx_hal_rtc_ex.o
#        G:\test\testtable\Elink_table\EWARM\eTable\Obj\stm32l4xx_hal_spi.o
#        G:\test\testtable\Elink_table\EWARM\eTable\Obj\stm32l4xx_hal_spi_ex.o
#        G:\test\testtable\Elink_table\EWARM\eTable\Obj\stm32l4xx_hal_tim.o
#        G:\test\testtable\Elink_table\EWARM\eTable\Obj\stm32l4xx_hal_tim_ex.o
#        G:\test\testtable\Elink_table\EWARM\eTable\Obj\stm32l4xx_hal_timebase_tim.o
#        G:\test\testtable\Elink_table\EWARM\eTable\Obj\stm32l4xx_hal_uart.o
#        G:\test\testtable\Elink_table\EWARM\eTable\Obj\stm32l4xx_hal_uart_ex.o
#        G:\test\testtable\Elink_table\EWARM\eTable\Obj\stm32l4xx_it.o
#        G:\test\testtable\Elink_table\EWARM\eTable\Obj\stream_buffer.o
#        G:\test\testtable\Elink_table\EWARM\eTable\Obj\system_stm32l4xx.o
#        G:\test\testtable\Elink_table\EWARM\eTable\Obj\tablesign.o
#        G:\test\testtable\Elink_table\EWARM\eTable\Obj\tasks.o
#        G:\test\testtable\Elink_table\EWARM\eTable\Obj\timers.o
#        G:\test\testtable\Elink_table\EWARM\eTable\Obj\usart.o
#        G:\test\testtable\Elink_table\EWARM\eTable\Obj\w25q128.o --redirect
#        _Printf=_PrintfFull --redirect _Scanf=_ScanfFull --no_out_extension -o
#        G:\test\testtable\Elink_table\EWARM\eTable\Exe\eTable.out --map
#        G:\test\testtable\Elink_table\EWARM\eTable\List\eTable.map --config
#        G:\test\testtable\Elink_table\EWARM/stm32l431xx_flash.icf
#        --semihosting --entry __iar_program_start --vfe --text_out locale)
#
###############################################################################

*******************************************************************************
*** RUNTIME MODEL ATTRIBUTES
***

CppFlavor       = *
__SystemLibrary = DLib
__dlib_version  = 6


*******************************************************************************
*** HEAP SELECTION
***

The basic heap was selected because no calls to memory allocation
functions were found in the application outside of system library
functions, and there are calls to deallocation functions in the
application.


*******************************************************************************
*** PLACEMENT SUMMARY
***

"A0":  place at 0x800'0000 { ro section .intvec };
"P1":  place in [from 0x800'0000 to 0x803'ffff] { ro };
define block CSTACK with size = 1K, alignment = 8 { };
define block HEAP with size = 512, alignment = 8 { };
"P2":  place in [from 0x2000'0000 to 0x2000'ffff] {
          rw, block CSTACK, block HEAP };
initialize by copy { rw };

  Section            Kind         Address    Size  Object
  -------            ----         -------    ----  ------
"A0":                                       0x18c
  .intvec            ro code   0x800'0000   0x18c  startup_stm32l431xx.o [1]
                             - 0x800'018c   0x18c

"P1":                                      0xcb41
  .text              ro code   0x800'018c  0x3330  GT60L16M2K4.o [2]
  .text              ro code   0x800'34bc    0x9a  GT60M2.o [1]
  .text              ro code   0x800'3556    0x7a  lz77_init_single.o [5]
  .text              ro code   0x800'35d0     0x6  ABImemclr4.o [5]
  .text              ro code   0x800'35d6    0x3a  zero_init3.o [5]
  .text              ro code   0x800'3610   0xa10  stm32l4xx_hal_spi.o [1]
  .text              ro code   0x800'4020   0x20c  stm32l4xx_hal_gpio.o [1]
  .text              ro code   0x800'422c    0x32  ABImemset48.o [5]
  .text              ro code   0x800'425e    0x1e  xencoding_8859_1.o [3]
  .text              ro code   0x800'427c   0x174  spi.o [1]
  .text              ro code   0x800'43f0     0xc  stm32l4xx_hal.o [1]
  .text              ro code   0x800'43fc   0x11e  main.o [1]
  .rodata            const     0x800'451a     0x1  GT60L16M2K4.o [2]
  .rodata            const     0x800'451b     0x1  GT60L16M2K4.o [2]
  .text              ro code   0x800'451c    0x24  stm32l4xx_hal.o [1]
  .text              ro code   0x800'4540    0xf8  gpio.o [1]
  .text              ro code   0x800'4638    0xf4  adc.o [1]
  .text              ro code   0x800'472c    0x54  rtc.o [1]
  .text              ro code   0x800'4780   0x204  usart.o [1]
  .text              ro code   0x800'4984   0x438  cmsis_os2.o [1]
  .text              ro code   0x800'4dbc    0xd0  freertos.o [1]
  .text              ro code   0x800'4e8c    0x10  stm32l4xx_hal_pwr.o [1]
  .text              ro code   0x800'4e9c   0xa00  stm32l4xx_hal_rcc.o [1]
  .text              ro code   0x800'589c   0x4a0  stm32l4xx_hal_rcc_ex.o [1]
  .text              ro code   0x800'5d3c    0x94  stm32l4xx_hal_pwr_ex.o [1]
  .text              ro code   0x800'5dd0    0x18  stm32l4xx_hal.o [1]
  .text              ro code   0x800'5de8   0x114  stm32l4xx_hal_cortex.o [1]
  .text              ro code   0x800'5efc    0x94  stm32l4xx_hal_timebase_tim.o [1]
  .text              ro code   0x800'5f90    0x38  stm32l4xx_hal_msp.o [1]
  .text              ro code   0x800'5fc8   0x808  stm32l4xx_hal_adc.o [1]
  .text              ro code   0x800'67d0   0x19c  stm32l4xx_hal_rtc.o [1]
  .text              ro code   0x800'696c   0xa1a  stm32l4xx_hal_uart.o [1]
  .text              ro code   0x800'7388   0xa6c  tasks.o [1]
  .text              ro code   0x800'7df4   0x87c  queue.o [1]
  .text              ro code   0x800'8670   0xc38  dataconfig.o [1]
  .text              ro code   0x800'92a8    0x66  ABImemset.o [5]
  .text              ro code   0x800'9310   0x30a  stm32l4xx_hal_tim.o [1]
  .text              ro code   0x800'961c    0x5e  stm32l4xx_hal_dma.o [1]
  .text              ro code   0x800'967a     0x2  stm32l4xx_hal_uart.o [1]
  .text              ro code   0x800'967c     0x2  stm32l4xx_hal_uart_ex.o [1]
  .text              ro code   0x800'9680   0x230  I64DivMod.o [5]
  .text              ro code   0x800'98b0     0x2  stm32l4xx_hal_uart.o [1]
  .text              ro code   0x800'98b2     0x2  stm32l4xx_hal_uart.o [1]
  .text              ro code   0x800'98b4   0x274  heap_4.o [1]
  .text              ro code   0x800'9b28    0x9a  list.o [1]
  .text              ro code   0x800'9bc4   0x25c  port.o [1]
  .text              ro code   0x800'9e20   0x4d4  timers.o [1]
  .text              ro code   0x800'a2f4    0xa6  ABImemcpy.o [5]
  .text              ro code   0x800'a39c    0x28  printf.o [3]
  .text              ro code   0x800'a3c4   0x1ec  FontOpt.o [1]
  .text              ro code   0x800'a5b0    0x44  mbcrc.o [1]
  .text              ro code   0x800'a5f4   0x158  w25q128.o [1]
  .text              ro code   0x800'a74c    0x1c  blecomm.o [1]
  .text              ro code   0x800'a768     0x2  stm32l4xx_hal_tim.o [1]
  .text              ro code   0x800'a76a     0x2  stm32l4xx_hal_tim.o [1]
  .text              ro code   0x800'a76c     0x2  stm32l4xx_hal_tim.o [1]
  .text              ro code   0x800'a76e     0x2  stm32l4xx_hal_tim_ex.o [1]
  .text              ro code   0x800'a770     0x2  stm32l4xx_hal_tim_ex.o [1]
  .text              ro code   0x800'a772     0x2  stm32l4xx_hal_tim.o [1]
  .text              ro code   0x800'a774     0x2  stm32l4xx_hal_tim_ex.o [1]
  .text              ro code   0x800'a778     0x2  I64DivZer.o [5]
  CODE               ro code   0x800'a77c    0xb0  portasm.o [1]
  .text              ro code   0x800'a82c   0xf46  xprintffull.o [3]
  .text              ro code   0x800'b774    0x78  xlocale_c.o [3]
  .text              ro code   0x800'b7ec    0x16  strchr.o [5]
  .text              ro code   0x800'b804    0x40  xfail_s.o [3]
  .text              ro code   0x800'b844    0x36  strlen.o [5]
  .text              ro code   0x800'b87c    0x58  memchr.o [5]
  .text              ro code   0x800'b8d4     0xa  xmbcurmax.o [3]
  .text              ro code   0x800'b8e0   0x1a2  DblMul.o [4]
  .text              ro code   0x800'ba84    0x70  frexp.o [4]
  .text              ro code   0x800'baf4    0x2e  DblCmpLe.o [4]
  .text              ro code   0x800'bb24    0x2e  DblCmpGe.o [4]
  .text              ro code   0x800'bb54   0x13a  ldexp.o [4]
  .text              ro code   0x800'bc90    0x3a  DblToS32.o [4]
  .text              ro code   0x800'bccc    0x22  S32ToDbl.o [4]
  .text              ro code   0x800'bcf0    0xe2  DblSub.o [4]
  .text              ro code   0x800'bdd4   0x246  DblDiv.o [4]
  .text              ro code   0x800'c01c    0x28  DblToU32.o [4]
  .text              ro code   0x800'c044    0x1a  U32ToDbl.o [4]
  .text              ro code   0x800'c05e     0x6  abort.o [3]
  .text              ro code   0x800'c064   0x16a  DblAdd.o [4]
  .text              ro code   0x800'c1d0    0x14  exit.o [6]
  .rodata            const     0x800'c1e4   0x100  mbcrc.o [1]
  .rodata            const     0x800'c2e4   0x100  mbcrc.o [1]
  .text              ro code   0x800'c3e4    0x60  system_stm32l4xx.o [1]
  .rodata            const     0x800'c444    0x58  dataconfig.o [1]
  .rodata            const     0x800'c49c    0x40  dataconfig.o [1]
  .text              ro code   0x800'c4dc    0x40  stm32l4xx_it.o [1]
  .rodata            const     0x800'c51c    0x3c  dataconfig.o [1]
  .rodata            const     0x800'c558    0x34  dataconfig.o [1]
  .rodata            const     0x800'c58c    0x34  dataconfig.o [1]
  .rodata            const     0x800'c5c0    0x34  dataconfig.o [1]
  .rodata            const     0x800'c5f4    0x30  dataconfig.o [1]
  .rodata            const     0x800'c624    0x30  dataconfig.o [1]
  .rodata            const     0x800'c654    0x30  dataconfig.o [1]
  .rodata            const     0x800'c684    0x30  dataconfig.o [1]
  .rodata            const     0x800'c6b4    0x30  dataconfig.o [1]
  .rodata            const     0x800'c6e4    0x30  system_stm32l4xx.o [1]
  .rodata            const     0x800'c714    0x2c  dataconfig.o [1]
  .rodata            const     0x800'c740    0x2c  dataconfig.o [1]
  .rodata            const     0x800'c76c    0x2c  dataconfig.o [1]
  .rodata            const     0x800'c798    0x28  dataconfig.o [1]
  .rodata            const     0x800'c7c0    0x28  dataconfig.o [1]
  .text              ro code   0x800'c7e8    0x28  data_init.o [5]
  .rodata            const     0x800'c810    0x24  dataconfig.o [1]
  .rodata            const     0x800'c834    0x24  dataconfig.o [1]
  .rodata            const     0x800'c858    0x24  dataconfig.o [1]
  .rodata            const     0x800'c87c    0x24  dataconfig.o [1]
  .rodata            const     0x800'c8a0    0x24  dataconfig.o [1]
  .rodata            const     0x800'c8c4    0x24  dataconfig.o [1]
  .rodata            const     0x800'c8e8    0x24  dataconfig.o [1]
  .rodata            const     0x800'c90c    0x24  freertos.o [1]
  .rodata            const     0x800'c930    0x24  GT60L16M2K4.o [2]
  .text              ro code   0x800'c954    0x22  fpinit_M.o [4]
  .iar.init_table    const     0x800'c978    0x20  - Linker created -
  .rodata            const     0x800'c998    0x20  dataconfig.o [1]
  .rodata            const     0x800'c9b8    0x20  dataconfig.o [1]
  .rodata            const     0x800'c9d8    0x20  GT60L16M2K4.o [2]
  .text              ro code   0x800'c9f8    0x1e  cmain.o [5]
  .text              ro code   0x800'ca16     0x4  low_level_init.o [3]
  .text              ro code   0x800'ca1a     0x4  exit.o [3]
  .text              ro code   0x800'ca20     0xa  cexit.o [5]
  .rodata            const     0x800'ca2c    0x1c  dataconfig.o [1]
  .rodata            const     0x800'ca48    0x18  dataconfig.o [1]
  .rodata            const     0x800'ca60    0x18  freertos.o [1]
  .text              ro code   0x800'ca78    0x16  xprout.o [3]
  .text              ro code   0x800'ca90     0xc  putchar.o [3]
  .rodata            const     0x800'ca9c    0x14  dataconfig.o [1]
  .rodata            const     0x800'cab0    0x10  dataconfig.o [1]
  .rodata            const     0x800'cac0    0x10  freertos.o [1]
  .rodata            const     0x800'cad0    0x10  system_stm32l4xx.o [1]
  .text              ro code   0x800'cae0    0x10  startup_stm32l431xx.o [1]
  .rodata            const     0x800'caf0     0xc  dataconfig.o [1]
  .rodata            const     0x800'cafc     0xc  freertos.o [1]
  .text              ro code   0x800'cb08     0xc  cstartup_M.o [5]
  .rodata            const     0x800'cb14     0x8  dataconfig.o [1]
  .rodata            const     0x800'cb1c     0x8  system_stm32l4xx.o [1]
  .rodata            const     0x800'cb24     0x8  tasks.o [1]
  .rodata            const     0x800'cb2c     0x8  timers.o [1]
  .rodata            const     0x800'cb34     0x8  timers.o [1]
  .rodata            const     0x800'cb3c     0x6  xlocale_c.o [3]
  .rodata            const     0x800'cb44     0x4  heap_4.o [1]
  .rodata            const     0x800'cb48     0x4  port.o [1]
  .text              ro code   0x800'cb4c     0x4  startup_stm32l431xx.o [1]
  .text              ro code   0x800'cb50     0x4  startup_stm32l431xx.o [1]
  .text              ro code   0x800'cb54     0x4  startup_stm32l431xx.o [1]
  .text              ro code   0x800'cb58     0x4  startup_stm32l431xx.o [1]
  .text              ro code   0x800'cb5c     0x4  startup_stm32l431xx.o [1]
  .text              ro code   0x800'cb60     0x4  startup_stm32l431xx.o [1]
  .text              ro code   0x800'cb64     0x4  startup_stm32l431xx.o [1]
  .text              ro code   0x800'cb68     0x4  startup_stm32l431xx.o [1]
  .text              ro code   0x800'cb6c     0x4  startup_stm32l431xx.o [1]
  .text              ro code   0x800'cb70     0x4  startup_stm32l431xx.o [1]
  .text              ro code   0x800'cb74     0x4  startup_stm32l431xx.o [1]
  .text              ro code   0x800'cb78     0x4  startup_stm32l431xx.o [1]
  .text              ro code   0x800'cb7c     0x4  startup_stm32l431xx.o [1]
  .text              ro code   0x800'cb80     0x4  startup_stm32l431xx.o [1]
  .text              ro code   0x800'cb84     0x4  startup_stm32l431xx.o [1]
  .text              ro code   0x800'cb88     0x4  startup_stm32l431xx.o [1]
  .text              ro code   0x800'cb8c     0x4  startup_stm32l431xx.o [1]
  .text              ro code   0x800'cb90     0x4  startup_stm32l431xx.o [1]
  .text              ro code   0x800'cb94     0x4  startup_stm32l431xx.o [1]
  .text              ro code   0x800'cb98     0x4  startup_stm32l431xx.o [1]
  .text              ro code   0x800'cb9c     0x4  startup_stm32l431xx.o [1]
  .text              ro code   0x800'cba0     0x4  startup_stm32l431xx.o [1]
  .text              ro code   0x800'cba4     0x4  startup_stm32l431xx.o [1]
  .text              ro code   0x800'cba8     0x4  startup_stm32l431xx.o [1]
  .text              ro code   0x800'cbac     0x4  startup_stm32l431xx.o [1]
  .text              ro code   0x800'cbb0     0x4  startup_stm32l431xx.o [1]
  .text              ro code   0x800'cbb4     0x4  startup_stm32l431xx.o [1]
  .text              ro code   0x800'cbb8     0x4  startup_stm32l431xx.o [1]
  .text              ro code   0x800'cbbc     0x4  startup_stm32l431xx.o [1]
  .text              ro code   0x800'cbc0     0x4  startup_stm32l431xx.o [1]
  .text              ro code   0x800'cbc4     0x4  startup_stm32l431xx.o [1]
  .text              ro code   0x800'cbc8     0x4  startup_stm32l431xx.o [1]
  .text              ro code   0x800'cbcc     0x4  startup_stm32l431xx.o [1]
  .text              ro code   0x800'cbd0     0x4  startup_stm32l431xx.o [1]
  .text              ro code   0x800'cbd4     0x4  startup_stm32l431xx.o [1]
  .text              ro code   0x800'cbd8     0x4  startup_stm32l431xx.o [1]
  .text              ro code   0x800'cbdc     0x4  startup_stm32l431xx.o [1]
  .text              ro code   0x800'cbe0     0x4  startup_stm32l431xx.o [1]
  .text              ro code   0x800'cbe4     0x4  startup_stm32l431xx.o [1]
  .text              ro code   0x800'cbe8     0x4  startup_stm32l431xx.o [1]
  .text              ro code   0x800'cbec     0x4  startup_stm32l431xx.o [1]
  .text              ro code   0x800'cbf0     0x4  startup_stm32l431xx.o [1]
  .text              ro code   0x800'cbf4     0x4  startup_stm32l431xx.o [1]
  .text              ro code   0x800'cbf8     0x4  startup_stm32l431xx.o [1]
  .text              ro code   0x800'cbfc     0x4  startup_stm32l431xx.o [1]
  .text              ro code   0x800'cc00     0x4  startup_stm32l431xx.o [1]
  .text              ro code   0x800'cc04     0x4  startup_stm32l431xx.o [1]
  .text              ro code   0x800'cc08     0x4  startup_stm32l431xx.o [1]
  .text              ro code   0x800'cc0c     0x4  startup_stm32l431xx.o [1]
  .text              ro code   0x800'cc10     0x4  startup_stm32l431xx.o [1]
  .text              ro code   0x800'cc14     0x4  startup_stm32l431xx.o [1]
  .text              ro code   0x800'cc18     0x4  startup_stm32l431xx.o [1]
  .text              ro code   0x800'cc1c     0x4  startup_stm32l431xx.o [1]
  .text              ro code   0x800'cc20     0x4  startup_stm32l431xx.o [1]
  .text              ro code   0x800'cc24     0x4  startup_stm32l431xx.o [1]
  .text              ro code   0x800'cc28     0x4  startup_stm32l431xx.o [1]
  .text              ro code   0x800'cc2c     0x4  startup_stm32l431xx.o [1]
  .text              ro code   0x800'cc30     0x4  startup_stm32l431xx.o [1]
  .text              ro code   0x800'cc34     0x4  startup_stm32l431xx.o [1]
  .text              ro code   0x800'cc38     0x4  startup_stm32l431xx.o [1]
  .text              ro code   0x800'cc3c     0x4  startup_stm32l431xx.o [1]
  .text              ro code   0x800'cc40     0x4  startup_stm32l431xx.o [1]
  .rodata            const     0x800'cc44     0x0  zero_init3.o [5]
  .rodata            const     0x800'cc44     0x0  lz77_init_single.o [5]
  Initializer bytes  const     0x800'cc44    0x89  <for P2-1>
                             - 0x800'cccd  0xcb41

"P2", part 1 of 3:                          0x127
  P2-1                        0x2000'0000   0x127  <Init block>
    .data            inited   0x2000'0000     0x4  port.o [1]
    .data            inited   0x2000'0004     0x4  stm32l4xx_hal.o [1]
    .data            inited   0x2000'0008     0x4  system_stm32l4xx.o [1]
    .data            inited   0x2000'000c    0x20  GT60L16M2K4.o [2]
    .data            inited   0x2000'002c    0x14  GT60L16M2K4.o [2]
    .data            inited   0x2000'0040    0x14  GT60L16M2K4.o [2]
    .data            inited   0x2000'0054     0x4  GT60L16M2K4.o [2]
    .data            inited   0x2000'0058     0x4  GT60L16M2K4.o [2]
    .data            inited   0x2000'005c    0x38  xlocale_c.o [3]
    .data            inited   0x2000'0094    0x48  xlocale_c.o [3]
    .data            inited   0x2000'00dc    0x48  xfiles.o [3]
    .data            inited   0x2000'0124     0x1  blecomm.o [1]
    .data            inited   0x2000'0125     0x1  dataconfig.o [1]
    .data            inited   0x2000'0126     0x1  stm32l4xx_hal.o [1]
                            - 0x2000'0127   0x127

"P2", part 2 of 3:                         0x933c
  .bss               zero     0x2000'0128  0x5dc0  heap_4.o [1]
  .bss               zero     0x2000'5ee8  0x1200  freertos.o [1]
  .bss               zero     0x2000'70e8   0xa80  GT60L16M2K4.o [2]
  .bss               zero     0x2000'7b68   0x460  tasks.o [1]
  .bss               zero     0x2000'7fc8   0x400  cmsis_os2.o [1]
  .bss               zero     0x2000'83c8   0x2e4  GT60L16M2K4.o [2]
  .bss               zero     0x2000'86ac   0x2e4  GT60L16M2K4.o [2]
  .bss               zero     0x2000'8990   0x240  GT60L16M2K4.o [2]
  .bss               zero     0x2000'8bd0   0x200  cmsis_os2.o [1]
  .bss               zero     0x2000'8dd0    0xa0  timers.o [1]
  .bss               zero     0x2000'8e70    0x80  usart.o [1]
  .bss               zero     0x2000'8ef0    0x80  usart.o [1]
  .bss               zero     0x2000'8f70    0x80  usart.o [1]
  .bss               zero     0x2000'8ff0    0x64  adc.o [1]
  .bss               zero     0x2000'9054    0x64  spi.o [1]
  .bss               zero     0x2000'90b8    0x64  spi.o [1]
  .bss               zero     0x2000'911c    0x5c  cmsis_os2.o [1]
  .bss               zero     0x2000'9178    0x5c  cmsis_os2.o [1]
  .bss               zero     0x2000'91d4    0x50  timers.o [1]
  .bss               zero     0x2000'9224    0x50  xfiles.o [3]
  .bss               zero     0x2000'9274    0x4c  stm32l4xx_hal_timebase_tim.o [1]
  .bss               zero     0x2000'92c0    0x40  queue.o [1]
  .bss               zero     0x2000'9300    0x24  rtc.o [1]
  .bss               zero     0x2000'9324    0x14  tasks.o [1]
  .bss               zero     0x2000'9338    0x14  tasks.o [1]
  .bss               zero     0x2000'934c    0x14  tasks.o [1]
  .bss               zero     0x2000'9360    0x14  tasks.o [1]
  .bss               zero     0x2000'9374    0x14  tasks.o [1]
  .bss               zero     0x2000'9388    0x14  timers.o [1]
  .bss               zero     0x2000'939c    0x14  timers.o [1]
  .bss               zero     0x2000'93b0     0x8  heap_4.o [1]
  .bss               zero     0x2000'93b8     0x4  cmsis_os2.o [1]
  .bss               zero     0x2000'93bc     0x4  dataconfig.o [1]
  .bss               zero     0x2000'93c0     0x4  dataconfig.o [1]
  .bss               zero     0x2000'93c4     0x4  freertos.o [1]
  .bss               zero     0x2000'93c8     0x4  freertos.o [1]
  .bss               zero     0x2000'93cc     0x4  heap_4.o [1]
  .bss               zero     0x2000'93d0     0x4  heap_4.o [1]
  .bss               zero     0x2000'93d4     0x4  heap_4.o [1]
  .bss               zero     0x2000'93d8     0x4  heap_4.o [1]
  .bss               zero     0x2000'93dc     0x4  port.o [1]
  .bss               zero     0x2000'93e0     0x4  stm32l4xx_hal.o [1]
  .bss               zero     0x2000'93e4     0x4  tasks.o [1]
  .bss               zero     0x2000'93e8     0x4  tasks.o [1]
  .bss               zero     0x2000'93ec     0x4  tasks.o [1]
  .bss               zero     0x2000'93f0     0x4  tasks.o [1]
  .bss               zero     0x2000'93f4     0x4  tasks.o [1]
  .bss               zero     0x2000'93f8     0x4  tasks.o [1]
  .bss               zero     0x2000'93fc     0x4  tasks.o [1]
  .bss               zero     0x2000'9400     0x4  tasks.o [1]
  .bss               zero     0x2000'9404     0x4  tasks.o [1]
  .bss               zero     0x2000'9408     0x4  tasks.o [1]
  .bss               zero     0x2000'940c     0x4  tasks.o [1]
  .bss               zero     0x2000'9410     0x4  tasks.o [1]
  .bss               zero     0x2000'9414     0x4  tasks.o [1]
  .bss               zero     0x2000'9418     0x4  tasks.o [1]
  .bss               zero     0x2000'941c     0x4  tasks.o [1]
  .bss               zero     0x2000'9420     0x4  timers.o [1]
  .bss               zero     0x2000'9424     0x4  timers.o [1]
  .bss               zero     0x2000'9428     0x4  timers.o [1]
  .bss               zero     0x2000'942c     0x4  timers.o [1]
  .bss               zero     0x2000'9430     0x4  timers.o [1]
  .bss               zero     0x2000'9434     0x4  GT60L16M2K4.o [2]
  .bss               zero     0x2000'9438     0x4  GT60L16M2K4.o [2]
  .bss               zero     0x2000'943c     0x4  GT60L16M2K4.o [2]
  .bss               zero     0x2000'9440     0x4  GT60L16M2K4.o [2]
  .bss               zero     0x2000'9444     0x4  GT60L16M2K4.o [2]
  .bss               zero     0x2000'9448     0x4  GT60L16M2K4.o [2]
  .bss               zero     0x2000'944c     0x4  GT60L16M2K4.o [2]
  .bss               zero     0x2000'9450     0x4  GT60L16M2K4.o [2]
  .bss               zero     0x2000'9454     0x4  xfail_s.o [3]
  .bss               zero     0x2000'9458     0x2  dataconfig.o [1]
  .bss               zero     0x2000'945a     0x1  dataconfig.o [1]
  .bss               zero     0x2000'945b     0x1  dataconfig.o [1]
  .bss               zero     0x2000'945c     0x1  dataconfig.o [1]
  .bss               zero     0x2000'945d     0x1  dataconfig.o [1]
  .bss               zero     0x2000'945e     0x1  dataconfig.o [1]
  .bss               zero     0x2000'945f     0x1  port.o [1]
  .bss               zero     0x2000'9460     0x1  GT60L16M2K4.o [2]
  .bss               zero     0x2000'9461     0x1  GT60L16M2K4.o [2]
  .bss               zero     0x2000'9462     0x1  GT60L16M2K4.o [2]
  .bss               zero     0x2000'9463     0x1  GT60L16M2K4.o [2]
                            - 0x2000'9464  0x933c

"P2", part 3 of 3:                          0x400
  CSTACK                      0x2000'9468   0x400  <Block>
    CSTACK           uninit   0x2000'9468   0x400  <Block tail>
                            - 0x2000'9868   0x400

Unused ranges:

         From           To      Size
         ----           --      ----
   0x800'cccd   0x803'ffff  0x3'3333
  0x2000'0127  0x2000'0127       0x1
  0x2000'9464  0x2000'9467       0x4
  0x2000'9868  0x2000'ffff    0x6798


*******************************************************************************
*** INIT TABLE
***

          Address      Size
          -------      ----
Zero (__iar_zero_init3)
    1 destination range, total size 0x933c:
          0x2000'0128  0x933c

Copy/lz77 (__iar_lz77_init_single3)
    1 source range, total size 0x89 (46% of destination):
           0x800'cc44    0x89
    1 destination range, total size 0x127:
          0x2000'0000   0x127



*******************************************************************************
*** MODULE SUMMARY
***

    Module                        ro code  ro data  rw data
    ------                        -------  -------  -------
command line/config:
    -------------------------------------------------------
    Total:

G:\test\testtable\Elink_table\EWARM\eTable\Obj: [1]
    FontOpt.o                         492
    GT60M2.o                          154
    adc.o                             244               100
    blecomm.o                          28        1        1
    cmsis_os2.o                     1 080             1 724
    dataconfig.o                    3 128    1 244       16
    freertos.o                        208       88    4 616
    gpio.o                            248
    heap_4.o                          628        4   24 024
    list.o                            154
    main.o                            286
    mbcrc.o                            68      512
    port.o                            604        5        9
    portasm.o                         176
    queue.o                         2 172                64
    rtc.o                              84                36
    spi.o                             372               200
    startup_stm32l431xx.o             660
    stm32l4xx_hal.o                    72        3        9
    stm32l4xx_hal_adc.o             2 056
    stm32l4xx_hal_cortex.o            276
    stm32l4xx_hal_dma.o                94
    stm32l4xx_hal_gpio.o              524
    stm32l4xx_hal_msp.o                56
    stm32l4xx_hal_pwr.o                16
    stm32l4xx_hal_pwr_ex.o            148
    stm32l4xx_hal_rcc.o             2 560
    stm32l4xx_hal_rcc_ex.o          1 184
    stm32l4xx_hal_rtc.o               412
    stm32l4xx_hal_spi.o             2 576
    stm32l4xx_hal_tim.o               786
    stm32l4xx_hal_tim_ex.o              6
    stm32l4xx_hal_timebase_tim.o      148                76
    stm32l4xx_hal_uart.o            2 592
    stm32l4xx_hal_uart_ex.o             2
    stm32l4xx_it.o                     64
    system_stm32l4xx.o                 96       74        4
    tasks.o                         2 668        8    1 280
    timers.o                        1 236       16      300
    usart.o                           516               384
    w25q128.o                         344
    -------------------------------------------------------
    Total:                         29 218    1 955   32 843

GT60L16M2K4_STM32L431CC_iar832_1629.a: [2]
    GT60L16M2K4.o                  13 104      107    4 860
    -------------------------------------------------------
    Total:                         13 104      107    4 860

dl7M_tlf.a: [3]
    abort.o                             6
    exit.o                              4
    low_level_init.o                    4
    printf.o                           40
    putchar.o                          12
    xencoding_8859_1.o                 30
    xfail_s.o                          64                 4
    xfiles.o                                    33      152
    xlocale_c.o                       120       66      128
    xmbcurmax.o                        10
    xprintffull.o                   3 910
    xprout.o                           22
    -------------------------------------------------------
    Total:                          4 222       99      284

m7M_tls.a: [4]
    DblAdd.o                          362
    DblCmpGe.o                         46
    DblCmpLe.o                         46
    DblDiv.o                          582
    DblMul.o                          418
    DblSub.o                          226
    DblToS32.o                         58
    DblToU32.o                         40
    S32ToDbl.o                         34
    U32ToDbl.o                         26
    fpinit_M.o                         34
    frexp.o                           112
    ldexp.o                           314
    -------------------------------------------------------
    Total:                          2 298

rt7M_tl.a: [5]
    ABImemclr4.o                        6
    ABImemcpy.o                       166
    ABImemset.o                       102
    ABImemset48.o                      50
    I64DivMod.o                       560
    I64DivZer.o                         2
    cexit.o                            10
    cmain.o                            30
    cstartup_M.o                       12
    data_init.o                        40
    lz77_init_single.o                122
    memchr.o                           88
    strchr.o                           22
    strlen.o                           54
    zero_init3.o                       58
    -------------------------------------------------------
    Total:                          1 322

shb_l.a: [6]
    exit.o                             20
    -------------------------------------------------------
    Total:                             20

    Gaps                               46        6
    Linker created                              32    1 024
-----------------------------------------------------------
    Grand Total:                   50 230    2 199   39 011


*******************************************************************************
*** ENTRY LIST
***

Entry                       Address    Size  Type      Object
-----                       -------    ----  ----      ------
.iar.init_table$$Base    0x800'c978           --   Gb  - Linker created -
.iar.init_table$$Limit   0x800'c998           --   Gb  - Linker created -
?main                    0x800'c9f9          Code  Gb  cmain.o [5]
AHBPrescTable            0x800'cad0    0x10  Data  Gb  system_stm32l4xx.o [1]
APBPrescTable            0x800'cb1c     0x8  Data  Gb  system_stm32l4xx.o [1]
ASCII_GB18030            0x800'2c0f   0x25c  Code  Lc  GT60L16M2K4.o [2]
Analyze_Wirle_Data       0x800'8de7   0x356  Code  Gb  dataconfig.o [1]
BLE_Answer_Data          0x800'8d45    0x12  Code  Gb  dataconfig.o [1]
BLE_Answer_Type          0x800'8d57    0x1a  Code  Gb  dataconfig.o [1]
BLE_Send_Data            0x800'a74d    0x1c  Code  Gb  blecomm.o [1]
BLE_handle_uartirq       0x800'4e65    0x12  Code  Gb  freertos.o [1]
BSpline                  0x800'19b9   0x436  Code  Lc  GT60L16M2K4.o [2]
BhOffset                0x2000'9448     0x4  Data  Lc  GT60L16M2K4.o [2]
BusFault_Handler         0x800'c4e3     0x2  Code  Gb  stm32l4xx_it.o [1]
CSTACK$$Base            0x2000'9468           --   Gb  - Linker created -
CSTACK$$Limit           0x2000'9868           --   Gb  - Linker created -
CacheMore                0x800'b779    0x24  Code  Lc  xlocale_c.o [3]
Check_Data_CRC           0x800'88a3    0x5e  Code  Gb  dataconfig.o [1]
ClearScanData            0x800'1543    0x40  Code  Lc  GT60L16M2K4.o [2]
DebugMon_Handler         0x800'c4e7     0x2  Code  Gb  stm32l4xx_it.o [1]
Draw_fh                  0x800'30e9   0x11e  Code  Lc  GT60L16M2K4.o [2]
Draw_hz                  0x800'2e8d   0x25c  Code  Lc  GT60L16M2K4.o [2]
Error_Handler            0x800'4519     0x2  Code  Gb  main.o [1]
FhDaOffset              0x2000'943c     0x4  Data  Lc  GT60L16M2K4.o [2]
FhIdOffset              0x2000'9438     0x4  Data  Lc  GT60L16M2K4.o [2]
GT60M2_Read_byte         0x800'34cd    0x20  Code  Gb  GT60M2.o [1]
GT60M2_Write_byte        0x800'34bd    0x10  Code  Gb  GT60M2.o [1]
GetBLETask               0x800'4de1    0x84  Code  Gb  freertos.o [1]
Get_pic_Addr             0x800'8cf5    0x50  Code  Gb  dataconfig.o [1]
HAL_ADC_ConfigChannel    0x800'6311   0x498  Code  Gb  stm32l4xx_hal_adc.o [1]
HAL_ADC_Init             0x800'610b   0x1dc  Code  Gb  stm32l4xx_hal_adc.o [1]
HAL_ADC_MspInit          0x800'46c3    0x54  Code  Gb  adc.o [1]
HAL_DMA_Abort_IT         0x800'961d    0x5e  Code  Gb  stm32l4xx_hal_dma.o [1]
HAL_GPIO_Init            0x800'4021   0x1ca  Code  Gb  stm32l4xx_hal_gpio.o [1]
HAL_GPIO_WritePin        0x800'41eb    0x18  Code  Gb  stm32l4xx_hal_gpio.o [1]
HAL_GetTick              0x800'43f1     0xc  Code  Wk  stm32l4xx_hal.o [1]
HAL_IncTick              0x800'5dd1    0x18  Code  Wk  stm32l4xx_hal.o [1]
HAL_Init                 0x800'451d    0x24  Code  Gb  stm32l4xx_hal.o [1]
HAL_InitTick             0x800'5efd    0x84  Code  Gb  stm32l4xx_hal_timebase_tim.o [1]
HAL_MspInit              0x800'5f91    0x38  Code  Gb  stm32l4xx_hal_msp.o [1]
HAL_NVIC_EnableIRQ       0x800'5ed9     0xe  Code  Gb  stm32l4xx_hal_cortex.o [1]
HAL_NVIC_SetPriority     0x800'5eaf    0x2a  Code  Gb  stm32l4xx_hal_cortex.o [1]
HAL_NVIC_SetPriorityGrouping
                         0x800'5ea3     0xc  Code  Gb  stm32l4xx_hal_cortex.o [1]
HAL_PWREx_ControlVoltageScaling
                         0x800'5d49    0x76  Code  Gb  stm32l4xx_hal_pwr_ex.o [1]
HAL_PWREx_GetVoltageRange
                         0x800'5d3d     0xc  Code  Gb  stm32l4xx_hal_pwr_ex.o [1]
HAL_PWR_EnableBkUpAccess
                         0x800'4e8d     0xc  Code  Gb  stm32l4xx_hal_pwr.o [1]
HAL_RCCEx_PeriphCLKConfig
                         0x800'589d   0x304  Code  Gb  stm32l4xx_hal_rcc_ex.o [1]
HAL_RCC_ClockConfig      0x800'5537   0x14c  Code  Gb  stm32l4xx_hal_rcc.o [1]
HAL_RCC_GetClockConfig   0x800'5791    0x34  Code  Gb  stm32l4xx_hal_rcc.o [1]
HAL_RCC_GetHCLKFreq      0x800'5757     0x6  Code  Gb  stm32l4xx_hal_rcc.o [1]
HAL_RCC_GetPCLK1Freq     0x800'575d    0x1a  Code  Gb  stm32l4xx_hal_rcc.o [1]
HAL_RCC_GetPCLK2Freq     0x800'5777    0x1a  Code  Gb  stm32l4xx_hal_rcc.o [1]
HAL_RCC_GetSysClockFreq
                         0x800'5683    0xd4  Code  Gb  stm32l4xx_hal_rcc.o [1]
HAL_RCC_OscConfig        0x800'4e9d   0x69a  Code  Gb  stm32l4xx_hal_rcc.o [1]
HAL_RTC_Init             0x800'67d1    0xb4  Code  Gb  stm32l4xx_hal_rtc.o [1]
HAL_RTC_MspInit          0x800'475f    0x14  Code  Gb  rtc.o [1]
HAL_RTC_WaitForSynchro   0x800'6885    0x34  Code  Gb  stm32l4xx_hal_rtc.o [1]
HAL_SPI_Init             0x800'3611    0xf8  Code  Gb  stm32l4xx_hal_spi.o [1]
HAL_SPI_MspInit          0x800'431f    0xb0  Code  Gb  spi.o [1]
HAL_SPI_Receive          0x800'38fd   0x1b0  Code  Gb  stm32l4xx_hal_spi.o [1]
HAL_SPI_Transmit         0x800'3709   0x1f4  Code  Gb  stm32l4xx_hal_spi.o [1]
HAL_SPI_TransmitReceive
                         0x800'3aad   0x2ce  Code  Gb  stm32l4xx_hal_spi.o [1]
HAL_TIMEx_Break2Callback
                         0x800'a771     0x2  Code  Wk  stm32l4xx_hal_tim_ex.o [1]
HAL_TIMEx_BreakCallback
                         0x800'a76f     0x2  Code  Wk  stm32l4xx_hal_tim_ex.o [1]
HAL_TIMEx_CommutCallback
                         0x800'a775     0x2  Code  Wk  stm32l4xx_hal_tim_ex.o [1]
HAL_TIM_Base_Init        0x800'9311    0x7a  Code  Gb  stm32l4xx_hal_tim.o [1]
HAL_TIM_Base_Start_IT    0x800'938b    0x70  Code  Gb  stm32l4xx_hal_tim.o [1]
HAL_TIM_IRQHandler       0x800'9409   0x194  Code  Gb  stm32l4xx_hal_tim.o [1]
HAL_TIM_PeriodElapsedCallback
                         0x800'44f9    0x12  Code  Gb  main.o [1]
HAL_UARTEx_WakeupCallback
                         0x800'967d     0x2  Code  Wk  stm32l4xx_hal_uart_ex.o [1]
HAL_UART_IRQHandler      0x800'6ba7   0x1b0  Code  Gb  stm32l4xx_hal_uart.o [1]
HAL_UART_Init            0x800'696d    0x7a  Code  Gb  stm32l4xx_hal_uart.o [1]
HAL_UART_MspInit         0x800'4835   0x10e  Code  Gb  usart.o [1]
HAL_UART_Receive_IT      0x800'6ac1    0xe6  Code  Gb  stm32l4xx_hal_uart.o [1]
HAL_UART_Transmit        0x800'69e7    0xda  Code  Gb  stm32l4xx_hal_uart.o [1]
HSBuf                   0x2000'70e8   0xa80  Data  Lc  GT60L16M2K4.o [2]
HVGap                    0x800'451a     0x1  Data  Lc  GT60L16M2K4.o [2]
HardFault_Handler        0x800'c4df     0x2  Code  Gb  stm32l4xx_it.o [1]
HzOffset                0x2000'9440     0x4  Data  Lc  GT60L16M2K4.o [2]
Idle_Stack              0x2000'8bd0   0x200  Data  Lc  cmsis_os2.o [1]
Idle_TCB                0x2000'911c    0x5c  Data  Lc  cmsis_os2.o [1]
InputTexttoFlash         0x800'a3e3   0x1c8  Code  Gb  FontOpt.o [1]
InternalPixlateData      0x800'150b    0x38  Code  Lc  GT60L16M2K4.o [2]
KernelState             0x2000'93b8     0x4  Data  Lc  cmsis_os2.o [1]
L2BE24                   0x800'045d    0x30  Code  Lc  GT60L16M2K4.o [2]
LL_ADC_DisableDeepPowerDown
                         0x800'60bf     0xc  Code  Lc  stm32l4xx_hal_adc.o [1]
LL_ADC_EnableInternalRegulator
                         0x800'60d5    0x10  Code  Lc  stm32l4xx_hal_adc.o [1]
LL_ADC_GetCommonPathInternalCh
                         0x800'5fe1     0x8  Code  Lc  stm32l4xx_hal_adc.o [1]
LL_ADC_GetOffsetChannel
                         0x800'600d    0x12  Code  Lc  stm32l4xx_hal_adc.o [1]
LL_ADC_INJ_IsConversionOngoing
                         0x800'6101     0xa  Code  Lc  stm32l4xx_hal_adc.o [1]
LL_ADC_IsDeepPowerDownEnabled
                         0x800'60cb     0xa  Code  Lc  stm32l4xx_hal_adc.o [1]
LL_ADC_IsEnabled         0x800'60ef     0x8  Code  Lc  stm32l4xx_hal_adc.o [1]
LL_ADC_IsInternalRegulatorEnabled
                         0x800'60e5     0xa  Code  Lc  stm32l4xx_hal_adc.o [1]
LL_ADC_REG_IsConversionOngoing
                         0x800'60f7     0xa  Code  Lc  stm32l4xx_hal_adc.o [1]
LL_ADC_REG_SetSequencerRanks
                         0x800'6037    0x2e  Code  Lc  stm32l4xx_hal_adc.o [1]
LL_ADC_SetChannelSamplingTime
                         0x800'6065    0x34  Code  Lc  stm32l4xx_hal_adc.o [1]
LL_ADC_SetChannelSingleDiff
                         0x800'6099    0x26  Code  Lc  stm32l4xx_hal_adc.o [1]
LL_ADC_SetCommonClock    0x800'5fc9     0xc  Code  Lc  stm32l4xx_hal_adc.o [1]
LL_ADC_SetCommonPathInternalCh
                         0x800'5fd5     0xc  Code  Lc  stm32l4xx_hal_adc.o [1]
LL_ADC_SetOffset         0x800'5fe9    0x24  Code  Lc  stm32l4xx_hal_adc.o [1]
LL_ADC_SetOffsetState    0x800'601f    0x18  Code  Lc  stm32l4xx_hal_adc.o [1]
LoadFontAddr             0x800'0319   0x142  Code  Lc  GT60L16M2K4.o [2]
LoadInt                  0x800'a9ef    0x7a  Code  Lc  xprintffull.o [3]
MSIRangeTable            0x800'c6e4    0x30  Data  Gb  system_stm32l4xx.o [1]
MX_ADC1_Init             0x800'4639    0x8a  Code  Gb  adc.o [1]
MX_FREERTOS_Init         0x800'4dbd    0x24  Code  Gb  freertos.o [1]
MX_GPIO_Init             0x800'4541    0xf8  Code  Gb  gpio.o [1]
MX_RTC_Init              0x800'472d    0x32  Code  Gb  rtc.o [1]
MX_SPI1_Init             0x800'427d    0x50  Code  Gb  spi.o [1]
MX_SPI2_Init             0x800'42cd    0x52  Code  Gb  spi.o [1]
MX_USART1_UART_Init      0x800'4781    0x3c  Code  Gb  usart.o [1]
MX_USART2_UART_Init      0x800'47bd    0x3c  Code  Gb  usart.o [1]
MX_USART3_UART_Init      0x800'47f9    0x3c  Code  Gb  usart.o [1]
MaskBitmap               0x800'1589   0x322  Code  Lc  GT60L16M2K4.o [2]
MemManage_Handler        0x800'c4e1     0x2  Code  Gb  stm32l4xx_it.o [1]
NMI_Handler              0x800'c4dd     0x2  Code  Gb  stm32l4xx_it.o [1]
NVIC_EncodePriority      0x800'5e63    0x40  Code  Lc  stm32l4xx_hal_cortex.o [1]
Only_Pic_Display         0x800'89cf    0x3a  Code  Gb  dataconfig.o [1]
P_addr                  0x2000'9434     0x4  Data  Lc  GT60L16M2K4.o [2]
PatchBitmap              0x800'18ab    0xc8  Code  Lc  GT60L16M2K4.o [2]
PendSV_Handler           0x800'a77d          Code  Gb  portasm.o [1]
PicandTextflag          0x2000'945b     0x1  Data  Gb  dataconfig.o [1]
Picture_param_write      0x800'8a43   0x2b2  Code  Gb  dataconfig.o [1]
Picture_param_write::ecount
                        0x2000'9458     0x2  Data  Lc  dataconfig.o [1]
Picture_param_write::firstaddr
                        0x2000'93bc     0x4  Data  Lc  dataconfig.o [1]
Picture_param_write::nextaddr
                        0x2000'93c0     0x4  Data  Lc  dataconfig.o [1]
Pul_Cmd_Analyze          0x800'8d71    0x76  Code  Gb  dataconfig.o [1]
QueueBLEusartHandle     0x2000'93c8     0x4  Data  Gb  freertos.o [1]
QueueBLEusart_attributes
                         0x800'ca60    0x18  Data  Gb  freertos.o [1]
RCCEx_PLLSAI1_Config     0x800'5bb5   0x16e  Code  Lc  stm32l4xx_hal_rcc_ex.o [1]
RCC_SetFlashLatencyFromMSIRange
                         0x800'57d9    0x8a  Code  Lc  stm32l4xx_hal_rcc.o [1]
RTC_EnterInitMode        0x800'68b9    0x4c  Code  Gb  stm32l4xx_hal_rtc.o [1]
RTC_ExitInitMode         0x800'6905    0x58  Code  Gb  stm32l4xx_hal_rtc.o [1]
Region$$Table$$Base      0x800'c978           --   Gb  - Linker created -
Region$$Table$$Limit     0x800'c998           --   Gb  - Linker created -
Rev_DataAnalye           0x800'913d    0xc2  Code  Gb  dataconfig.o [1]
SPI_EndRxTransaction     0x800'3f31    0x86  Code  Lc  stm32l4xx_hal_spi.o [1]
SPI_EndRxTxTransaction   0x800'3fb7    0x6a  Code  Lc  stm32l4xx_hal_spi.o [1]
SPI_WaitFifoStateUntilTimeout
                         0x800'3e53    0xda  Code  Lc  stm32l4xx_hal_spi.o [1]
SPI_WaitFlagStateUntilTimeout
                         0x800'3d7b    0xd8  Code  Lc  stm32l4xx_hal_spi.o [1]
SVC_Handler              0x800'a7d5          Code  Gb  portasm.o [1]
SVC_Setup                0x800'4985     0x2  Code  Lc  cmsis_os2.o [1]
ScanColumn               0x800'0edd   0x62e  Code  Lc  GT60L16M2K4.o [2]
ScanDownLeft             0x800'0505    0x76  Code  Lc  GT60L16M2K4.o [2]
ScanDownLeft_V           0x800'0731    0x7a  Code  Lc  GT60L16M2K4.o [2]
ScanDownRight            0x800'048d    0x76  Code  Lc  GT60L16M2K4.o [2]
ScanDownRight_V          0x800'0695    0x9c  Code  Lc  GT60L16M2K4.o [2]
ScanLine                 0x800'08c1   0x5e4  Code  Lc  GT60L16M2K4.o [2]
ScanUpperLeft            0x800'057d    0x8c  Code  Lc  GT60L16M2K4.o [2]
ScanUpperLeft_V          0x800'07ab    0x7a  Code  Lc  GT60L16M2K4.o [2]
ScanUpperRight           0x800'0609    0x8c  Code  Lc  GT60L16M2K4.o [2]
ScanUpperRight_V         0x800'0825    0x9a  Code  Lc  GT60L16M2K4.o [2]
Swit_Rev_Vectype         0x800'8877    0x2c  Code  Gb  dataconfig.o [1]
SysTick_Handler          0x800'9d45    0x28  Code  Gb  port.o [1]
SystemClock_Config       0x800'4435    0xc4  Code  Gb  main.o [1]
SystemCoreClock         0x2000'0008     0x4  Data  Gb  system_stm32l4xx.o [1]
SystemInit               0x800'c3e5    0x42  Code  Gb  system_stm32l4xx.o [1]
TIM7_IRQHandler          0x800'c507     0xa  Code  Gb  stm32l4xx_it.o [1]
TIM_Base_SetConfig       0x800'959d    0x6e  Code  Gb  stm32l4xx_hal_tim.o [1]
TableSectorErase         0x800'a3c5    0x1e  Code  Gb  FontOpt.o [1]
Text_Pic_Display         0x800'8a09    0x3a  Code  Gb  dataconfig.o [1]
Text_param_count         0x800'8671   0x206  Code  Gb  dataconfig.o [1]
Text_param_write         0x800'8901    0xce  Code  Gb  dataconfig.o [1]
Timer_Stack             0x2000'7fc8   0x400  Data  Lc  cmsis_os2.o [1]
Timer_TCB               0x2000'9178    0x5c  Data  Lc  cmsis_os2.o [1]
UART_AdvFeatureConfig    0x800'7061    0xda  Code  Gb  stm32l4xx_hal_uart.o [1]
UART_CheckIdleState      0x800'713b    0x68  Code  Gb  stm32l4xx_hal_uart.o [1]
UART_DMAAbortOnError     0x800'7275    0x1a  Code  Lc  stm32l4xx_hal_uart.o [1]
UART_EndRxTransfer       0x800'7253    0x22  Code  Lc  stm32l4xx_hal_uart.o [1]
UART_EndTransmit_IT      0x800'7291    0x20  Code  Lc  stm32l4xx_hal_uart.o [1]
UART_RxISR_16BIT         0x800'731b    0x6c  Code  Lc  stm32l4xx_hal_uart.o [1]
UART_RxISR_8BIT          0x800'72b1    0x6a  Code  Lc  stm32l4xx_hal_uart.o [1]
UART_SetConfig           0x800'6d61   0x2de  Code  Gb  stm32l4xx_hal_uart.o [1]
UART_WaitOnFlagUntilTimeout
                         0x800'71a3    0xb0  Code  Gb  stm32l4xx_hal_uart.o [1]
USART2_IRQHandler        0x800'c4e9    0x1e  Code  Gb  stm32l4xx_it.o [1]
UsageFault_Handler       0x800'c4e5     0x2  Code  Gb  stm32l4xx_it.o [1]
VSBuf                   0x2000'8990   0x240  Data  Lc  GT60L16M2K4.o [2]
W25X_FLASH_PageWrite     0x800'a6d7    0x6e  Code  Gb  w25q128.o [1]
W25X_Read_data           0x800'a61b    0x16  Code  Gb  w25q128.o [1]
W25X_SectorErase         0x800'a667    0x70  Code  Gb  w25q128.o [1]
W25X_WaitForWriteEnd     0x800'a631    0x36  Code  Gb  w25q128.o [1]
W25X_Write_byte          0x800'a5f5    0x10  Code  Gb  w25q128.o [1]
W25X_Write_data          0x800'a605    0x16  Code  Gb  w25q128.o [1]
ZrOffset                0x2000'9444     0x4  Data  Lc  GT60L16M2K4.o [2]
_Encoding_8859_1_Mbrlen
                         0x800'4271     0x2  Code  Gb  xencoding_8859_1.o [3]
_Encoding_8859_1_Wctomb
                         0x800'425f    0x12  Code  Gb  xencoding_8859_1.o [3]
_GenldFull               0x800'b44d   0x274  Code  Lc  xprintffull.o [3]
_LdtobFull               0x800'b049   0x3d6  Code  Lc  xprintffull.o [3]
_LitobFull               0x800'aef9   0x10a  Code  Lc  xprintffull.o [3]
_Locale_lconv           0x2000'005c    0x38  Data  Lc  xlocale_c.o [3]
_PrintfFull              0x800'a82d   0x1aa  Code  Gb  xprintffull.o [3]
_Prout                   0x800'ca79    0x16  Code  Gb  xprout.o [3]
_PutcharsFull            0x800'b6c1    0x2e  Code  Lc  xprintffull.o [3]
_PutfldFull              0x800'aa69   0x2d4  Code  Lc  xprintffull.o [3]
_PutstrFull              0x800'ae33    0xc6  Code  Lc  xprintffull.o [3]
_PuttxtFull              0x800'ad3d    0xf6  Code  Lc  xprintffull.o [3]
__NVIC_EnableIRQ         0x800'5e19    0x1e  Code  Lc  stm32l4xx_hal_cortex.o [1]
__NVIC_GetPriorityGrouping
                         0x800'5e0b     0xc  Code  Lc  stm32l4xx_hal_cortex.o [1]
__NVIC_SetPriority       0x800'5e37    0x2c  Code  Lc  stm32l4xx_hal_cortex.o [1]
__NVIC_SetPriorityGrouping
                         0x800'5de9    0x22  Code  Lc  stm32l4xx_hal_cortex.o [1]
__aeabi_cdcmple          0x800'baf5          Code  Gb  DblCmpLe.o [4]
__aeabi_cdrcmple         0x800'bb25          Code  Gb  DblCmpGe.o [4]
__aeabi_d2iz             0x800'bc91          Code  Gb  DblToS32.o [4]
__aeabi_d2uiz            0x800'c01d          Code  Gb  DblToU32.o [4]
__aeabi_ddiv             0x800'bdd5          Code  Gb  DblDiv.o [4]
__aeabi_dmul             0x800'b8e1          Code  Gb  DblMul.o [4]
__aeabi_dsub             0x800'bcf1          Code  Gb  DblSub.o [4]
__aeabi_i2d              0x800'bccd          Code  Gb  S32ToDbl.o [4]
__aeabi_ldiv0            0x800'a779          Code  Gb  I64DivZer.o [5]
__aeabi_memclr4          0x800'35d1          Code  Gb  ABImemclr4.o [5]
__aeabi_memcpy           0x800'a2f5          Code  Gb  ABImemcpy.o [5]
__aeabi_memcpy4          0x800'a315          Code  Gb  ABImemcpy.o [5]
__aeabi_memcpy8          0x800'a315          Code  Gb  ABImemcpy.o [5]
__aeabi_memset           0x800'92a9          Code  Gb  ABImemset.o [5]
__aeabi_ui2d             0x800'c045          Code  Gb  U32ToDbl.o [4]
__aeabi_uldivmod         0x800'9681          Code  Gb  I64DivMod.o [5]
__cmain                  0x800'c9f9          Code  Gb  cmain.o [5]
__exit                   0x800'c1d1    0x14  Code  Gb  exit.o [6]
__iar_Fail_s             0x800'b805    0x1c  Code  Gb  xfail_s.o [3]
__iar_Mbcurmax           0x800'b8d5     0xa  Code  Gb  xmbcurmax.o [3]
__iar_Memchr             0x800'b87d          Code  Gb  memchr.o [5]
__iar_Memset             0x800'92a9          Code  Gb  ABImemset.o [5]
__iar_Memset4_word       0x800'422d          Code  Gb  ABImemset48.o [5]
__iar_Memset8_word       0x800'422d          Code  Gb  ABImemset48.o [5]
__iar_Memset_word        0x800'92b1          Code  Gb  ABImemset.o [5]
__iar_Stdout            0x2000'00dc    0x48  Data  Gb  xfiles.o [3]
__iar_Strchr             0x800'b7ed          Code  Gb  strchr.o [5]
__iar_dadd               0x800'bd01          Code  Gb  DblSub.o [4]
__iar_data_init3         0x800'c7e9    0x28  Code  Gb  data_init.o [5]
__iar_dsub               0x800'c065          Code  Gb  DblAdd.o [4]
__iar_dsubStart          0x800'c077          Code  Gb  DblAdd.o [4]
__iar_frexp              0x800'ba91          Code  Gb  frexp.o [4]
__iar_frexpl             0x800'ba91          Code  Gb  frexp.o [4]
__iar_globLocale        0x2000'0094    0x48  Data  Lc  xlocale_c.o [3]
__iar_global_Locale      0x800'b775     0x4  Code  Gb  xlocale_c.o [3]
__iar_init_vfp           0x800'c955          Code  Gb  fpinit_M.o [4]
__iar_ldexp64            0x800'bb55          Code  Gb  ldexp.o [4]
__iar_lz77_init_single3
                         0x800'3557    0x7a  Code  Gb  lz77_init_single.o [5]
__iar_program_start      0x800'cb09          Code  Gb  cstartup_M.o [5]
__iar_scalbln64          0x800'bb55          Code  Gb  ldexp.o [4]
__iar_scalbn64           0x800'bb55          Code  Gb  ldexp.o [4]
__iar_softfp___iar_frexp64
                         0x800'ba85          Code  Gb  frexp.o [4]
__iar_softfp_frexp       0x800'ba85          Code  Gb  frexp.o [4]
__iar_softfp_frexpl      0x800'ba85          Code  Gb  frexp.o [4]
__iar_zero_init3         0x800'35d7    0x3a  Code  Gb  zero_init3.o [5]
__low_level_init         0x800'ca17     0x4  Code  Gb  low_level_init.o [3]
__vector_table           0x800'0000          Data  Gb  startup_stm32l431xx.o [1]
_call_main               0x800'ca05          Code  Gb  cmain.o [5]
_exit                    0x800'ca21          Code  Gb  cexit.o [5]
_gLocale_mblen           0x800'b7d9     0x4  Code  Gb  xlocale_c.o [3]
_gLocale_mblenInt        0x800'b79d    0x2c  Code  Gb  xlocale_c.o [3]
_gLocale_wctomb          0x800'b7dd     0x4  Code  Gb  xlocale_c.o [3]
_gLocale_wctombInt       0x800'b7d5     0x4  Code  Gb  xlocale_c.o [3]
_main                    0x800'ca13          Code  Gb  cmain.o [5]
abort                    0x800'c05f     0x6  Code  Gb  abort.o [3]
arBit1                   0x800'c9d8    0x20  Data  Lc  GT60L16M2K4.o [2]
arMask                   0x800'c930    0x24  Data  Lc  GT60L16M2K4.o [2]
aucCRCHi                 0x800'c1e4   0x100  Data  Lc  mbcrc.o [1]
aucCRCLo                 0x800'c2e4   0x100  Data  Lc  mbcrc.o [1]
bending                  0x800'1df9    0x9a  Code  Lc  GT60L16M2K4.o [2]
chdata                  0x2000'0124     0x1  Data  Gb  blecomm.o [1]
codeToNo                 0x800'2e85     0x8  Code  Lc  GT60L16M2K4.o [2]
comPicFinishFlag        0x2000'945e     0x1  Data  Gb  dataconfig.o [1]
curvatureCal             0x800'1ee9   0x300  Code  Lc  GT60L16M2K4.o [2]
eTableDisplayType       0x2000'945d     0x1  Data  Gb  dataconfig.o [1]
eTextandPicFlag         0x2000'945a     0x1  Data  Gb  dataconfig.o [1]
eWaitPicSta             0x2000'0125     0x1  Data  Gb  dataconfig.o [1]
exit                     0x800'ca1b     0x4  Code  Gb  exit.o [3]
fillBuffer               0x800'1973    0x30  Code  Lc  GT60L16M2K4.o [2]
fputc                    0x800'4943    0x18  Code  Gb  usart.o [1]
getBLETaskHandle        0x2000'93c4     0x4  Data  Gb  freertos.o [1]
getBLETask_attributes    0x800'c90c    0x24  Data  Gb  freertos.o [1]
getBhDetailData          0x800'21e9   0xa26  Code  Lc  GT60L16M2K4.o [2]
get_font                 0x800'32ed   0x15e  Code  Gb  GT60L16M2K4.o [2]
gt                       0x800'018d   0x140  Code  Gb  GT60L16M2K4.o [2]
hadc1                   0x2000'8ff0    0x64  Data  Gb  adc.o [1]
hrtc                    0x2000'9300    0x24  Data  Gb  rtc.o [1]
hspi1                   0x2000'9054    0x64  Data  Gb  spi.o [1]
hspi2                   0x2000'90b8    0x64  Data  Gb  spi.o [1]
htim7                   0x2000'9274    0x4c  Data  Gb  stm32l4xx_hal_timebase_tim.o [1]
huart1                  0x2000'8e70    0x80  Data  Gb  usart.o [1]
huart2                  0x2000'8ef0    0x80  Data  Gb  usart.o [1]
huart3                  0x2000'8f70    0x80  Data  Gb  usart.o [1]
ldexp                    0x800'bb55          Code  Gb  ldexp.o [4]
ldexpl                   0x800'bb55          Code  Gb  ldexp.o [4]
linear                   0x800'1e9d    0x32  Code  Lc  GT60L16M2K4.o [2]
localeconv               0x800'b7e1     0x4  Code  Gb  xlocale_c.o [3]
main                     0x800'43fd    0x38  Code  Gb  main.o [1]
memchr                   0x800'b87d          Code  Gb  memchr.o [5]
nLSize                   0x800'451b     0x1  Data  Lc  GT60L16M2K4.o [2]
nextaddrcount           0x2000'945c     0x1  Data  Gb  dataconfig.o [1]
obuf                    0x2000'9224    0x50  Data  Lc  xfiles.o [3]
osDelay                  0x800'4b0f    0x3c  Code  Gb  cmsis_os2.o [1]
osKernelInitialize       0x800'4987    0x40  Code  Gb  cmsis_os2.o [1]
osKernelStart            0x800'49c7    0x4a  Code  Gb  cmsis_os2.o [1]
osMessageQueueGet        0x800'4cd7    0xae  Code  Gb  cmsis_os2.o [1]
osMessageQueueNew        0x800'4b55    0xd0  Code  Gb  cmsis_os2.o [1]
osMessageQueuePut        0x800'4c25    0xb2  Code  Gb  cmsis_os2.o [1]
osThreadNew              0x800'4a11    0xfe  Code  Gb  cmsis_os2.o [1]
pBits                   0x2000'5ee8  0x1200  Data  Gb  freertos.o [1]
pHScan                  0x2000'944c     0x4  Data  Lc  GT60L16M2K4.o [2]
pScanVoidFunction       0x2000'002c    0x14  Data  Lc  GT60L16M2K4.o [2]
pScanVoidFunction_V     0x2000'0040    0x14  Data  Lc  GT60L16M2K4.o [2]
pVScan                  0x2000'9450     0x4  Data  Lc  GT60L16M2K4.o [2]
pcInterruptPriorityRegisters
                         0x800'cb48     0x4  Data  Lc  port.o [1]
pos_x                   0x2000'83c8   0x2e4  Data  Lc  GT60L16M2K4.o [2]
pos_y                   0x2000'86ac   0x2e4  Data  Lc  GT60L16M2K4.o [2]
ppx                     0x2000'0054     0x4  Data  Lc  GT60L16M2K4.o [2]
ppy                     0x2000'0058     0x4  Data  Lc  GT60L16M2K4.o [2]
printf                   0x800'a39d    0x28  Code  Gb  printf.o [3]
prvAddCurrentTaskToDelayedList
                         0x800'7d55    0x6c  Code  Lc  tasks.o [1]
prvAddNewTaskToReadyList
                         0x800'7587    0x9e  Code  Lc  tasks.o [1]
prvCheckForValidListAndQueue
                         0x800'a279    0x4c  Code  Lc  timers.o [1]
prvCheckForValidListAndQueue{1}{2}{3}{4}::ucStaticTimerQueueStorage
                        0x2000'8dd0    0xa0  Data  Lc  timers.o [1]
prvCheckForValidListAndQueue{1}{2}{3}{4}::xStaticTimerQueue
                        0x2000'91d4    0x50  Data  Lc  timers.o [1]
prvCheckTasksWaitingTermination
                         0x800'7bcf    0x3e  Code  Lc  tasks.o [1]
prvCopyDataFromQueue     0x800'851d    0x36  Code  Lc  queue.o [1]
prvCopyDataToQueue       0x800'8481    0x9c  Code  Lc  queue.o [1]
prvDeleteTCB             0x800'7c11    0x44  Code  Lc  tasks.o [1]
prvGetNextExpireTime     0x800'a00b    0x28  Code  Lc  timers.o [1]
prvHeapInit              0x800'9a49    0x62  Code  Lc  heap_4.o [1]
prvIdleTask              0x800'7b55    0x24  Code  Lc  tasks.o [1]
prvInitialiseNewQueue    0x800'7fa7    0x36  Code  Lc  queue.o [1]
prvInitialiseNewTask     0x800'74a1    0xe6  Code  Lc  tasks.o [1]
prvInitialiseTaskLists   0x800'7b79    0x56  Code  Lc  tasks.o [1]
prvInsertBlockIntoFreeList
                         0x800'9aab    0x5e  Code  Lc  heap_4.o [1]
prvInsertTimerInActiveList
                         0x800'a05b    0x52  Code  Lc  timers.o [1]
prvIsQueueEmpty          0x800'85c1    0x1c  Code  Lc  queue.o [1]
prvIsQueueFull           0x800'85dd    0x1e  Code  Lc  queue.o [1]
prvProcessExpiredTimer   0x800'9f0f    0x6c  Code  Lc  timers.o [1]
prvProcessReceivedCommands
                         0x800'a0ad   0x13e  Code  Lc  timers.o [1]
prvProcessTimerOrBlockTask
                         0x800'9f97    0x74  Code  Lc  timers.o [1]
prvResetNextTaskUnblockTime
                         0x800'7c55    0x26  Code  Lc  tasks.o [1]
prvSampleTimeNow         0x800'a033    0x28  Code  Lc  timers.o [1]
prvSampleTimeNow::xLastTime
                        0x2000'9430     0x4  Data  Lc  timers.o [1]
prvSwitchTimerLists      0x800'a1eb    0x8e  Code  Lc  timers.o [1]
prvTaskExitError         0x800'9bed    0x2a  Code  Lc  port.o [1]
prvTimerTask             0x800'9f7d    0x1a  Code  Lc  timers.o [1]
prvUnlockQueue           0x800'8553    0x6e  Code  Lc  queue.o [1]
putchar                  0x800'ca91     0xc  Code  Gb  putchar.o [3]
pvPortMalloc             0x800'98b5   0x120  Code  Gb  heap_4.o [1]
pxCurrentTCB            0x2000'93e4     0x4  Data  Gb  tasks.o [1]
pxCurrentTimerList      0x2000'9420     0x4  Data  Lc  timers.o [1]
pxDelayedTaskList       0x2000'93e8     0x4  Data  Lc  tasks.o [1]
pxEnd                   0x2000'93cc     0x4  Data  Lc  heap_4.o [1]
pxOverflowDelayedTaskList
                        0x2000'93ec     0x4  Data  Lc  tasks.o [1]
pxOverflowTimerList     0x2000'9424     0x4  Data  Lc  timers.o [1]
pxPortInitialiseStack    0x800'9bc5    0x28  Code  Gb  port.o [1]
pxReadyTasksLists       0x2000'7b68   0x460  Data  Lc  tasks.o [1]
r_dat_bat                0x800'34f1    0x66  Code  Gb  GT60M2.o [1]
readhz                   0x800'02cd    0x36  Code  Gb  GT60L16M2K4.o [2]
scalbln                  0x800'bb55          Code  Gb  ldexp.o [4]
scalblnl                 0x800'bb55          Code  Gb  ldexp.o [4]
scalbn                   0x800'bb55          Code  Gb  ldexp.o [4]
scalbnl                  0x800'bb55          Code  Gb  ldexp.o [4]
scale                    0x800'b003    0x46  Code  Lc  xprintffull.o [3]
sec_hand                0x2000'9454     0x4  Data  Lc  xfail_s.o [3]
selectAddr               0x800'3207    0xe6  Code  Lc  GT60L16M2K4.o [2]
strchr                   0x800'b7ed          Code  Gb  strchr.o [5]
strlen                   0x800'b845          Code  Gb  strlen.o [5]
ucHeap                  0x2000'0128  0x5dc0  Data  Lc  heap_4.o [1]
ucMaxSysCallPriority    0x2000'945f     0x1  Data  Lc  port.o [1]
ulMaxPRIGROUPValue      0x2000'93dc     0x4  Data  Lc  port.o [1]
usMBCRC16                0x800'a5b1    0x44  Code  Gb  mbcrc.o [1]
uwTick                  0x2000'93e0     0x4  Data  Gb  stm32l4xx_hal.o [1]
uwTickFreq              0x2000'0126     0x1  Data  Gb  stm32l4xx_hal.o [1]
uwTickPrio              0x2000'0004     0x4  Data  Gb  stm32l4xx_hal.o [1]
uxCriticalNesting       0x2000'0000     0x4  Data  Lc  port.o [1]
uxCurrentNumberOfTasks  0x2000'93f4     0x4  Data  Lc  tasks.o [1]
uxDeletedTasksWaitingCleanUp
                        0x2000'93f0     0x4  Data  Lc  tasks.o [1]
uxListRemove             0x800'9b9b    0x28  Code  Gb  list.o [1]
uxPendedTicks           0x2000'9404     0x4  Data  Lc  tasks.o [1]
uxSchedulerSuspended    0x2000'941c     0x4  Data  Lc  tasks.o [1]
uxTaskNumber            0x2000'9410     0x4  Data  Lc  tasks.o [1]
uxTopReadyPriority      0x2000'93fc     0x4  Data  Lc  tasks.o [1]
vApplicationGetIdleTaskMemory
                         0x800'4d85     0xe  Code  Gb  cmsis_os2.o [1]
vApplicationGetTimerTaskMemory
                         0x800'4d93    0x10  Code  Gb  cmsis_os2.o [1]
vListInitialise          0x800'9b29    0x1e  Code  Gb  list.o [1]
vListInitialiseItem      0x800'9b47     0x6  Code  Gb  list.o [1]
vListInsert              0x800'9b65    0x36  Code  Gb  list.o [1]
vListInsertEnd           0x800'9b4d    0x18  Code  Gb  list.o [1]
vPortEnableVFP           0x800'a811          Code  Gb  portasm.o [1]
vPortEnterCritical       0x800'9ce5    0x34  Code  Gb  port.o [1]
vPortExitCritical        0x800'9d19    0x2c  Code  Gb  port.o [1]
vPortFree                0x800'99d5    0x74  Code  Gb  heap_4.o [1]
vPortStartFirstTask      0x800'a7f1          Code  Gb  portasm.o [1]
vPortValidateInterruptPriority
                         0x800'9d6d    0x4e  Code  Gb  port.o [1]
vQueueAddToRegistry      0x800'85fb    0x26  Code  Gb  queue.o [1]
vQueueWaitForMessageRestricted
                         0x800'8625    0x4c  Code  Gb  queue.o [1]
vTaskDelay               0x800'7625    0x4e  Code  Gb  tasks.o [1]
vTaskInternalSetTimeOutState
                         0x800'7a9d    0x12  Code  Gb  tasks.o [1]
vTaskMissedYield         0x800'7b43     0xa  Code  Gb  tasks.o [1]
vTaskPlaceOnEventList    0x800'7983    0x34  Code  Gb  tasks.o [1]
vTaskPlaceOnEventListRestricted
                         0x800'79c9    0x40  Code  Gb  tasks.o [1]
vTaskStartScheduler      0x800'7673    0x9a  Code  Gb  tasks.o [1]
vTaskSuspendAll          0x800'770d     0xc  Code  Gb  tasks.o [1]
vTaskSwitchContext       0x800'7911    0x72  Code  Gb  tasks.o [1]
vec_info_st             0x2000'000c    0x20  Data  Lc  GT60L16M2K4.o [2]
xActiveTimerList1       0x2000'9388    0x14  Data  Lc  timers.o [1]
xActiveTimerList2       0x2000'939c    0x14  Data  Lc  timers.o [1]
xBlockAllocatedBit      0x2000'93d8     0x4  Data  Lc  heap_4.o [1]
xDelayedTaskList1       0x2000'9324    0x14  Data  Lc  tasks.o [1]
xDelayedTaskList2       0x2000'9338    0x14  Data  Lc  tasks.o [1]
xEnd                    0x2000'9462     0x1  Data  Lc  GT60L16M2K4.o [2]
xFreeBytesRemaining     0x2000'93d0     0x4  Data  Lc  heap_4.o [1]
xHeapStructSize          0x800'cb44     0x4  Data  Lc  heap_4.o [1]
xIdleTaskHandle         0x2000'9418     0x4  Data  Lc  tasks.o [1]
xMinimumEverFreeBytesRemaining
                        0x2000'93d4     0x4  Data  Lc  heap_4.o [1]
xNextTaskUnblockTime    0x2000'9414     0x4  Data  Lc  tasks.o [1]
xNumOfOverflows         0x2000'940c     0x4  Data  Lc  tasks.o [1]
xPendingReadyList       0x2000'934c    0x14  Data  Lc  tasks.o [1]
xPortStartScheduler      0x800'9c17    0xce  Code  Gb  port.o [1]
xQueueGenericCreate      0x800'7f4b    0x5c  Code  Gb  queue.o [1]
xQueueGenericCreateStatic
                         0x800'7e89    0xc2  Code  Gb  queue.o [1]
xQueueGenericReset       0x800'7df5    0x94  Code  Gb  queue.o [1]
xQueueGenericSend        0x800'7fdd   0x1a6  Code  Gb  queue.o [1]
xQueueGenericSendFromISR
                         0x800'8183    0xe0  Code  Gb  queue.o [1]
xQueueReceive            0x800'8263   0x16a  Code  Gb  queue.o [1]
xQueueReceiveFromISR     0x800'83d1    0xb0  Code  Gb  queue.o [1]
xQueueRegistry          0x2000'92c0    0x40  Data  Gb  queue.o [1]
xSchedulerRunning       0x2000'9400     0x4  Data  Lc  tasks.o [1]
xStart                  0x2000'93b0     0x8  Data  Lc  heap_4.o [1]
xStart                  0x2000'9460     0x1  Data  Lc  GT60L16M2K4.o [2]
xSuspendedTaskList      0x2000'9374    0x14  Data  Lc  tasks.o [1]
xTaskCheckForTimeOut     0x800'7ab5    0x8e  Code  Gb  tasks.o [1]
xTaskCreate              0x800'7427    0x7a  Code  Gb  tasks.o [1]
xTaskCreateStatic        0x800'7389    0x9e  Code  Gb  tasks.o [1]
xTaskGetSchedulerState   0x800'7c7b    0x20  Code  Gb  tasks.o [1]
xTaskGetTickCount        0x800'77ff     0x8  Code  Gb  tasks.o [1]
xTaskIncrementTick       0x800'7807   0x10a  Code  Gb  tasks.o [1]
xTaskPriorityDisinherit
                         0x800'7c9b    0x8e  Code  Gb  tasks.o [1]
xTaskRemoveFromEventList
                         0x800'7a11    0x82  Code  Gb  tasks.o [1]
xTaskResumeAll           0x800'7719    0xe6  Code  Gb  tasks.o [1]
xTasksWaitingTermination
                        0x2000'9360    0x14  Data  Lc  tasks.o [1]
xTickCount              0x2000'93f8     0x4  Data  Lc  tasks.o [1]
xTimerCreateTimerTask    0x800'9e21    0x6c  Code  Gb  timers.o [1]
xTimerGenericCommand     0x800'9e8d    0x82  Code  Gb  timers.o [1]
xTimerQueue             0x2000'9428     0x4  Data  Lc  timers.o [1]
xTimerTaskHandle        0x2000'942c     0x4  Data  Lc  timers.o [1]
xYieldPending           0x2000'9408     0x4  Data  Lc  tasks.o [1]
yEnd                    0x2000'9463     0x1  Data  Lc  GT60L16M2K4.o [2]
yStart                  0x2000'9461     0x1  Data  Lc  GT60L16M2K4.o [2]


[1] = G:\test\testtable\Elink_table\EWARM\eTable\Obj
[2] = GT60L16M2K4_STM32L431CC_iar832_1629.a
[3] = dl7M_tlf.a
[4] = m7M_tls.a
[5] = rt7M_tl.a
[6] = shb_l.a

  50 230 bytes of readonly  code memory
   2 199 bytes of readonly  data memory
  39 011 bytes of readwrite data memory

Errors: none
Warnings: none
